Archive member included to satisfy reference by file (symbol)

app/libapp.a(main.c.obj)      (--whole-archive)
app/libapp.a(sysram.c.obj)    (--whole-archive)
zephyr/libzephyr.a(validate_libc.c.obj)
                              (--whole-archive)
zephyr/libzephyr.a(heap.c.obj)
                              (--whole-archive)
zephyr/libzephyr.a(boot_banner.c.obj)
                              (--whole-archive)
zephyr/libzephyr.a(cbprintf_packaged.c.obj)
                              (--whole-archive)
zephyr/libzephyr.a(clock.c.obj)
                              (--whole-archive)
zephyr/libzephyr.a(printk.c.obj)
                              (--whole-archive)
zephyr/libzephyr.a(cbprintf_complete.c.obj)
                              (--whole-archive)
zephyr/libzephyr.a(assert.c.obj)
                              (--whole-archive)
zephyr/libzephyr.a(reboot.c.obj)
                              (--whole-archive)
zephyr/libzephyr.a(dec.c.obj)
                              (--whole-archive)
zephyr/libzephyr.a(hex.c.obj)
                              (--whole-archive)
zephyr/libzephyr.a(rb.c.obj)  (--whole-archive)
zephyr/libzephyr.a(set.c.obj)
                              (--whole-archive)
zephyr/libzephyr.a(timeutil.c.obj)
                              (--whole-archive)
zephyr/libzephyr.a(bitarray.c.obj)
                              (--whole-archive)
zephyr/libzephyr.a(bitmask.c.obj)
                              (--whole-archive)
zephyr/libzephyr.a(getopt.c.obj)
                              (--whole-archive)
zephyr/libzephyr.a(getopt_common.c.obj)
                              (--whole-archive)
zephyr/libzephyr.a(ring_buffer.c.obj)
                              (--whole-archive)
zephyr/libzephyr.a(last_section_id.c.obj)
                              (--whole-archive)
zephyr/libzephyr.a(configs.c.obj)
                              (--whole-archive)
zephyr/libzephyr.a(stm32cube_hal.c.obj)
                              (--whole-archive)
zephyr/libzephyr.a(soc_config.c.obj)
                              (--whole-archive)
zephyr/libzephyr.a(gpioport_mgr.c.obj)
                              (--whole-archive)
zephyr/libzephyr.a(stm32_cache.c.obj)
                              (--whole-archive)
zephyr/libzephyr.a(stm32_backup_domain.c.obj)
                              (--whole-archive)
zephyr/libzephyr.a(soc.c.obj)
                              (--whole-archive)
zephyr/libzephyr.a(tracing_none.c.obj)
                              (--whole-archive)
zephyr/libzephyr.a(sem.c.obj)
                              (--whole-archive)
zephyr/libzephyr.a(thread_entry.c.obj)
                              (--whole-archive)
zephyr/arch/common/libarch__common.a(sw_isr_common.c.obj)
                              (--whole-archive)
zephyr/arch/common/libarch__common.a(init.c.obj)
                              (--whole-archive)
zephyr/arch/common/libarch__common.a(xip.c.obj)
                              (--whole-archive)
zephyr/arch/arch/arm/core/libarch__arm__core.a(fatal.c.obj)
                              (--whole-archive)
zephyr/arch/arch/arm/core/libarch__arm__core.a(nmi.c.obj)
                              (--whole-archive)
zephyr/arch/arch/arm/core/libarch__arm__core.a(nmi_on_reset.S.obj)
                              (--whole-archive)
zephyr/arch/arch/arm/core/libarch__arm__core.a(tls.c.obj)
                              (--whole-archive)
zephyr/arch/arch/arm/core/mmu/libarch__arm__core__mmu.a(arm_mmu.c.obj)
                              (--whole-archive)
zephyr/arch/arch/arm/core/cortex_a_r/libarch__arm__core__cortex_a_r.a(exc.S.obj)
                              (--whole-archive)
zephyr/arch/arch/arm/core/cortex_a_r/libarch__arm__core__cortex_a_r.a(fault.c.obj)
                              (--whole-archive)
zephyr/arch/arch/arm/core/cortex_a_r/libarch__arm__core__cortex_a_r.a(irq_init.c.obj)
                              (--whole-archive)
zephyr/arch/arch/arm/core/cortex_a_r/libarch__arm__core__cortex_a_r.a(reboot.c.obj)
                              (--whole-archive)
zephyr/arch/arch/arm/core/cortex_a_r/libarch__arm__core__cortex_a_r.a(reset.S.obj)
                              (--whole-archive)
zephyr/arch/arch/arm/core/cortex_a_r/libarch__arm__core__cortex_a_r.a(stacks.c.obj)
                              (--whole-archive)
zephyr/arch/arch/arm/core/cortex_a_r/libarch__arm__core__cortex_a_r.a(tcm.c.obj)
                              (--whole-archive)
zephyr/arch/arch/arm/core/cortex_a_r/libarch__arm__core__cortex_a_r.a(vector_table.S.obj)
                              (--whole-archive)
zephyr/arch/arch/arm/core/cortex_a_r/libarch__arm__core__cortex_a_r.a(irq_manage.c.obj)
                              (--whole-archive)
zephyr/arch/arch/arm/core/cortex_a_r/libarch__arm__core__cortex_a_r.a(prep_c.c.obj)
                              (--whole-archive)
zephyr/arch/arch/arm/core/cortex_a_r/libarch__arm__core__cortex_a_r.a(thread.c.obj)
                              (--whole-archive)
[...]
Memory Configuration

Name             Origin             Length             Attributes
FLASH            0xc0000000         0x10000000         xr
RAM              0xd0000000         0x10000000         xw
SYSRAM           0x2ffe0000         0x0001c000         rw
DDR_CODE         0xc0000000         0x10000000         rw
DDR_DATA         0xd0000000         0x10000000         rw
ETH_SRAM         0x2fffc000         0x00004000         rw
IDT_LIST         0xffff8000         0x00008000         xw
*default*        0x00000000         0xffffffff

Linker script and memory map

                0xc00066e0                        vfprintf = __l_vfprintf
                0x00000000                        vfscanf = __l_vfscanf
LOAD zephyr/CMakeFiles/zephyr_pre0.dir/misc/empty_file.c.obj
LOAD zephyr/CMakeFiles/offsets.dir/./arch/arm/core/offsets/offsets.c.obj
LOAD app/libapp.a
LOAD zephyr/libzephyr.a
LOAD zephyr/arch/common/libarch__common.a
LOAD zephyr/arch/arch/arm/core/libarch__arm__core.a
LOAD zephyr/arch/arch/arm/core/mmu/libarch__arm__core__mmu.a
LOAD zephyr/arch/arch/arm/core/cortex_a_r/libarch__arm__core__cortex_a_r.a
LOAD zephyr/lib/libc/picolibc/liblib__libc__picolibc.a
LOAD zephyr/lib/libc/common/liblib__libc__common.a
LOAD zephyr/subsys/portability/posix/c_lib_ext/libsubsys__portability__posix__c_lib_ext.a
LOAD zephyr/drivers/interrupt_controller/libdrivers__interrupt_controller.a
LOAD zephyr/drivers/clock_control/libdrivers__clock_control.a
LOAD zephyr/drivers/console/libdrivers__console.a
LOAD zephyr/drivers/pinctrl/libdrivers__pinctrl.a
LOAD zephyr/drivers/reset/libdrivers__reset.a
LOAD zephyr/drivers/serial/libdrivers__serial.a
LOAD zephyr/drivers/timer/libdrivers__timer.a
LOAD modules/hal_stm32/stm32cube/lib..__modules__hal__stm32__stm32cube.a
LOAD zephyr/kernel/libkernel.a
LOAD zephyr/arch/common/libisr_tables.a
LOAD /local/home/achraftm/zephyr-sdk-1.0.1/gnu/arm-zephyr-eabi/bin/../lib/gcc/arm-zephyr-eabi/14.3.0/../../../../arm-zephyr-eabi/lib/thumb/v7/nofp/space/libc.a
LOAD /local/home/achraftm/zephyr-sdk-1.0.1/gnu/arm-zephyr-eabi/bin/../lib/gcc/arm-zephyr-eabi/14.3.0/thumb/v7/nofp/space/libgcc.a
                0x00001000                        _region_min_align = 0x1000

.rel.plt        0xc0000000        0x0
 *(SORT_BY_ALIGNMENT(.rel.plt))
                [!provide]                        PROVIDE (__rel_iplt_start = .)
 *(SORT_BY_ALIGNMENT(.rel.iplt))
 .rel.iplt      0xc0000000        0x0 app/libapp.a(main.c.obj)
                [!provide]                        PROVIDE (__rel_iplt_end = .)

.rela.plt       0x00000000        0x0
 *(SORT_BY_ALIGNMENT(.rela.plt))
                [!provide]                        PROVIDE (__rela_iplt_start = .)
 *(SORT_BY_ALIGNMENT(.rela.iplt))
                [!provide]                        PROVIDE (__rela_iplt_end = .)

.rel.dyn
 *(SORT_BY_ALIGNMENT(.rel.*))

.rela.dyn
 *(SORT_BY_ALIGNMENT(.rela.*))

.plt
 *(SORT_BY_ALIGNMENT(.plt))

.iplt           0xc0000000        0x0
 *(SORT_BY_ALIGNMENT(.iplt))
 .iplt          0xc0000000        0x0 app/libapp.a(main.c.obj)
                0xc0000000                        __rom_region_start = 0xc0000000

rom_start       0xc0000000       0x3c
                0xc0000000                        __rom_start_address = .
 FILL mask 0x00
                0xc0000000                        . = (. + (0x0 - (. - __rom_start_address)))
                0xc0000000                        . = ALIGN (0x4)
                0xc0000000                        _vector_start = .
 *(SORT_BY_ALIGNMENT(.exc_vector_table))
 *(SORT_BY_ALIGNMENT(.exc_vector_table.*))
 .exc_vector_table._vector_table_section
                0xc0000000       0x3c zephyr/arch/arch/arm/core/cortex_a_r/libarch__arm__core__cortex_a_r.a(vector_table.S.obj)
                0xc0000000                _vector_table
 *(SORT_BY_ALIGNMENT(.vectors))
                0xc000003c                        _vector_end = .

text            0xc0000040     0x6fc0
                0xc0001000                        . = ALIGN (_region_min_align)
 *fill*         0xc0000040      0xfc0 
                0xc0001000                        __text_region_start = .
 *(SORT_BY_ALIGNMENT(.text))
 .text          0xc0001000      0x21c /local/home/achraftm/zephyr-sdk-1.0.1/gnu/arm-zephyr-eabi/bin/../lib/gcc/arm-zephyr-eabi/14.3.0/thumb/v7/nofp/space/libgcc.a(_arm_addsubsf3.o)
                0xc0001000                __aeabi_frsub
                0xc0001008                __subsf3
                0xc0001008                __aeabi_fsub
                0xc000100c                __aeabi_fadd
                0xc000100c                __addsf3
                0xc000116c                __aeabi_ui2f
                0xc000116c                __floatunsisf
                0xc0001174                __aeabi_i2f
                0xc0001174                __floatsisf
                0xc0001190                __floatundisf
                0xc0001190                __aeabi_ul2f
                0xc00011a0                __floatdisf
                0xc00011a0                __aeabi_l2f
 .text          0xc000121c      0x2a0 /local/home/achraftm/zephyr-sdk-1.0.1/gnu/arm-zephyr-eabi/bin/../lib/gcc/arm-zephyr-eabi/14.3.0/thumb/v7/nofp/space/libgcc.a(_arm_muldivsf3.o)
                0xc000121c                __mulsf3
                0xc000121c                __aeabi_fmul
                0xc0001384                __divsf3
                0xc0001384                __aeabi_fdiv
 .text          0xc00014bc       0x40 /local/home/achraftm/zephyr-sdk-1.0.1/gnu/arm-zephyr-eabi/bin/../lib/gcc/arm-zephyr-eabi/14.3.0/thumb/v7/nofp/space/libgcc.a(_arm_fixunssfsi.o)
                0xc00014bc                __aeabi_f2uiz
                0xc00014bc                __fixunssfsi
 .text          0xc00014fc       0x30 /local/home/achraftm/zephyr-sdk-1.0.1/gnu/arm-zephyr-eabi/bin/../lib/gcc/arm-zephyr-eabi/14.3.0/thumb/v7/nofp/space/libgcc.a(_aeabi_uldivmod.o)
                0xc00014fc                __aeabi_uldivmod
 .text          0xc000152c        0x4 /local/home/achraftm/zephyr-sdk-1.0.1/gnu/arm-zephyr-eabi/bin/../lib/gcc/arm-zephyr-eabi/14.3.0/thumb/v7/nofp/space/libgcc.a(_dvmd_tls.o)
                0xc000152c                __aeabi_ldiv0
                0xc000152c                __aeabi_idiv0
 .text          0xc0001530       0xf8 /local/home/achraftm/zephyr-sdk-1.0.1/gnu/arm-zephyr-eabi/bin/../lib/gcc/arm-zephyr-eabi/14.3.0/thumb/v7/nofp/space/libgcc.a(_udivmoddi4.o)
                0xc0001530                __udivmoddi4
 *(SORT_BY_ALIGNMENT(.text.*))
 .text._OffsetAbsSyms
                0xc0001628        0x4 zephyr/CMakeFiles/offsets.dir/./arch/arm/core/offsets/offsets.c.obj
                0xc0001628                _OffsetAbsSyms
 .text.main     0xc000162c      0x1d4 app/libapp.a(main.c.obj)
                0xc000162c                main
 .text.sysram_init
                0xc0001800       0x7c app/libapp.a(sysram.c.obj)
                0xc0001800                sysram_init
 .text.sysram_get_result
                0xc000187c        0xc app/libapp.a(sysram.c.obj)
                0xc000187c                sysram_get_result
 .text.sysram_get_stub_addr
                0xc0001888       0x10 app/libapp.a(sysram.c.obj)
                0xc0001888                sysram_get_stub_addr
 .text.sysram_get_result_addr
                0xc0001898        0xc app/libapp.a(sysram.c.obj)
                0xc0001898                sysram_get_result_addr
 .text.sysram_get_stack_addr
                0xc00018a4        0xc app/libapp.a(sysram.c.obj)
                0xc00018a4                sysram_get_stack_addr
 .text.sysram_get_text_size
                0xc00018b0       0x18 app/libapp.a(sysram.c.obj)
                0xc00018b0                sysram_get_text_size
 .text.chunk_field
                0xc00018c8       0x1c zephyr/libzephyr.a(heap.c.obj)
 .text.chunk_set
                0xc00018e4       0x1c zephyr/libzephyr.a(heap.c.obj)
 .text.chunk_size
                0xc0001900       0x14 zephyr/libzephyr.a(heap.c.obj)
 .text.set_chunk_used
                0xc0001914       0x40 zephyr/libzephyr.a(heap.c.obj)
 .text.set_chunk_size
                0xc0001954        0xc zephyr/libzephyr.a(heap.c.obj)
 .text.undersized_chunk
                0xc0001960       0x2c zephyr/libzephyr.a(heap.c.obj)
 .text.bucket_idx
                0xc000198c       0x18 zephyr/libzephyr.a(heap.c.obj)
 .text.free_list_add
                0xc00019a4       0xd8 zephyr/libzephyr.a(heap.c.obj)
 .text.sys_heap_init
                0xc0001a7c       0xfc zephyr/libzephyr.a(heap.c.obj)
                0xc0001a7c                sys_heap_init
 .text.boot_banner
                0xc0001b78       0x18 zephyr/libzephyr.a(boot_banner.c.obj)
 .text.arch_printk_char_out
                0xc0001b90        0x8 zephyr/libzephyr.a(printk.c.obj)
                0xc0001b90                arch_printk_char_out
 .text.char_out
                0xc0001b98       0x10 zephyr/libzephyr.a(printk.c.obj)
 .text.__printk_hook_install
                0xc0001ba8       0x10 zephyr/libzephyr.a(printk.c.obj)
                0xc0001ba8                __printk_hook_install
 .text.vprintk  0xc0001bb8       0x4c zephyr/libzephyr.a(printk.c.obj)
                0xc0001bb8                vprintk
 .text.printk   0xc0001c04       0x28 zephyr/libzephyr.a(printk.c.obj)
                0xc0001c04                printk
 .text._ConfigAbsSyms
                0xc0001c2c        0x4 zephyr/libzephyr.a(configs.c.obj)
                0xc0001c2c                _ConfigAbsSyms
 .text.st_stm32_common_config
                0xc0001c30       0x1c zephyr/libzephyr.a(soc_config.c.obj)
 .text.dummy_gpio_pin_configure
                0xc0001c4c        0x8 zephyr/libzephyr.a(gpioport_mgr.c.obj)
 .text.dummy_gpio_port_get_raw
                0xc0001c54        0x8 zephyr/libzephyr.a(gpioport_mgr.c.obj)
 .text.dummy_gpio_port_set_masked_raw
                0xc0001c5c        0x8 zephyr/libzephyr.a(gpioport_mgr.c.obj)
 .text.dummy_gpio_port_set_bits_raw
                0xc0001c64        0x8 zephyr/libzephyr.a(gpioport_mgr.c.obj)
 .text.dummy_gpio_port_toggle_bits
                0xc0001c6c        0x8 zephyr/libzephyr.a(gpioport_mgr.c.obj)
 .text.dummy_gpio_port_clear_bits_raw
                0xc0001c74        0x8 zephyr/libzephyr.a(gpioport_mgr.c.obj)
 .text.stm32_gpioport_init
                0xc0001c7c       0x3c zephyr/libzephyr.a(gpioport_mgr.c.obj)
 .text.stm32_gpioport_get
                0xc0001cb8       0x38 zephyr/libzephyr.a(gpioport_mgr.c.obj)
                0xc0001cb8                stm32_gpioport_get
 .text.stm32_gpioport_configure_pin
                0xc0001cf0      0x16c zephyr/libzephyr.a(gpioport_mgr.c.obj)
                0xc0001cf0                stm32_gpioport_configure_pin
 .text.relocate_vector_table
                0xc0001e5c       0x24 zephyr/libzephyr.a(soc.c.obj)
                0xc0001e5c                relocate_vector_table
 .text.soc_early_init_hook
                0xc0001e80       0x28 zephyr/libzephyr.a(soc.c.obj)
                0xc0001e80                soc_early_init_hook
 .text.z_thread_entry
                0xc0001ea8       0x48 zephyr/libzephyr.a(thread_entry.c.obj)
                0xc0001ea8                z_thread_entry
 .text.arch_early_memset
                0xc0001ef0        0x4 zephyr/arch/common/libarch__common.a(init.c.obj)
                0xc0001ef0                arch_early_memset
 .text.arch_early_memcpy
                0xc0001ef4        0x4 zephyr/arch/common/libarch__common.a(init.c.obj)
                0xc0001ef4                arch_early_memcpy
 .text.arch_bss_zero
                0xc0001ef8       0x24 zephyr/arch/common/libarch__common.a(init.c.obj)
                0xc0001ef8                arch_bss_zero
 .text.arch_data_copy
                0xc0001f1c       0x20 zephyr/arch/common/libarch__common.a(xip.c.obj)
                0xc0001f1c                arch_data_copy
 .text.z_arm_fatal_error
                0xc0001f3c       0x68 zephyr/arch/arch/arm/core/libarch__arm__core.a(fatal.c.obj)
                0xc0001f3c                z_arm_fatal_error
 .text.z_do_kernel_oops
                0xc0001fa4        0xc zephyr/arch/arch/arm/core/libarch__arm__core.a(fatal.c.obj)
                0xc0001fa4                z_do_kernel_oops
 .text.z_arm_nmi
                0xc0001fb0       0x1c zephyr/arch/arch/arm/core/libarch__arm__core.a(nmi.c.obj)
                0xc0001fb0                z_arm_nmi
 .text.z_SysNmiOnReset
                0xc0001fcc        0x8 zephyr/arch/arch/arm/core/libarch__arm__core.a(nmi_on_reset.S.obj)
                0xc0001fcc                z_SysNmiOnReset
 .text.arch_tls_stack_setup
                0xc0001fd4       0x54 zephyr/arch/arch/arm/core/libarch__arm__core.a(tls.c.obj)
                0xc0001fd4                arch_tls_stack_setup
 .text.invalidate_tlb_all
                0xc0002028       0x14 zephyr/arch/arch/arm/core/mmu/libarch__arm__core__mmu.a(arm_mmu.c.obj)
 .text.arm_mmu_convert_attr_flags
                0xc000203c      0x120 zephyr/arch/arch/arm/core/mmu/libarch__arm__core__mmu.a(arm_mmu.c.obj)
 .text.arm_mmu_l2_map_page
                0xc000215c      0x2c0 zephyr/arch/arch/arm/core/mmu/libarch__arm__core__mmu.a(arm_mmu.c.obj)
 .text.z_arm_mmu_init
                0xc000241c      0x238 zephyr/arch/arch/arm/core/mmu/libarch__arm__core__mmu.a(arm_mmu.c.obj)
                0xc000241c                z_arm_mmu_init
 .text.__exc    0xc0002654       0xb0 zephyr/arch/arch/arm/core/cortex_a_r/libarch__arm__core__cortex_a_r.a(exc.S.obj)
                0xc0002654                z_arm_undef_instruction
                0xc0002698                z_arm_prefetch_abort
                0xc00026c8                z_arm_data_abort
 .text.dump_fault
                0xc0002704      0x1ec zephyr/arch/arch/arm/core/cortex_a_r/libarch__arm__core__cortex_a_r.a(fault.c.obj)
 .text.z_arm_fault_undef_instruction
                0xc00028f0       0x28 zephyr/arch/arch/arm/core/cortex_a_r/libarch__arm__core__cortex_a_r.a(fault.c.obj)
                0xc00028f0                z_arm_fault_undef_instruction
 .text.z_arm_fault_prefetch
                0xc0002918       0x48 zephyr/arch/arch/arm/core/cortex_a_r/libarch__arm__core__cortex_a_r.a(fault.c.obj)
                0xc0002918                z_arm_fault_prefetch
 .text.z_arm_fault_data
                0xc0002960       0x48 zephyr/arch/arch/arm/core/cortex_a_r/libarch__arm__core__cortex_a_r.a(fault.c.obj)
                0xc0002960                z_arm_fault_data
 .text.z_arm_interrupt_init
                0xc00029a8        0x4 zephyr/arch/arch/arm/core/cortex_a_r/libarch__arm__core__cortex_a_r.a(irq_init.c.obj)
                0xc00029a8                z_arm_interrupt_init
 .text.z_arm_relocate_vector_table
                0xc00029ac        0xc zephyr/arch/arch/arm/core/cortex_a_r/libarch__arm__core__cortex_a_r.a(reboot.c.obj)
                0xc00029ac                z_arm_relocate_vector_table
 .text._reset_section
                0xc00029b8       0x78 zephyr/arch/arch/arm/core/cortex_a_r/libarch__arm__core__cortex_a_r.a(reset.S.obj)
                0xc00029b8                z_arm_reset
                0xc00029b8                __start
 .text.arm_irq_enable
                0xc0002a30        0x4 zephyr/arch/arch/arm/core/cortex_a_r/libarch__arm__core__cortex_a_r.a(irq_manage.c.obj)
                0xc0002a30                arm_irq_enable
 .text.arm_irq_priority_set
                0xc0002a34        0x4 zephyr/arch/arch/arm/core/cortex_a_r/libarch__arm__core__cortex_a_r.a(irq_manage.c.obj)
                0xc0002a34                arm_irq_priority_set
 .text.z_irq_spurious
                0xc0002a38        0xc zephyr/arch/arch/arm/core/cortex_a_r/libarch__arm__core__cortex_a_r.a(irq_manage.c.obj)
                0xc0002a38                z_irq_spurious
 .text.z_prep_c
                0xc0002a44       0x28 zephyr/arch/arch/arm/core/cortex_a_r/libarch__arm__core__cortex_a_r.a(prep_c.c.obj)
                0xc0002a44                z_prep_c
 .text.arch_new_thread
                0xc0002a6c       0x44 zephyr/arch/arch/arm/core/cortex_a_r/libarch__arm__core__cortex_a_r.a(thread.c.obj)
                0xc0002a6c                arch_new_thread
 .text.arch_coprocessors_disable
                0xc0002ab0        0x8 zephyr/arch/arch/arm/core/cortex_a_r/libarch__arm__core__cortex_a_r.a(thread.c.obj)
                0xc0002ab0                arch_coprocessors_disable
 .text.arch_cpu_idle
                0xc0002ab8       0x14 zephyr/arch/arch/arm/core/cortex_a_r/libarch__arm__core__cortex_a_r.a(cpu_idle.c.obj)
                0xc0002ab8                arch_cpu_idle
 .text._isr_wrapper
                0xc0002acc       0x80 zephyr/arch/arch/arm/core/cortex_a_r/libarch__arm__core__cortex_a_r.a(isr_wrapper.S.obj)
                0xc0002acc                _isr_wrapper
 .text.__aeabi_read_tp
                0xc0002b4c        0x8 zephyr/arch/arch/arm/core/cortex_a_r/libarch__arm__core__cortex_a_r.a(__aeabi_read_tp.S.obj)
                0xc0002b4c                __aeabi_read_tp
 .text.arch_cache_init
                0xc0002b54        0x4 zephyr/arch/arch/arm/core/cortex_a_r/libarch__arm__core__cortex_a_r.a(cache.c.obj)
                0xc0002b54                arch_cache_init
 .text.z_arm_do_swap
                0xc0002b58       0x64 zephyr/arch/arch/arm/core/cortex_a_r/libarch__arm__core__cortex_a_r.a(swap_helper.S.obj)
                0xc0002b58                z_arm_do_swap
 .text.z_arm_svc
                0xc0002bbc       0x88 zephyr/arch/arch/arm/core/cortex_a_r/libarch__arm__core__cortex_a_r.a(swap_helper.S.obj)
                0xc0002bbc                z_arm_svc
 .text.z_arm_cortex_r_svc
                0xc0002c44        0x8 zephyr/arch/arch/arm/core/cortex_a_r/libarch__arm__core__cortex_a_r.a(swap_helper.S.obj)
                0xc0002c44                z_arm_cortex_r_svc
 .text._HandlerModeExit
                0xc0002c4c       0xbc zephyr/arch/arch/arm/core/cortex_a_r/libarch__arm__core__cortex_a_r.a(exc_exit.S.obj)
                0xc0002c4c                z_arm_int_exit
                0xc0002ca4                z_arm_exc_exit
 .text.z_impl_zephyr_fputc
                0xc0002d08       0x1c zephyr/lib/libc/picolibc/liblib__libc__picolibc.a(stdio.c.obj)
                0xc0002d08                z_impl_zephyr_fputc
 .text.picolibc_put
                0xc0002d24       0x10 zephyr/lib/libc/picolibc/liblib__libc__picolibc.a(stdio.c.obj)
 .text.__stdout_hook_install
                0xc0002d34       0x24 zephyr/lib/libc/picolibc/liblib__libc__picolibc.a(stdio.c.obj)
                0xc0002d34                __stdout_hook_install
 .text.malloc_prepare
                0xc0002d58       0x24 zephyr/lib/libc/common/liblib__libc__common.a(malloc.c.obj)
 .text.stm32_exti_init
                0xc0002d7c       0x40 zephyr/drivers/interrupt_controller/libdrivers__interrupt_controller.a(intc_exti_stm32.c.obj)
 .text.stm32_exti_is_pending
                0xc0002dbc       0x4c zephyr/drivers/interrupt_controller/libdrivers__interrupt_controller.a(intc_exti_stm32.c.obj)
                0xc0002dbc                stm32_exti_is_pending
 .text.stm32_exti_clear_pending
                0xc0002e08       0x38 zephyr/drivers/interrupt_controller/libdrivers__interrupt_controller.a(intc_exti_stm32.c.obj)
                0xc0002e08                stm32_exti_clear_pending
 .text.arm_gic_init
                0xc0002e40      0x1c8 zephyr/drivers/interrupt_controller/libdrivers__interrupt_controller.a(intc_gic.c.obj)
                0xc0002e40                arm_gic_init
 .text.arm_gic_irq_enable
                0xc0003008       0x28 zephyr/drivers/interrupt_controller/libdrivers__interrupt_controller.a(intc_gic.c.obj)
                0xc0003008                arm_gic_irq_enable
 .text.arm_gic_irq_set_priority
                0xc0003030       0x54 zephyr/drivers/interrupt_controller/libdrivers__interrupt_controller.a(intc_gic.c.obj)
                0xc0003030                arm_gic_irq_set_priority
 .text.arm_gic_get_active
                0xc0003084       0x14 zephyr/drivers/interrupt_controller/libdrivers__interrupt_controller.a(intc_gic.c.obj)
                0xc0003084                arm_gic_get_active
 .text.arm_gic_eoi
                0xc0003098       0x18 zephyr/drivers/interrupt_controller/libdrivers__interrupt_controller.a(intc_gic.c.obj)
                0xc0003098                arm_gic_eoi
 .text.stm32_intc_gpio_isr
                0xc00030b0       0x70 zephyr/drivers/interrupt_controller/libdrivers__interrupt_controller.a(intc_gpio_stm32.c.obj)
 .text.stm32_fill_irq_table.constprop.0
                0xc0003120       0x14 zephyr/drivers/interrupt_controller/libdrivers__interrupt_controller.a(intc_gpio_stm32.c.obj)
 .text.stm32_exti_gpio_intc_init
                0xc0003134      0x1cc zephyr/drivers/interrupt_controller/libdrivers__interrupt_controller.a(intc_gpio_stm32.c.obj)
 .text.stm32_clock_control_on
                0xc0003300       0x5c zephyr/drivers/clock_control/libdrivers__clock_control.a(clock_stm32_ll_mp13.c.obj)
 .text.stm32_clock_control_off
                0xc000335c       0x5c zephyr/drivers/clock_control/libdrivers__clock_control.a(clock_stm32_ll_mp13.c.obj)
 .text.stm32_clock_control_get_subsys_rate
                0xc00033b8      0x11c zephyr/drivers/clock_control/libdrivers__clock_control.a(clock_stm32_ll_mp13.c.obj)
 .text.stm32_clock_control_init
                0xc00034d4      0x1c8 zephyr/drivers/clock_control/libdrivers__clock_control.a(clock_stm32_ll_mp13.c.obj)
 .text.enabled_clock
                0xc000369c       0x28 zephyr/drivers/clock_control/libdrivers__clock_control.a(clock_stm32_ll_mp13.c.obj)
                0xc000369c                enabled_clock
 .text.stm32_clock_control_configure
                0xc00036c4       0x60 zephyr/drivers/clock_control/libdrivers__clock_control.a(clock_stm32_ll_mp13.c.obj)
 .text.stm32_clock_control_get_status
                0xc0003724       0x60 zephyr/drivers/clock_control/libdrivers__clock_control.a(clock_stm32_ll_mp13.c.obj)
 .text.uart_console_init
                0xc0003784       0x3c zephyr/drivers/console/libdrivers__console.a(uart_console.c.obj)
 .text.console_out
                0xc00037c0       0x48 zephyr/drivers/console/libdrivers__console.a(uart_console.c.obj)
 .text.pinctrl_lookup_state
                0xc0003808       0x40 zephyr/drivers/pinctrl/libdrivers__pinctrl.a(common.c.obj)
                0xc0003808                pinctrl_lookup_state
 .text.pinctrl_configure_pins
                0xc0003848       0x58 zephyr/drivers/pinctrl/libdrivers__pinctrl.a(pinctrl_stm32.c.obj)
                0xc0003848                pinctrl_configure_pins
 .text.reset_stm32_status
                0xc00038a0       0x30 zephyr/drivers/reset/libdrivers__reset.a(reset_stm32.c.obj)
 .text.reset_stm32_line_assert
                0xc00038d0       0x28 zephyr/drivers/reset/libdrivers__reset.a(reset_stm32.c.obj)
 .text.reset_stm32_line_deassert
                0xc00038f8       0x28 zephyr/drivers/reset/libdrivers__reset.a(reset_stm32.c.obj)
 .text.reset_stm32_line_toggle
                0xc0003920       0x24 zephyr/drivers/reset/libdrivers__reset.a(reset_stm32.c.obj)
 .text.uart_stm32_ll2cfg_databits
                0xc0003944       0x40 zephyr/drivers/serial/libdrivers__serial.a(uart_stm32.c.obj)
 .text.uart_stm32_err_check
                0xc0003984       0x7c zephyr/drivers/serial/libdrivers__serial.a(uart_stm32.c.obj)
 .text.uart_stm32_irq_tx_enable
                0xc0003a00       0x18 zephyr/drivers/serial/libdrivers__serial.a(uart_stm32.c.obj)
 .text.uart_stm32_irq_tx_disable
                0xc0003a18       0x18 zephyr/drivers/serial/libdrivers__serial.a(uart_stm32.c.obj)
 .text.uart_stm32_irq_rx_enable
                0xc0003a30       0x18 zephyr/drivers/serial/libdrivers__serial.a(uart_stm32.c.obj)
 .text.uart_stm32_irq_rx_disable
                0xc0003a48       0x18 zephyr/drivers/serial/libdrivers__serial.a(uart_stm32.c.obj)
 .text.uart_stm32_irq_rx_ready
                0xc0003a60       0x14 zephyr/drivers/serial/libdrivers__serial.a(uart_stm32.c.obj)
 .text.uart_stm32_irq_err_enable
                0xc0003a74       0x90 zephyr/drivers/serial/libdrivers__serial.a(uart_stm32.c.obj)
 .text.uart_stm32_irq_err_disable
                0xc0003b04       0x90 zephyr/drivers/serial/libdrivers__serial.a(uart_stm32.c.obj)
 .text.uart_stm32_irq_callback_set
                0xc0003b94        0xc zephyr/drivers/serial/libdrivers__serial.a(uart_stm32.c.obj)
 .text.uart_stm32_isr
                0xc0003ba0       0x18 zephyr/drivers/serial/libdrivers__serial.a(uart_stm32.c.obj)
 .text.uart_stm32_irq_config_func_0
                0xc0003bb8       0x20 zephyr/drivers/serial/libdrivers__serial.a(uart_stm32.c.obj)
 .text.uart_stm32_set_baudrate.isra.0
                0xc0003bd8       0x7c zephyr/drivers/serial/libdrivers__serial.a(uart_stm32.c.obj)
 .text.uart_stm32_irq_tx_complete
                0xc0003c54       0x14 zephyr/drivers/serial/libdrivers__serial.a(uart_stm32.c.obj)
 .text.uart_stm32_irq_tx_ready
                0xc0003c68       0x1c zephyr/drivers/serial/libdrivers__serial.a(uart_stm32.c.obj)
 .text.uart_stm32_parameters_set
                0xc0003c84      0x1ec zephyr/drivers/serial/libdrivers__serial.a(uart_stm32.c.obj)
 .text.uart_stm32_init
                0xc0003e70      0x234 zephyr/drivers/serial/libdrivers__serial.a(uart_stm32.c.obj)
 .text.uart_stm32_configure
                0xc00040a4      0x1a4 zephyr/drivers/serial/libdrivers__serial.a(uart_stm32.c.obj)
 .text.uart_stm32_config_get
                0xc0004248       0xe8 zephyr/drivers/serial/libdrivers__serial.a(uart_stm32.c.obj)
 .text.uart_stm32_fifo_fill
                0xc0004330       0x94 zephyr/drivers/serial/libdrivers__serial.a(uart_stm32.c.obj)
 .text.uart_stm32_poll_out
                0xc00043c4       0x50 zephyr/drivers/serial/libdrivers__serial.a(uart_stm32.c.obj)
 .text.uart_stm32_irq_is_pending
                0xc0004414       0x3c zephyr/drivers/serial/libdrivers__serial.a(uart_stm32.c.obj)
 .text.uart_stm32_fifo_read
                0xc0004450       0x7c zephyr/drivers/serial/libdrivers__serial.a(uart_stm32.c.obj)
 .text.uart_stm32_poll_in
                0xc00044cc       0x34 zephyr/drivers/serial/libdrivers__serial.a(uart_stm32.c.obj)
 .text.sys_clock_driver_init
                0xc0004500       0x84 zephyr/drivers/timer/libdrivers__timer.a(arm_arch_timer.c.obj)
 .text.arm_arch_timer_compare_isr
                0xc0004584       0x7c zephyr/drivers/timer/libdrivers__timer.a(arm_arch_timer.c.obj)
 .text.sys_clock_set_timeout
                0xc0004600       0xa4 zephyr/drivers/timer/libdrivers__timer.a(arm_arch_timer.c.obj)
                0xc0004600                sys_clock_set_timeout
 .text.sys_clock_elapsed
                0xc00046a4       0x2c zephyr/drivers/timer/libdrivers__timer.a(arm_arch_timer.c.obj)
                0xc00046a4                sys_clock_elapsed
 .text.LL_RCC_HSE_IsReady
                0xc00046d0       0x10 modules/hal_stm32/stm32cube/lib..__modules__hal__stm32__stm32cube.a(stm32mp13xx_ll_rcc.c.obj)
 .text.LL_RCC_HSI_IsReady
                0xc00046e0       0x10 modules/hal_stm32/stm32cube/lib..__modules__hal__stm32__stm32cube.a(stm32mp13xx_ll_rcc.c.obj)
 .text.LL_RCC_CSI_IsReady
                0xc00046f0       0x10 modules/hal_stm32/stm32cube/lib..__modules__hal__stm32__stm32cube.a(stm32mp13xx_ll_rcc.c.obj)
 .text.LL_RCC_GetClockSource
                0xc0004700       0x1c modules/hal_stm32/stm32cube/lib..__modules__hal__stm32__stm32cube.a(stm32mp13xx_ll_rcc.c.obj)
 .text.LL_RCC_PLL3_IsReady
                0xc000471c       0x10 modules/hal_stm32/stm32cube/lib..__modules__hal__stm32__stm32cube.a(stm32mp13xx_ll_rcc.c.obj)
 .text.LL_RCC_PLL4_IsReady
                0xc000472c       0x10 modules/hal_stm32/stm32cube/lib..__modules__hal__stm32__stm32cube.a(stm32mp13xx_ll_rcc.c.obj)
 .text.LL_RCC_CalcPLLClockFreq
                0xc000473c       0x88 modules/hal_stm32/stm32cube/lib..__modules__hal__stm32__stm32cube.a(stm32mp13xx_ll_rcc.c.obj)
                0xc000473c                LL_RCC_CalcPLLClockFreq
 .text.LL_RCC_GetPLL2ClockFreq
                0xc00047c4      0x148 modules/hal_stm32/stm32cube/lib..__modules__hal__stm32__stm32cube.a(stm32mp13xx_ll_rcc.c.obj)
                0xc00047c4                LL_RCC_GetPLL2ClockFreq
 .text.LL_RCC_GetPLL3ClockFreq
                0xc000490c      0x16c modules/hal_stm32/stm32cube/lib..__modules__hal__stm32__stm32cube.a(stm32mp13xx_ll_rcc.c.obj)
                0xc000490c                LL_RCC_GetPLL3ClockFreq
 .text.LL_RCC_GetPLL4ClockFreq
                0xc0004a78      0x154 modules/hal_stm32/stm32cube/lib..__modules__hal__stm32__stm32cube.a(stm32mp13xx_ll_rcc.c.obj)
                0xc0004a78                LL_RCC_GetPLL4ClockFreq
 .text.LL_RCC_GetCKPERClockFreq
                0xc0004bcc       0x90 modules/hal_stm32/stm32cube/lib..__modules__hal__stm32__stm32cube.a(stm32mp13xx_ll_rcc.c.obj)
                0xc0004bcc                LL_RCC_GetCKPERClockFreq
 .text.RCC_GetAXISSClockFreq
                0xc0004c5c       0x60 modules/hal_stm32/stm32cube/lib..__modules__hal__stm32__stm32cube.a(stm32mp13xx_ll_rcc.c.obj)
                0xc0004c5c                RCC_GetAXISSClockFreq
 .text.RCC_GetMLAHBSClockFreq
                0xc0004cbc       0x64 modules/hal_stm32/stm32cube/lib..__modules__hal__stm32__stm32cube.a(stm32mp13xx_ll_rcc.c.obj)
                0xc0004cbc                RCC_GetMLAHBSClockFreq
 .text.LL_RCC_GetI2CClockFreq
                0xc0004d20      0x178 modules/hal_stm32/stm32cube/lib..__modules__hal__stm32__stm32cube.a(stm32mp13xx_ll_rcc.c.obj)
                0xc0004d20                LL_RCC_GetI2CClockFreq
 .text.LL_RCC_GetSPIClockFreq
                0xc0004e98      0x1fc modules/hal_stm32/stm32cube/lib..__modules__hal__stm32__stm32cube.a(stm32mp13xx_ll_rcc.c.obj)
                0xc0004e98                LL_RCC_GetSPIClockFreq
 .text.RCC_GetACLKClockFreq
                0xc0005094       0x18 modules/hal_stm32/stm32cube/lib..__modules__hal__stm32__stm32cube.a(stm32mp13xx_ll_rcc.c.obj)
                0xc0005094                RCC_GetACLKClockFreq
 .text.LL_RCC_GetUARTClockFreq
                0xc00050ac      0x230 modules/hal_stm32/stm32cube/lib..__modules__hal__stm32__stm32cube.a(stm32mp13xx_ll_rcc.c.obj)
                0xc00050ac                LL_RCC_GetUARTClockFreq
 .text.do_device_init
                0xc00052dc       0x58 zephyr/kernel/libkernel.a(device.c.obj)
                0xc00052dc                do_device_init
 .text.z_impl_device_is_ready
                0xc0005334       0x24 zephyr/kernel/libkernel.a(device.c.obj)
                0xc0005334                z_impl_device_is_ready
 .text.arch_system_halt
                0xc0005358       0x10 zephyr/kernel/libkernel.a(fatal.c.obj)
                0xc0005358                arch_system_halt
 .text.k_sys_fatal_error_handler
                0xc0005368        0x8 zephyr/kernel/libkernel.a(fatal.c.obj)
                0xc0005368                k_sys_fatal_error_handler
 .text.z_fatal_error
                0xc0005370       0x38 zephyr/kernel/libkernel.a(fatal.c.obj)
                0xc0005370                z_fatal_error
 .text.z_sys_init_run_level
                0xc00053a8       0x50 zephyr/kernel/libkernel.a(init.c.obj)
 .text.bg_thread_main
                0xc00053f8      0x108 zephyr/kernel/libkernel.a(init.c.obj)
 .text.z_init_cpu
                0xc0005500       0x98 zephyr/kernel/libkernel.a(init.c.obj)
                0xc0005500                z_init_cpu
 .text.z_cstart
                0xc0005598       0xc8 zephyr/kernel/libkernel.a(init.c.obj)
                0xc0005598                z_cstart
 .text.idle     0xc0005660       0x18 zephyr/kernel/libkernel.a(idle.c.obj)
                0xc0005660                idle
 .text.z_setup_new_thread
                0xc0005678       0xd4 zephyr/kernel/libkernel.a(thread.c.obj)
                0xc0005678                z_setup_new_thread
 .text.z_dummy_thread_init
                0xc000574c       0x2c zephyr/kernel/libkernel.a(thread.c.obj)
                0xc000574c                z_dummy_thread_init
 .text.z_impl_k_wakeup
                0xc0005778       0x60 zephyr/kernel/libkernel.a(thread.c.obj)
                0xc0005778                z_impl_k_wakeup
 .text.z_thread_abort
                0xc00057d8       0x58 zephyr/kernel/libkernel.a(thread.c.obj)
                0xc00057d8                z_thread_abort
 .text.z_impl_k_thread_abort
                0xc0005830        0x4 zephyr/kernel/libkernel.a(thread.c.obj)
                0xc0005830                z_impl_k_thread_abort
 .text.z_impl_k_yield
                0xc0005834        0x4 zephyr/kernel/libkernel.a(thread.c.obj)
                0xc0005834                z_impl_k_yield
 .text.sys_dlist_remove
                0xc0005838       0x20 zephyr/kernel/libkernel.a(sched.c.obj)
 .text.unpend_thread_no_timeout
                0xc0005858       0x20 zephyr/kernel/libkernel.a(sched.c.obj)
 .text.unready_thread
                0xc0005878       0x80 zephyr/kernel/libkernel.a(sched.c.obj)
 .text.z_swap_irqlock
                0xc00058f8       0x3c zephyr/kernel/libkernel.a(sched.c.obj)
 .text.ready_thread
                0xc0005934       0xdc zephyr/kernel/libkernel.a(sched.c.obj)
 .text.reschedule.isra.0
                0xc0005a10       0x40 zephyr/kernel/libkernel.a(sched.c.obj)
 .text.move_current_to_end_of_prio_q
                0xc0005a50       0xc0 zephyr/kernel/libkernel.a(sched.c.obj)
                0xc0005a50                move_current_to_end_of_prio_q
 .text.z_ready_thread
                0xc0005b10       0x24 zephyr/kernel/libkernel.a(sched.c.obj)
                0xc0005b10                z_ready_thread
 .text.z_sched_ready_locked
                0xc0005b34        0x4 zephyr/kernel/libkernel.a(sched.c.obj)
                0xc0005b34                z_sched_ready_locked
 .text.z_sched_unready_locked
                0xc0005b38        0x4 zephyr/kernel/libkernel.a(sched.c.obj)
                0xc0005b38                z_sched_unready_locked
 .text.z_thread_halt
                0xc0005b3c      0x1ac zephyr/kernel/libkernel.a(sched.c.obj)
                0xc0005b3c                z_thread_halt
 .text.z_sched_lock_reschedule
                0xc0005ce8       0x64 zephyr/kernel/libkernel.a(sched.c.obj)
                0xc0005ce8                z_sched_lock_reschedule
 .text.z_sched_yield
                0xc0005d4c       0xd4 zephyr/kernel/libkernel.a(sched.c.obj)
                0xc0005d4c                z_sched_yield
 .text.z_sched_wake_thread_locked
                0xc0005e20       0x3c zephyr/kernel/libkernel.a(sched.c.obj)
                0xc0005e20                z_sched_wake_thread_locked
 .text.z_thread_timeout
                0xc0005e5c       0x3c zephyr/kernel/libkernel.a(sched.c.obj)
                0xc0005e5c                z_thread_timeout
 .text.z_reschedule
                0xc0005e98        0x8 zephyr/kernel/libkernel.a(sched.c.obj)
                0xc0005e98                z_reschedule
 .text.z_tick_sleep
                0xc0005ea0       0xac zephyr/kernel/libkernel.a(sleep.c.obj)
 .text.z_impl_k_sleep
                0xc0005f4c       0x40 zephyr/kernel/libkernel.a(sleep.c.obj)
                0xc0005f4c                z_impl_k_sleep
 .text.z_sched_init
                0xc0005f8c       0x18 zephyr/kernel/libkernel.a(scheduler.c.obj)
                0xc0005f8c                z_sched_init
 .text.k_sched_lock
                0xc0005fa4       0x34 zephyr/kernel/libkernel.a(scheduler.c.obj)
                0xc0005fa4                k_sched_lock
 .text.k_sched_unlock
                0xc0005fd8       0x28 zephyr/kernel/libkernel.a(scheduler.c.obj)
                0xc0005fd8                k_sched_unlock
 .text.z_impl_k_sched_current_thread_query
                0xc0006000       0x10 zephyr/kernel/libkernel.a(scheduler.c.obj)
                0xc0006000                z_impl_k_sched_current_thread_query
 .text.z_time_slice_size
                0xc0006010       0x6c zephyr/kernel/libkernel.a(timeslicing.c.obj)
 .text.slice_timeout
                0xc000607c       0x30 zephyr/kernel/libkernel.a(timeslicing.c.obj)
 .text.z_time_slice_reset
                0xc00060ac       0x68 zephyr/kernel/libkernel.a(timeslicing.c.obj)
                0xc00060ac                z_time_slice_reset
 .text.z_time_slice
                0xc0006114       0x74 zephyr/kernel/libkernel.a(timeslicing.c.obj)
                0xc0006114                z_time_slice
 .text.first    0xc0006188       0x18 zephyr/kernel/libkernel.a(timeout.c.obj)
 .text.next_timeout
                0xc00061a0       0x48 zephyr/kernel/libkernel.a(timeout.c.obj)
 .text.elapsed  0xc00061e8       0x18 zephyr/kernel/libkernel.a(timeout.c.obj)
 .text.z_add_timeout
                0xc0006200      0x1ac zephyr/kernel/libkernel.a(timeout.c.obj)
                0xc0006200                z_add_timeout
 .text.z_abort_timeout
                0xc00063ac       0xd8 zephyr/kernel/libkernel.a(timeout.c.obj)
                0xc00063ac                z_abort_timeout
 .text.sys_clock_announce_locked
                0xc0006484      0x110 zephyr/kernel/libkernel.a(timeout.c.obj)
                0xc0006484                sys_clock_announce_locked
 .text.sys_clock_tick_get
                0xc0006594       0x3c zephyr/kernel/libkernel.a(timeout.c.obj)
                0xc0006594                sys_clock_tick_get
 .text.sys_clock_tick_get_32
                0xc00065d0        0xc zephyr/kernel/libkernel.a(timeout.c.obj)
                0xc00065d0                sys_clock_tick_get_32
 .text.z_impl_k_uptime_ticks
                0xc00065dc        0x4 zephyr/kernel/libkernel.a(timeout.c.obj)
                0xc00065dc                z_impl_k_uptime_ticks
 .text.free_page_frame_list_put
                0xc00065e0       0x4c zephyr/kernel/libkernel.a(mmu.c.obj)
 .text.z_mem_manage_init
                0xc000662c       0xb0 zephyr/kernel/libkernel.a(mmu.c.obj)
                0xc000662c                z_mem_manage_init
 .text.z_mem_manage_boot_finish
                0xc00066dc        0x4 zephyr/kernel/libkernel.a(mmu.c.obj)
                0xc00066dc                z_mem_manage_boot_finish
 .text.__l_vfprintf
                0xc00066e0      0x484 /local/home/achraftm/zephyr-sdk-1.0.1/gnu/arm-zephyr-eabi/bin/../lib/gcc/arm-zephyr-eabi/14.3.0/../../../../arm-zephyr-eabi/lib/thumb/v7/nofp/space/libc.a(libc_tinystdio_vflprintf.c.o)
                0xc00066e0                __l_vfprintf
 .text.memcpy   0xc0006b64       0x1a /local/home/achraftm/zephyr-sdk-1.0.1/gnu/arm-zephyr-eabi/bin/../lib/gcc/arm-zephyr-eabi/14.3.0/../../../../arm-zephyr-eabi/lib/thumb/v7/nofp/space/libc.a(memcpy.c.o)
                0xc0006b64                memcpy
                0xc0006b64                __aeabi_memcpy
                0xc0006b64                __aeabi_memcpy4
                0xc0006b64                __aeabi_memcpy8
 .text.memset   0xc0006b7e       0x10 /local/home/achraftm/zephyr-sdk-1.0.1/gnu/arm-zephyr-eabi/bin/../lib/gcc/arm-zephyr-eabi/14.3.0/../../../../arm-zephyr-eabi/lib/thumb/v7/nofp/space/libc.a(memset.c.o)
                0xc0006b7e                memset
 .text.strnlen  0xc0006b8e       0x18 /local/home/achraftm/zephyr-sdk-1.0.1/gnu/arm-zephyr-eabi/bin/../lib/gcc/arm-zephyr-eabi/14.3.0/../../../../arm-zephyr-eabi/lib/thumb/v7/nofp/space/libc.a(libc_string_strnlen.c.o)
                0xc0006b8e                strnlen
 .text.__ultoa_invert
                0xc0006ba6       0xac /local/home/achraftm/zephyr-sdk-1.0.1/gnu/arm-zephyr-eabi/bin/../lib/gcc/arm-zephyr-eabi/14.3.0/../../../../arm-zephyr-eabi/lib/thumb/v7/nofp/space/libc.a(libc_tinystdio_vflprintf.c.o)
 *fill*         0xc0006c52        0x6 
 .text.__ultoa_invert.__stub
                0xc0006c58       0x18 linker stubs
 *(SORT_BY_ALIGNMENT(.gnu.linkonce.t.*))
 *(SORT_BY_ALIGNMENT(.glue_7t))
 .glue_7t       0xc0006c70        0x0 linker stubs
 *(SORT_BY_ALIGNMENT(.glue_7))
 .glue_7        0xc0006c70        0x0 linker stubs
 *(SORT_BY_ALIGNMENT(.vfp11_veneer))
 .vfp11_veneer  0xc0006c70        0x0 linker stubs
 *(SORT_BY_ALIGNMENT(.v4_bx))
 .v4_bx         0xc0006c70        0x0 linker stubs
                0xc0006c70                        __text_region_end = .
                0xc0007000                        . = ALIGN (_region_min_align)
 *fill*         0xc0006c70      0x390 

rodata_start    0xc0007000        0x0
                0xc0007000                        . = ALIGN (_region_min_align)
                0xc0007000                        __rodata_region_start = .

.ARM.exidx      0xc0007000        0x8
                0xc0007000                        __exidx_start = .
 *(SORT_BY_ALIGNMENT(.ARM.exidx*) SORT_BY_ALIGNMENT(gnu.linkonce.armexidx.*))
 .ARM.exidx     0xc0007000        0x8 /local/home/achraftm/zephyr-sdk-1.0.1/gnu/arm-zephyr-eabi/bin/../lib/gcc/arm-zephyr-eabi/14.3.0/thumb/v7/nofp/space/libgcc.a(_udivmoddi4.o)
                0xc0007008                        __exidx_end = .

initlevel       0xc0007008       0xa0
                0xc0007008                        __init_start = .
                0xc0007008                        __init_EARLY_start = .
 *(SORT_BY_NAME(SORT_BY_ALIGNMENT(.z_init_EARLY_P_?_*)))
 *(SORT_BY_NAME(SORT_BY_ALIGNMENT(.z_init_EARLY_P_??_*)))
 *(SORT_BY_NAME(SORT_BY_ALIGNMENT(.z_init_EARLY_P_???_*)))
                0xc0007008                        __init_PRE_KERNEL_1_start = .
 *(SORT_BY_NAME(SORT_BY_ALIGNMENT(.z_init_PRE_KERNEL_1_P_?_*)))
 .z_init_PRE_KERNEL_1_P_1_SUB_00022_
                0xc0007008        0x8 zephyr/drivers/clock_control/libdrivers__clock_control.a(clock_stm32_ll_mp13.c.obj)
 .z_init_PRE_KERNEL_1_P_1_SUB_0_
                0xc0007010        0x8 zephyr/libzephyr.a(soc_config.c.obj)
 *(SORT_BY_NAME(SORT_BY_ALIGNMENT(.z_init_PRE_KERNEL_1_P_??_*)))
 .z_init_PRE_KERNEL_1_P_35_SUB_00041_
                0xc0007018        0x8 zephyr/drivers/reset/libdrivers__reset.a(reset_stm32.c.obj)
 .z_init_PRE_KERNEL_1_P_40_SUB_00006_
                0xc0007020        0x8 zephyr/drivers/interrupt_controller/libdrivers__interrupt_controller.a(intc_gic.c.obj)
 .z_init_PRE_KERNEL_1_P_40_SUB_00023_
                0xc0007028        0x8 zephyr/libzephyr.a(gpioport_mgr.c.obj)
 .z_init_PRE_KERNEL_1_P_40_SUB_00026_
                0xc0007030        0x8 zephyr/libzephyr.a(gpioport_mgr.c.obj)
 .z_init_PRE_KERNEL_1_P_40_SUB_00027_
                0xc0007038        0x8 zephyr/libzephyr.a(gpioport_mgr.c.obj)
 .z_init_PRE_KERNEL_1_P_40_SUB_00045_
                0xc0007040        0x8 zephyr/libzephyr.a(gpioport_mgr.c.obj)
 .z_init_PRE_KERNEL_1_P_40_SUB_00049_
                0xc0007048        0x8 zephyr/drivers/interrupt_controller/libdrivers__interrupt_controller.a(intc_exti_stm32.c.obj)
 .z_init_PRE_KERNEL_1_P_40_SUB_00079_
                0xc0007050        0x8 zephyr/libzephyr.a(gpioport_mgr.c.obj)
 .z_init_PRE_KERNEL_1_P_40_SUB_00117_
                0xc0007058        0x8 zephyr/libzephyr.a(gpioport_mgr.c.obj)
 .z_init_PRE_KERNEL_1_P_40_SUB_00121_
                0xc0007060        0x8 zephyr/libzephyr.a(gpioport_mgr.c.obj)
 .z_init_PRE_KERNEL_1_P_40_SUB_00129_
                0xc0007068        0x8 zephyr/libzephyr.a(gpioport_mgr.c.obj)
 .z_init_PRE_KERNEL_1_P_40_SUB_00130_
                0xc0007070        0x8 zephyr/libzephyr.a(gpioport_mgr.c.obj)
 .z_init_PRE_KERNEL_1_P_40_SUB_0_
                0xc0007078        0x8 zephyr/drivers/interrupt_controller/libdrivers__interrupt_controller.a(intc_gpio_stm32.c.obj)
 .z_init_PRE_KERNEL_1_P_50_SUB_00054_
                0xc0007080        0x8 zephyr/drivers/serial/libdrivers__serial.a(uart_stm32.c.obj)
 .z_init_PRE_KERNEL_1_P_60_SUB_0_
                0xc0007088        0x8 zephyr/drivers/console/libdrivers__console.a(uart_console.c.obj)
 *(SORT_BY_NAME(SORT_BY_ALIGNMENT(.z_init_PRE_KERNEL_1_P_???_*)))
                0xc0007090                        __init_PRE_KERNEL_2_start = .
 *(SORT_BY_NAME(SORT_BY_ALIGNMENT(.z_init_PRE_KERNEL_2_P_?_*)))
 .z_init_PRE_KERNEL_2_P_0_SUB_0_
                0xc0007090        0x8 zephyr/drivers/timer/libdrivers__timer.a(arm_arch_timer.c.obj)
 *(SORT_BY_NAME(SORT_BY_ALIGNMENT(.z_init_PRE_KERNEL_2_P_??_*)))
 *(SORT_BY_NAME(SORT_BY_ALIGNMENT(.z_init_PRE_KERNEL_2_P_???_*)))
                0xc0007098                        __init_POST_KERNEL_start = .
 *(SORT_BY_NAME(SORT_BY_ALIGNMENT(.z_init_POST_KERNEL_P_?_*)))
 *(SORT_BY_NAME(SORT_BY_ALIGNMENT(.z_init_POST_KERNEL_P_??_*)))
 .z_init_POST_KERNEL_P_35_SUB_0_
                0xc0007098        0x8 zephyr/lib/libc/common/liblib__libc__common.a(malloc.c.obj)
 *(SORT_BY_NAME(SORT_BY_ALIGNMENT(.z_init_POST_KERNEL_P_???_*)))
                0xc00070a0                        __init_APPLICATION_start = .
 *(SORT_BY_NAME(SORT_BY_ALIGNMENT(.z_init_APPLICATION_P_?_*)))
 .z_init_APPLICATION_P_0_SUB_0_
                0xc00070a0        0x8 zephyr/libzephyr.a(boot_banner.c.obj)
 *(SORT_BY_NAME(SORT_BY_ALIGNMENT(.z_init_APPLICATION_P_??_*)))
 *(SORT_BY_NAME(SORT_BY_ALIGNMENT(.z_init_APPLICATION_P_???_*)))
                0xc00070a8                        __init_SMP_start = .
 *(SORT_BY_NAME(SORT_BY_ALIGNMENT(.z_init_SMP_P_?_*)))
 *(SORT_BY_NAME(SORT_BY_ALIGNMENT(.z_init_SMP_P_??_*)))
 *(SORT_BY_NAME(SORT_BY_ALIGNMENT(.z_init_SMP_P_???_*)))
                0xc00070a8                        __init_end = .

device_area     0xc00070a8      0x188
                0xc00070a8                        _device_list_start = .
 *(SORT_BY_NAME(SORT_BY_ALIGNMENT(._device.static.*_?_*)))
 ._device.static.1_1_
                0xc00070a8       0x1c zephyr/drivers/clock_control/libdrivers__clock_control.a(clock_stm32_ll_mp13.c.obj)
                0xc00070a8                __device_dts_ord_22
 *(SORT_BY_NAME(SORT_BY_ALIGNMENT(._device.static.*_??_*)))
 ._device.static.1_35_
                0xc00070c4       0x1c zephyr/drivers/reset/libdrivers__reset.a(reset_stm32.c.obj)
                0xc00070c4                __device_dts_ord_41
 ._device.static.1_40_
                0xc00070e0       0xfc zephyr/libzephyr.a(gpioport_mgr.c.obj)
                0xc00070e0                __device_dts_ord_79
                0xc00070fc                __device_dts_ord_117
                0xc0007118                __device_dts_ord_130
                0xc0007134                __device_dts_ord_121
                0xc0007150                __device_dts_ord_27
                0xc000716c                __device_dts_ord_26
                0xc0007188                __device_dts_ord_129
                0xc00071a4                __device_dts_ord_45
                0xc00071c0                __device_dts_ord_23
 ._device.static.1_40_
                0xc00071dc       0x1c zephyr/drivers/interrupt_controller/libdrivers__interrupt_controller.a(intc_exti_stm32.c.obj)
                0xc00071dc                __device_dts_ord_49
 ._device.static.1_40_
                0xc00071f8       0x1c zephyr/drivers/interrupt_controller/libdrivers__interrupt_controller.a(intc_gic.c.obj)
                0xc00071f8                __device_dts_ord_6
 ._device.static.1_50_
                0xc0007214       0x1c zephyr/drivers/serial/libdrivers__serial.a(uart_stm32.c.obj)
                0xc0007214                __device_dts_ord_54
 *(SORT_BY_NAME(SORT_BY_ALIGNMENT(._device.static.*_???_*)))
 *(SORT_BY_NAME(SORT_BY_ALIGNMENT(._device.static.*_????_*)))
 *(SORT_BY_NAME(SORT_BY_ALIGNMENT(._device.static.*_?????_*)))
                0xc0007230                        _device_list_end = .

sw_isr_table    0xc0007230      0x5a8
                0xc0007230                        . = ALIGN (0x4)
 *(SORT_BY_ALIGNMENT(.gnu.linkonce.sw_isr_table*))
 .gnu.linkonce.sw_isr_table
                0xc0007230      0x5a8 zephyr/arch/common/libisr_tables.a(isr_tables.c.obj)
                0xc0007230                _sw_isr_table

initlevel_error
 *(SORT_BY_NAME(SORT_BY_ALIGNMENT(.z_init_*)))
                0x00000001                        ASSERT ((SIZEOF (initlevel_error) == 0x0), Undefined initialization levels used.)

app_shmem_regions
                0xc00077d8        0x0
                0xc00077d8                        __app_shmem_regions_start = .
 *(SORT_BY_NAME(SORT_BY_ALIGNMENT(.app_regions.*)))
                0xc00077d8                        __app_shmem_regions_end = .

k_p4wq_initparam_area
                0xc00077d8        0x0
                0xc00077d8                        _k_p4wq_initparam_list_start = .
 *(SORT_BY_NAME(SORT_BY_ALIGNMENT(._k_p4wq_initparam.static.*)))
                0xc00077d8                        _k_p4wq_initparam_list_end = .

_static_thread_data_area
                0xc00077d8        0x0
                0xc00077d8                        __static_thread_data_list_start = .
 *(SORT_BY_NAME(SORT_BY_ALIGNMENT(.__static_thread_data.static.*)))
                0xc00077d8                        __static_thread_data_list_end = .

device_deps     0xc00077d8        0x0
                0xc00077d8                        __device_deps_start = .
 *(SORT_BY_NAME(SORT_BY_ALIGNMENT(.__device_deps_pass2*)))
                0xc00077d8                        __device_deps_end = .

device_api_area
                0xc00077d8       0x9c
                0xc00077d8                        _reset_driver_api_list_start = .
 *(SORT_BY_NAME(SORT_BY_ALIGNMENT(._reset_driver_api.static.*)))
 ._reset_driver_api.static.reset_stm32_driver_api_
                0xc00077d8       0x10 zephyr/drivers/reset/libdrivers__reset.a(reset_stm32.c.obj)
                0xc00077e8                        _reset_driver_api_list_end = .
                0xc00077e8                        _reset_driver_api_ext_end = .
                0xc00077e8                        _shared_irq_driver_api_list_start = .
 *(SORT_BY_NAME(SORT_BY_ALIGNMENT(._shared_irq_driver_api.static.*)))
                0xc00077e8                        _shared_irq_driver_api_list_end = .
                0xc00077e8                        _shared_irq_driver_api_ext_end = .
                0xc00077e8                        _audio_codec_driver_api_list_start = .
 *(SORT_BY_NAME(SORT_BY_ALIGNMENT(._audio_codec_driver_api.static.*)))
                0xc00077e8                        _audio_codec_driver_api_list_end = .
                0xc00077e8                        _audio_codec_driver_api_ext_end = .
                0xc00077e8                        _dmic_driver_api_list_start = .
 *(SORT_BY_NAME(SORT_BY_ALIGNMENT(._dmic_driver_api.static.*)))
                0xc00077e8                        _dmic_driver_api_list_end = .
                0xc00077e8                        _dmic_driver_api_ext_end = .
                0xc00077e8                        _crypto_driver_api_list_start = .
 *(SORT_BY_NAME(SORT_BY_ALIGNMENT(._crypto_driver_api.static.*)))
                0xc00077e8                        _crypto_driver_api_list_end = .
                0xc00077e8                        _crypto_driver_api_ext_end = .
                0xc00077e8                        _adc_driver_api_list_start = .
 *(SORT_BY_NAME(SORT_BY_ALIGNMENT(._adc_driver_api.static.*)))
                0xc00077e8                        _adc_driver_api_list_end = .
                0xc00077e8                        _adc_driver_api_ext_end = .
                0xc00077e8                        _auxdisplay_driver_api_list_start = .
 *(SORT_BY_NAME(SORT_BY_ALIGNMENT(._auxdisplay_driver_api.static.*)))
                0xc00077e8                        _auxdisplay_driver_api_list_end = .
                0xc00077e8                        _auxdisplay_driver_api_ext_end = .
                0xc00077e8                        _bbram_driver_api_list_start = .
 *(SORT_BY_NAME(SORT_BY_ALIGNMENT(._bbram_driver_api.static.*)))
                0xc00077e8                        _bbram_driver_api_list_end = .
                0xc00077e8                        _bbram_driver_api_ext_end = .
                0xc00077e8                        _biometric_driver_api_list_start = .
 *(SORT_BY_NAME(SORT_BY_ALIGNMENT(._biometric_driver_api.static.*)))
                0xc00077e8                        _biometric_driver_api_list_end = .
                0xc00077e8                        _biometric_driver_api_ext_end = .
                0xc00077e8                        _bt_hci_driver_api_list_start = .
 *(SORT_BY_NAME(SORT_BY_ALIGNMENT(._bt_hci_driver_api.static.*)))
                0xc00077e8                        _bt_hci_driver_api_list_end = .
                0xc00077e8                        _bt_hci_driver_api_ext_end = .
                0xc00077e8                        _buzzer_driver_api_list_start = .
 *(SORT_BY_NAME(SORT_BY_ALIGNMENT(._buzzer_driver_api.static.*)))
                0xc00077e8                        _buzzer_driver_api_list_end = .
                0xc00077e8                        _buzzer_driver_api_ext_end = .
                0xc00077e8                        _can_driver_api_list_start = .
 *(SORT_BY_NAME(SORT_BY_ALIGNMENT(._can_driver_api.static.*)))
                0xc00077e8                        _can_driver_api_list_end = .
                0xc00077e8                        _can_driver_api_ext_end = .
                0xc00077e8                        _cellular_driver_api_list_start = .
 *(SORT_BY_NAME(SORT_BY_ALIGNMENT(._cellular_driver_api.static.*)))
                0xc00077e8                        _cellular_driver_api_list_end = .
                0xc00077e8                        _cellular_driver_api_ext_end = .
                0xc00077e8                        _charger_driver_api_list_start = .
 *(SORT_BY_NAME(SORT_BY_ALIGNMENT(._charger_driver_api.static.*)))
                0xc00077e8                        _charger_driver_api_list_end = .
                0xc00077e8                        _charger_driver_api_ext_end = .
                0xc00077e8                        _clock_control_driver_api_list_start = .
 *(SORT_BY_NAME(SORT_BY_ALIGNMENT(._clock_control_driver_api.static.*)))
 ._clock_control_driver_api.static.stm32_clock_control_api_
                0xc00077e8       0x1c zephyr/drivers/clock_control/libdrivers__clock_control.a(clock_stm32_ll_mp13.c.obj)
                0xc0007804                        _clock_control_driver_api_list_end = .
                0xc0007804                        _nrf_clock_control_driver_api_list_start = .
 *(SORT_BY_NAME(SORT_BY_ALIGNMENT(._nrf_clock_control_driver_api.static.*)))
                0xc0007804                        _nrf_clock_control_driver_api_list_end = .
                0xc0007804                        _nrf_clock_control_driver_api_ext_end = .
                0xc0007804                        _clock_control_driver_api_ext_end = .
                0xc0007804                        _comparator_driver_api_list_start = .
 *(SORT_BY_NAME(SORT_BY_ALIGNMENT(._comparator_driver_api.static.*)))
                0xc0007804                        _comparator_driver_api_list_end = .
                0xc0007804                        _comparator_driver_api_ext_end = .
                0xc0007804                        _coredump_driver_api_list_start = .
 *(SORT_BY_NAME(SORT_BY_ALIGNMENT(._coredump_driver_api.static.*)))
                0xc0007804                        _coredump_driver_api_list_end = .
                0xc0007804                        _coredump_driver_api_ext_end = .
                0xc0007804                        _counter_driver_api_list_start = .
 *(SORT_BY_NAME(SORT_BY_ALIGNMENT(._counter_driver_api.static.*)))
                0xc0007804                        _counter_driver_api_list_end = .
                0xc0007804                        _counter_driver_api_ext_end = .
                0xc0007804                        _crc_driver_api_list_start = .
 *(SORT_BY_NAME(SORT_BY_ALIGNMENT(._crc_driver_api.static.*)))
                0xc0007804                        _crc_driver_api_list_end = .
                0xc0007804                        _crc_driver_api_ext_end = .
                0xc0007804                        _dac_driver_api_list_start = .
 *(SORT_BY_NAME(SORT_BY_ALIGNMENT(._dac_driver_api.static.*)))
                0xc0007804                        _dac_driver_api_list_end = .
                0xc0007804                        _dac_driver_api_ext_end = .
                0xc0007804                        _dai_driver_api_list_start = .
 *(SORT_BY_NAME(SORT_BY_ALIGNMENT(._dai_driver_api.static.*)))
                0xc0007804                        _dai_driver_api_list_end = .
                0xc0007804                        _dai_driver_api_ext_end = .
                0xc0007804                        _dali_driver_api_list_start = .
 *(SORT_BY_NAME(SORT_BY_ALIGNMENT(._dali_driver_api.static.*)))
                0xc0007804                        _dali_driver_api_list_end = .
                0xc0007804                        _dali_driver_api_ext_end = .
                0xc0007804                        _display_driver_api_list_start = .
 *(SORT_BY_NAME(SORT_BY_ALIGNMENT(._display_driver_api.static.*)))
                0xc0007804                        _display_driver_api_list_end = .
                0xc0007804                        _display_driver_api_ext_end = .
                0xc0007804                        _dma_driver_api_list_start = .
 *(SORT_BY_NAME(SORT_BY_ALIGNMENT(._dma_driver_api.static.*)))
                0xc0007804                        _dma_driver_api_list_end = .
                0xc0007804                        _dma_driver_api_ext_end = .
                0xc0007804                        _edac_driver_api_list_start = .
 *(SORT_BY_NAME(SORT_BY_ALIGNMENT(._edac_driver_api.static.*)))
                0xc0007804                        _edac_driver_api_list_end = .
                0xc0007804                        _edac_driver_api_ext_end = .
                0xc0007804                        _eeprom_driver_api_list_start = .
 *(SORT_BY_NAME(SORT_BY_ALIGNMENT(._eeprom_driver_api.static.*)))
                0xc0007804                        _eeprom_driver_api_list_end = .
                0xc0007804                        _eeprom_driver_api_ext_end = .
                0xc0007804                        _emul_bbram_driver_api_list_start = .
 *(SORT_BY_NAME(SORT_BY_ALIGNMENT(._emul_bbram_driver_api.static.*)))
                0xc0007804                        _emul_bbram_driver_api_list_end = .
                0xc0007804                        _emul_bbram_driver_api_ext_end = .
                0xc0007804                        _fuel_gauge_emul_driver_api_list_start = .
 *(SORT_BY_NAME(SORT_BY_ALIGNMENT(._fuel_gauge_emul_driver_api.static.*)))
                0xc0007804                        _fuel_gauge_emul_driver_api_list_end = .
                0xc0007804                        _fuel_gauge_emul_driver_api_ext_end = .
                0xc0007804                        _emul_sensor_driver_api_list_start = .
 *(SORT_BY_NAME(SORT_BY_ALIGNMENT(._emul_sensor_driver_api.static.*)))
                0xc0007804                        _emul_sensor_driver_api_list_end = .
                0xc0007804                        _emul_sensor_driver_api_ext_end = .
                0xc0007804                        _entropy_driver_api_list_start = .
 *(SORT_BY_NAME(SORT_BY_ALIGNMENT(._entropy_driver_api.static.*)))
                0xc0007804                        _entropy_driver_api_list_end = .
                0xc0007804                        _entropy_driver_api_ext_end = .
                0xc0007804                        _espi_driver_api_list_start = .
 *(SORT_BY_NAME(SORT_BY_ALIGNMENT(._espi_driver_api.static.*)))
                0xc0007804                        _espi_driver_api_list_end = .
                0xc0007804                        _emul_espi_driver_api_list_start = .
 *(SORT_BY_NAME(SORT_BY_ALIGNMENT(._emul_espi_driver_api.static.*)))
                0xc0007804                        _emul_espi_driver_api_list_end = .
                0xc0007804                        _emul_espi_driver_api_ext_end = .
                0xc0007804                        _espi_driver_api_ext_end = .
                0xc0007804                        _espi_saf_driver_api_list_start = .
 *(SORT_BY_NAME(SORT_BY_ALIGNMENT(._espi_saf_driver_api.static.*)))
                0xc0007804                        _espi_saf_driver_api_list_end = .
                0xc0007804                        _espi_saf_driver_api_ext_end = .
                0xc0007804                        _flash_driver_api_list_start = .
 *(SORT_BY_NAME(SORT_BY_ALIGNMENT(._flash_driver_api.static.*)))
                0xc0007804                        _flash_driver_api_list_end = .
                0xc0007804                        _flash_driver_api_ext_end = .
                0xc0007804                        _fpga_driver_api_list_start = .
 *(SORT_BY_NAME(SORT_BY_ALIGNMENT(._fpga_driver_api.static.*)))
                0xc0007804                        _fpga_driver_api_list_end = .
                0xc0007804                        _fpga_driver_api_ext_end = .
                0xc0007804                        _fuel_gauge_driver_api_list_start = .
 *(SORT_BY_NAME(SORT_BY_ALIGNMENT(._fuel_gauge_driver_api.static.*)))
                0xc0007804                        _fuel_gauge_driver_api_list_end = .
                0xc0007804                        _fuel_gauge_driver_api_ext_end = .
                0xc0007804                        _gnss_driver_api_list_start = .
 *(SORT_BY_NAME(SORT_BY_ALIGNMENT(._gnss_driver_api.static.*)))
                0xc0007804                        _gnss_driver_api_list_end = .
                0xc0007804                        _gnss_driver_api_ext_end = .
                0xc0007804                        _gpio_driver_api_list_start = .
 *(SORT_BY_NAME(SORT_BY_ALIGNMENT(._gpio_driver_api.static.*)))
 ._gpio_driver_api.static.dummy_gpio_api_
                0xc0007804       0x24 zephyr/libzephyr.a(gpioport_mgr.c.obj)
                0xc0007828                        _gpio_driver_api_list_end = .
                0xc0007828                        _gpio_driver_api_ext_end = .
                0xc0007828                        _haptics_driver_api_list_start = .
 *(SORT_BY_NAME(SORT_BY_ALIGNMENT(._haptics_driver_api.static.*)))
                0xc0007828                        _haptics_driver_api_list_end = .
                0xc0007828                        _haptics_driver_api_ext_end = .
                0xc0007828                        _hwspinlock_driver_api_list_start = .
 *(SORT_BY_NAME(SORT_BY_ALIGNMENT(._hwspinlock_driver_api.static.*)))
                0xc0007828                        _hwspinlock_driver_api_list_end = .
                0xc0007828                        _hwspinlock_driver_api_ext_end = .
                0xc0007828                        _i2c_driver_api_list_start = .
 *(SORT_BY_NAME(SORT_BY_ALIGNMENT(._i2c_driver_api.static.*)))
                0xc0007828                        _i2c_driver_api_list_end = .
                0xc0007828                        _i3c_driver_api_list_start = .
 *(SORT_BY_NAME(SORT_BY_ALIGNMENT(._i3c_driver_api.static.*)))
                0xc0007828                        _i3c_driver_api_list_end = .
                0xc0007828                        _i3c_driver_api_ext_end = .
                0xc0007828                        _i2c_driver_api_ext_end = .
                0xc0007828                        _i2c_target_driver_api_list_start = .
 *(SORT_BY_NAME(SORT_BY_ALIGNMENT(._i2c_target_driver_api.static.*)))
                0xc0007828                        _i2c_target_driver_api_list_end = .
                0xc0007828                        _i2c_target_driver_api_ext_end = .
                0xc0007828                        _i2s_driver_api_list_start = .
 *(SORT_BY_NAME(SORT_BY_ALIGNMENT(._i2s_driver_api.static.*)))
                0xc0007828                        _i2s_driver_api_list_end = .
                0xc0007828                        _i2s_driver_api_ext_end = .
                0xc0007828                        _ipm_driver_api_list_start = .
 *(SORT_BY_NAME(SORT_BY_ALIGNMENT(._ipm_driver_api.static.*)))
                0xc0007828                        _ipm_driver_api_list_end = .
                0xc0007828                        _ipm_driver_api_ext_end = .
                0xc0007828                        _led_driver_api_list_start = .
 *(SORT_BY_NAME(SORT_BY_ALIGNMENT(._led_driver_api.static.*)))
                0xc0007828                        _led_driver_api_list_end = .
                0xc0007828                        _led_driver_api_ext_end = .
                0xc0007828                        _led_strip_driver_api_list_start = .
 *(SORT_BY_NAME(SORT_BY_ALIGNMENT(._led_strip_driver_api.static.*)))
                0xc0007828                        _led_strip_driver_api_list_end = .
                0xc0007828                        _led_strip_driver_api_ext_end = .
                0xc0007828                        _lora_driver_api_list_start = .
 *(SORT_BY_NAME(SORT_BY_ALIGNMENT(._lora_driver_api.static.*)))
                0xc0007828                        _lora_driver_api_list_end = .
                0xc0007828                        _lora_driver_api_ext_end = .
                0xc0007828                        _mbox_driver_api_list_start = .
 *(SORT_BY_NAME(SORT_BY_ALIGNMENT(._mbox_driver_api.static.*)))
                0xc0007828                        _mbox_driver_api_list_end = .
                0xc0007828                        _mbox_driver_api_ext_end = .
                0xc0007828                        _mdio_driver_api_list_start = .
 *(SORT_BY_NAME(SORT_BY_ALIGNMENT(._mdio_driver_api.static.*)))
                0xc0007828                        _mdio_driver_api_list_end = .
                0xc0007828                        _mdio_driver_api_ext_end = .
                0xc0007828                        _mipi_dbi_driver_api_list_start = .
 *(SORT_BY_NAME(SORT_BY_ALIGNMENT(._mipi_dbi_driver_api.static.*)))
                0xc0007828                        _mipi_dbi_driver_api_list_end = .
                0xc0007828                        _mipi_dbi_driver_api_ext_end = .
                0xc0007828                        _mipi_dsi_driver_api_list_start = .
 *(SORT_BY_NAME(SORT_BY_ALIGNMENT(._mipi_dsi_driver_api.static.*)))
                0xc0007828                        _mipi_dsi_driver_api_list_end = .
                0xc0007828                        _mipi_dsi_driver_api_ext_end = .
                0xc0007828                        _mspi_driver_api_list_start = .
 *(SORT_BY_NAME(SORT_BY_ALIGNMENT(._mspi_driver_api.static.*)))
                0xc0007828                        _mspi_driver_api_list_end = .
                0xc0007828                        _emul_mspi_driver_api_list_start = .
 *(SORT_BY_NAME(SORT_BY_ALIGNMENT(._emul_mspi_driver_api.static.*)))
                0xc0007828                        _emul_mspi_driver_api_list_end = .
                0xc0007828                        _emul_mspi_driver_api_ext_end = .
                0xc0007828                        _mspi_driver_api_ext_end = .
                0xc0007828                        _opamp_driver_api_list_start = .
 *(SORT_BY_NAME(SORT_BY_ALIGNMENT(._opamp_driver_api.static.*)))
                0xc0007828                        _opamp_driver_api_list_end = .
                0xc0007828                        _opamp_driver_api_ext_end = .
                0xc0007828                        _otp_driver_api_list_start = .
 *(SORT_BY_NAME(SORT_BY_ALIGNMENT(._otp_driver_api.static.*)))
                0xc0007828                        _otp_driver_api_list_end = .
                0xc0007828                        _otp_driver_api_ext_end = .
                0xc0007828                        _peci_driver_api_list_start = .
 *(SORT_BY_NAME(SORT_BY_ALIGNMENT(._peci_driver_api.static.*)))
                0xc0007828                        _peci_driver_api_list_end = .
                0xc0007828                        _peci_driver_api_ext_end = .
                0xc0007828                        _ps2_driver_api_list_start = .
 *(SORT_BY_NAME(SORT_BY_ALIGNMENT(._ps2_driver_api.static.*)))
                0xc0007828                        _ps2_driver_api_list_end = .
                0xc0007828                        _ps2_driver_api_ext_end = .
                0xc0007828                        _ptp_clock_driver_api_list_start = .
 *(SORT_BY_NAME(SORT_BY_ALIGNMENT(._ptp_clock_driver_api.static.*)))
                0xc0007828                        _ptp_clock_driver_api_list_end = .
                0xc0007828                        _ptp_clock_driver_api_ext_end = .
                0xc0007828                        _pwm_driver_api_list_start = .
 *(SORT_BY_NAME(SORT_BY_ALIGNMENT(._pwm_driver_api.static.*)))
                0xc0007828                        _pwm_driver_api_list_end = .
                0xc0007828                        _pwm_driver_api_ext_end = .
                0xc0007828                        _regulator_parent_driver_api_list_start = .
 *(SORT_BY_NAME(SORT_BY_ALIGNMENT(._regulator_parent_driver_api.static.*)))
                0xc0007828                        _regulator_parent_driver_api_list_end = .
                0xc0007828                        _regulator_parent_driver_api_ext_end = .
                0xc0007828                        _regulator_driver_api_list_start = .
 *(SORT_BY_NAME(SORT_BY_ALIGNMENT(._regulator_driver_api.static.*)))
                0xc0007828                        _regulator_driver_api_list_end = .
                0xc0007828                        _regulator_driver_api_ext_end = .
                0xc0007828                        _retained_mem_driver_api_list_start = .
 *(SORT_BY_NAME(SORT_BY_ALIGNMENT(._retained_mem_driver_api.static.*)))
                0xc0007828                        _retained_mem_driver_api_list_end = .
                0xc0007828                        _retained_mem_driver_api_ext_end = .
                0xc0007828                        _rtc_driver_api_list_start = .
 *(SORT_BY_NAME(SORT_BY_ALIGNMENT(._rtc_driver_api.static.*)))
                0xc0007828                        _rtc_driver_api_list_end = .
                0xc0007828                        _rtc_driver_api_ext_end = .
                0xc0007828                        _sdhc_driver_api_list_start = .
 *(SORT_BY_NAME(SORT_BY_ALIGNMENT(._sdhc_driver_api.static.*)))
                0xc0007828                        _sdhc_driver_api_list_end = .
                0xc0007828                        _sdhc_driver_api_ext_end = .
                0xc0007828                        _sensor_driver_api_list_start = .
 *(SORT_BY_NAME(SORT_BY_ALIGNMENT(._sensor_driver_api.static.*)))
                0xc0007828                        _sensor_driver_api_list_end = .
                0xc0007828                        _sensor_driver_api_ext_end = .
                0xc0007828                        _smbus_driver_api_list_start = .
 *(SORT_BY_NAME(SORT_BY_ALIGNMENT(._smbus_driver_api.static.*)))
                0xc0007828                        _smbus_driver_api_list_end = .
                0xc0007828                        _smbus_driver_api_ext_end = .
                0xc0007828                        _spi_driver_api_list_start = .
 *(SORT_BY_NAME(SORT_BY_ALIGNMENT(._spi_driver_api.static.*)))
                0xc0007828                        _spi_driver_api_list_end = .
                0xc0007828                        _spi_driver_api_ext_end = .
                0xc0007828                        _syscon_driver_api_list_start = .
 *(SORT_BY_NAME(SORT_BY_ALIGNMENT(._syscon_driver_api.static.*)))
                0xc0007828                        _syscon_driver_api_list_end = .
                0xc0007828                        _syscon_driver_api_ext_end = .
                0xc0007828                        _tee_driver_api_list_start = .
 *(SORT_BY_NAME(SORT_BY_ALIGNMENT(._tee_driver_api.static.*)))
                0xc0007828                        _tee_driver_api_list_end = .
                0xc0007828                        _tee_driver_api_ext_end = .
                0xc0007828                        _tgpio_driver_api_list_start = .
 *(SORT_BY_NAME(SORT_BY_ALIGNMENT(._tgpio_driver_api.static.*)))
                0xc0007828                        _tgpio_driver_api_list_end = .
                0xc0007828                        _tgpio_driver_api_ext_end = .
                0xc0007828                        _uaol_driver_api_list_start = .
 *(SORT_BY_NAME(SORT_BY_ALIGNMENT(._uaol_driver_api.static.*)))
                0xc0007828                        _uaol_driver_api_list_end = .
                0xc0007828                        _uaol_driver_api_ext_end = .
                0xc0007828                        _video_driver_api_list_start = .
 *(SORT_BY_NAME(SORT_BY_ALIGNMENT(._video_driver_api.static.*)))
                0xc0007828                        _video_driver_api_list_end = .
                0xc0007828                        _video_driver_api_ext_end = .
                0xc0007828                        _virtio_driver_api_list_start = .
 *(SORT_BY_NAME(SORT_BY_ALIGNMENT(._virtio_driver_api.static.*)))
                0xc0007828                        _virtio_driver_api_list_end = .
                0xc0007828                        _virtio_driver_api_ext_end = .
                0xc0007828                        _w1_driver_api_list_start = .
 *(SORT_BY_NAME(SORT_BY_ALIGNMENT(._w1_driver_api.static.*)))
                0xc0007828                        _w1_driver_api_list_end = .
                0xc0007828                        _w1_driver_api_ext_end = .
                0xc0007828                        _wdt_driver_api_list_start = .
 *(SORT_BY_NAME(SORT_BY_ALIGNMENT(._wdt_driver_api.static.*)))
                0xc0007828                        _wdt_driver_api_list_end = .
                0xc0007828                        _wdt_driver_api_ext_end = .
                0xc0007828                        _wuc_driver_api_list_start = .
 *(SORT_BY_NAME(SORT_BY_ALIGNMENT(._wuc_driver_api.static.*)))
                0xc0007828                        _wuc_driver_api_list_end = .
                0xc0007828                        _wuc_driver_api_ext_end = .
                0xc0007828                        _can_transceiver_driver_api_list_start = .
 *(SORT_BY_NAME(SORT_BY_ALIGNMENT(._can_transceiver_driver_api.static.*)))
                0xc0007828                        _can_transceiver_driver_api_list_end = .
                0xc0007828                        _can_transceiver_driver_api_ext_end = .
                0xc0007828                        _i3c_target_driver_api_list_start = .
 *(SORT_BY_NAME(SORT_BY_ALIGNMENT(._i3c_target_driver_api.static.*)))
                0xc0007828                        _i3c_target_driver_api_list_end = .
                0xc0007828                        _i3c_target_driver_api_ext_end = .
                0xc0007828                        _its_driver_api_list_start = .
 *(SORT_BY_NAME(SORT_BY_ALIGNMENT(._its_driver_api.static.*)))
                0xc0007828                        _its_driver_api_list_end = .
                0xc0007828                        _its_driver_api_ext_end = .
                0xc0007828                        _vtd_driver_api_list_start = .
 *(SORT_BY_NAME(SORT_BY_ALIGNMENT(._vtd_driver_api.static.*)))
                0xc0007828                        _vtd_driver_api_list_end = .
                0xc0007828                        _vtd_driver_api_ext_end = .
                0xc0007828                        _renesas_elc_driver_api_list_start = .
 *(SORT_BY_NAME(SORT_BY_ALIGNMENT(._renesas_elc_driver_api.static.*)))
                0xc0007828                        _renesas_elc_driver_api_list_end = .
                0xc0007828                        _renesas_elc_driver_api_ext_end = .
                0xc0007828                        _pcie_ctrl_driver_api_list_start = .
 *(SORT_BY_NAME(SORT_BY_ALIGNMENT(._pcie_ctrl_driver_api.static.*)))
                0xc0007828                        _pcie_ctrl_driver_api_list_end = .
                0xc0007828                        _pcie_ctrl_driver_api_ext_end = .
                0xc0007828                        _pcie_ep_driver_api_list_start = .
 *(SORT_BY_NAME(SORT_BY_ALIGNMENT(._pcie_ep_driver_api.static.*)))
                0xc0007828                        _pcie_ep_driver_api_list_end = .
                0xc0007828                        _pcie_ep_driver_api_ext_end = .
                0xc0007828                        _psi5_driver_api_list_start = .
 *(SORT_BY_NAME(SORT_BY_ALIGNMENT(._psi5_driver_api.static.*)))
                0xc0007828                        _psi5_driver_api_list_end = .
                0xc0007828                        _psi5_driver_api_ext_end = .
                0xc0007828                        _sent_driver_api_list_start = .
 *(SORT_BY_NAME(SORT_BY_ALIGNMENT(._sent_driver_api.static.*)))
                0xc0007828                        _sent_driver_api_list_end = .
                0xc0007828                        _sent_driver_api_ext_end = .
                0xc0007828                        _svc_driver_api_list_start = .
 *(SORT_BY_NAME(SORT_BY_ALIGNMENT(._svc_driver_api.static.*)))
                0xc0007828                        _svc_driver_api_list_end = .
                0xc0007828                        _svc_driver_api_ext_end = .
                0xc0007828                        _stepper_driver_api_list_start = .
 *(SORT_BY_NAME(SORT_BY_ALIGNMENT(._stepper_driver_api.static.*)))
                0xc0007828                        _stepper_driver_api_list_end = .
                0xc0007828                        _stepper_driver_api_ext_end = .
                0xc0007828                        _stepper_ctrl_driver_api_list_start = .
 *(SORT_BY_NAME(SORT_BY_ALIGNMENT(._stepper_ctrl_driver_api.static.*)))
                0xc0007828                        _stepper_ctrl_driver_api_list_end = .
                0xc0007828                        _stepper_ctrl_driver_api_ext_end = .
                0xc0007828                        _uart_driver_api_list_start = .
 *(SORT_BY_NAME(SORT_BY_ALIGNMENT(._uart_driver_api.static.*)))
 ._uart_driver_api.static.uart_stm32_driver_api_
                0xc0007828       0x4c zephyr/drivers/serial/libdrivers__serial.a(uart_stm32.c.obj)
                0xc0007874                        _uart_driver_api_list_end = .
                0xc0007874                        _uart_driver_api_ext_end = .
                0xc0007874                        _bc12_emul_driver_api_list_start = .
 *(SORT_BY_NAME(SORT_BY_ALIGNMENT(._bc12_emul_driver_api.static.*)))
                0xc0007874                        _bc12_emul_driver_api_list_end = .
                0xc0007874                        _bc12_emul_driver_api_ext_end = .
                0xc0007874                        _bc12_driver_api_list_start = .
 *(SORT_BY_NAME(SORT_BY_ALIGNMENT(._bc12_driver_api.static.*)))
                0xc0007874                        _bc12_driver_api_list_end = .
                0xc0007874                        _bc12_driver_api_ext_end = .
                0xc0007874                        _usbc_ppc_driver_api_list_start = .
 *(SORT_BY_NAME(SORT_BY_ALIGNMENT(._usbc_ppc_driver_api.static.*)))
                0xc0007874                        _usbc_ppc_driver_api_list_end = .
                0xc0007874                        _usbc_ppc_driver_api_ext_end = .
                0xc0007874                        _tcpc_driver_api_list_start = .
 *(SORT_BY_NAME(SORT_BY_ALIGNMENT(._tcpc_driver_api.static.*)))
                0xc0007874                        _tcpc_driver_api_list_end = .
                0xc0007874                        _tcpc_driver_api_ext_end = .
                0xc0007874                        _usbc_vbus_driver_api_list_start = .
 *(SORT_BY_NAME(SORT_BY_ALIGNMENT(._usbc_vbus_driver_api.static.*)))
                0xc0007874                        _usbc_vbus_driver_api_list_end = .
                0xc0007874                        _usbc_vbus_driver_api_ext_end = .
                0xc0007874                        _ivshmem_driver_api_list_start = .
 *(SORT_BY_NAME(SORT_BY_ALIGNMENT(._ivshmem_driver_api.static.*)))
                0xc0007874                        _ivshmem_driver_api_list_end = .
                0xc0007874                        _ivshmem_driver_api_ext_end = .
                0xc0007874                        _ethphy_driver_api_list_start = .
 *(SORT_BY_NAME(SORT_BY_ALIGNMENT(._ethphy_driver_api.static.*)))
                0xc0007874                        _ethphy_driver_api_list_end = .
                0xc0007874                        _ethphy_driver_api_ext_end = .

ztest           0xc0007874        0x0
                0xc0007874                        _ztest_expected_result_entry_list_start = .
 *(SORT_BY_NAME(SORT_BY_ALIGNMENT(._ztest_expected_result_entry.static.*)))
                0xc0007874                        _ztest_expected_result_entry_list_end = .
                0xc0007874                        _ztest_suite_node_list_start = .
 *(SORT_BY_NAME(SORT_BY_ALIGNMENT(._ztest_suite_node.static.*)))
                0xc0007874                        _ztest_suite_node_list_end = .
                0xc0007874                        _ztest_unit_test_list_start = .
 *(SORT_BY_NAME(SORT_BY_ALIGNMENT(._ztest_unit_test.static.*)))
                0xc0007874                        _ztest_unit_test_list_end = .
                0xc0007874                        _ztest_test_rule_list_start = .
 *(SORT_BY_NAME(SORT_BY_ALIGNMENT(._ztest_test_rule.static.*)))
                0xc0007874                        _ztest_test_rule_list_end = .

init_array      0xc0007874        0x0
                0xc0007874                        __zephyr_init_array_start = .
 *(SORT_BY_INIT_PRIORITY(.init_array.*) SORT_BY_INIT_PRIORITY(.ctors.*))
 *(SORT_BY_ALIGNMENT(.init_array) SORT_BY_ALIGNMENT(.ctors))
                0xc0007874                        __zephyr_init_array_end = .
                0x00000001                        ASSERT ((__zephyr_init_array_start == __zephyr_init_array_end), GNU-style constructors required but STATIC_INIT_GNU not enabled)

bt_l2cap_fixed_chan_area
                0xc0007874        0x0
                0xc0007874                        _bt_l2cap_fixed_chan_list_start = .
 *(SORT_BY_NAME(SORT_BY_ALIGNMENT(._bt_l2cap_fixed_chan.static.*)))
                0xc0007874                        _bt_l2cap_fixed_chan_list_end = .

bt_gatt_service_static_area
                0xc0007874        0x0
                0xc0007874                        _bt_gatt_service_static_list_start = .
 *(SORT_BY_NAME(SORT_BY_ALIGNMENT(._bt_gatt_service_static.static.*)))
                0xc0007874                        _bt_gatt_service_static_list_end = .

log_strings_area
                0xc0007874        0x0
                0xc0007874                        _log_strings_list_start = .
 *(SORT_BY_NAME(SORT_BY_ALIGNMENT(._log_strings.static.*)))
                0xc0007874                        _log_strings_list_end = .

log_stmesp_ptr_area
                0xc0007874        0x0
                0xc0007874                        _log_stmesp_ptr_list_start = .
 *(SORT_BY_NAME(SORT_BY_ALIGNMENT(._log_stmesp_ptr.static.*)))
                0xc0007874                        _log_stmesp_ptr_list_end = .

log_stmesp_str_area
                0xc0007874        0x0
                0xc0007874                        _log_stmesp_str_list_start = .
 *(SORT_BY_NAME(SORT_BY_ALIGNMENT(._log_stmesp_str.static.*)))
                0xc0007874                        _log_stmesp_str_list_end = .

log_const_area  0xc0007874        0x0
                0xc0007874                        _log_const_list_start = .
 *(SORT_BY_NAME(SORT_BY_ALIGNMENT(._log_const.static.*)))
                0xc0007874                        _log_const_list_end = .

log_backend_area
                0xc0007874        0x0
                0xc0007874                        _log_backend_list_start = .
 *(SORT_BY_NAME(SORT_BY_ALIGNMENT(._log_backend.static.*)))
                0xc0007874                        _log_backend_list_end = .

log_link_area   0xc0007874        0x0
                0xc0007874                        _log_link_list_start = .
 *(SORT_BY_NAME(SORT_BY_ALIGNMENT(._log_link.static.*)))
                0xc0007874                        _log_link_list_end = .

tracing_backend_area
                0xc0007874        0x0
                0xc0007874                        _tracing_backend_list_start = .
 *(SORT_BY_NAME(SORT_BY_ALIGNMENT(._tracing_backend.static.*)))
                0xc0007874                        _tracing_backend_list_end = .

zephyr_dbg_info
 *(SORT_BY_ALIGNMENT(.dbg_thread_info))

intc_table_area
                0xc0007874        0x0
                0xc0007874                        _intc_table_list_start = .
 *(SORT_BY_NAME(SORT_BY_ALIGNMENT(._intc_table.static.*)))
                0xc0007874                        _intc_table_list_end = .

symbol_to_keep  0xc0007874        0x0
                0xc0007874                        __symbol_to_keep_start = .
 *(SORT_BY_NAME(SORT_BY_ALIGNMENT(.symbol_to_keep*)))
                0xc0007874                        __symbol_to_keep_end = .

shell_area      0xc0007874        0x0
                0xc0007874                        _shell_list_start = .
 *(SORT_BY_NAME(SORT_BY_ALIGNMENT(._shell.static.*)))
                0xc0007874                        _shell_list_end = .

shell_root_cmds_area
                0xc0007874        0x0
                0xc0007874                        _shell_root_cmds_list_start = .
 *(SORT_BY_NAME(SORT_BY_ALIGNMENT(._shell_root_cmds.static.*)))
                0xc0007874                        _shell_root_cmds_list_end = .

shell_subcmds_area
                0xc0007874        0x0
                0xc0007874                        _shell_subcmds_list_start = .
 *(SORT_BY_NAME(SORT_BY_ALIGNMENT(._shell_subcmds.static.*)))
                0xc0007874                        _shell_subcmds_list_end = .

shell_dynamic_subcmds_area
                0xc0007874        0x0
                0xc0007874                        _shell_dynamic_subcmds_list_start = .
 *(SORT_BY_NAME(SORT_BY_ALIGNMENT(._shell_dynamic_subcmds.static.*)))
                0xc0007874                        _shell_dynamic_subcmds_list_end = .

shell_remote_area
                0xc0007874        0x0
                0xc0007874                        _shell_remote_list_start = .
 *(SORT_BY_NAME(SORT_BY_ALIGNMENT(._shell_remote.static.*)))
                0xc0007874                        _shell_remote_list_end = .

cfb_font_area   0xc0007874        0x0
                0xc0007874                        _cfb_font_list_start = .
 *(SORT_BY_NAME(SORT_BY_ALIGNMENT(._cfb_font.static.*)))
                0xc0007874                        _cfb_font_list_end = .

tdata           0xc0007874        0x0
 *(SORT_BY_ALIGNMENT(.tdata) SORT_BY_ALIGNMENT(.tdata.*) SORT_BY_ALIGNMENT(.gnu.linkonce.td.*))

tbss            0xc0007874        0x4
 *(SORT_BY_ALIGNMENT(.tbss) SORT_BY_ALIGNMENT(.tbss.*) SORT_BY_ALIGNMENT(.gnu.linkonce.tb.*) SORT_BY_ALIGNMENT(.tcommon))
 .tbss.z_tls_current
                0xc0007874        0x4 zephyr/libzephyr.a(thread_entry.c.obj)
                0xc0007874                z_tls_current
                0xc0007874                        PROVIDE (__tdata_start = LOADADDR (tdata))
                0x00000001                        PROVIDE (__tdata_align = ALIGNOF (tdata))
                0x00000000                        PROVIDE (__tdata_size = (((SIZEOF (tdata) + __tdata_align) - 0x1) & ~ ((__tdata_align - 0x1))))
                [!provide]                        PROVIDE (__tdata_end = (__tdata_start + __tdata_size))
                0x00000004                        PROVIDE (__tbss_align = ALIGNOF (tbss))
                [!provide]                        PROVIDE (__tbss_start = ADDR (tbss))
                0x00000004                        PROVIDE (__tbss_size = (((SIZEOF (tbss) + __tbss_align) - 0x1) & ~ ((__tbss_align - 0x1))))
                [!provide]                        PROVIDE (__tbss_end = (__tbss_start + __tbss_size))
                [!provide]                        PROVIDE (__tls_start = __tdata_start)
                [!provide]                        PROVIDE (__tls_size = (__tbss_end - __tdata_start))
                [!provide]                        PROVIDE (__tls_end = __tbss_end)
                [!provide]                        PROVIDE (__eh_frame_start = 0x0)
                [!provide]                        PROVIDE (__eh_frame_end = 0x0)
                [!provide]                        PROVIDE (__eh_frame_hdr_start = 0x0)
                [!provide]                        PROVIDE (__eh_frame_hdr_end = 0x0)

/DISCARD/
 *(SORT_BY_ALIGNMENT(.eh_frame))

rodata          0xc0007874     0x178c
 *(SORT_BY_ALIGNMENT(.rodata))
 .rodata        0xc0007874        0x8 zephyr/drivers/interrupt_controller/libdrivers__interrupt_controller.a(intc_exti_stm32.c.obj)
 *(SORT_BY_ALIGNMENT(.rodata.*))
 .rodata.gpio_stm32_cfg_i
                0xc000787c       0x14 zephyr/libzephyr.a(gpioport_mgr.c.obj)
 .rodata.gpio_stm32_cfg_h
                0xc0007890       0x14 zephyr/libzephyr.a(gpioport_mgr.c.obj)
 .rodata.gpio_stm32_cfg_g
                0xc00078a4       0x14 zephyr/libzephyr.a(gpioport_mgr.c.obj)
 .rodata.gpio_stm32_cfg_f
                0xc00078b8       0x14 zephyr/libzephyr.a(gpioport_mgr.c.obj)
 .rodata.gpio_stm32_cfg_e
                0xc00078cc       0x14 zephyr/libzephyr.a(gpioport_mgr.c.obj)
 .rodata.gpio_stm32_cfg_d
                0xc00078e0       0x14 zephyr/libzephyr.a(gpioport_mgr.c.obj)
 .rodata.gpio_stm32_cfg_c
                0xc00078f4       0x14 zephyr/libzephyr.a(gpioport_mgr.c.obj)
 .rodata.gpio_stm32_cfg_b
                0xc0007908       0x14 zephyr/libzephyr.a(gpioport_mgr.c.obj)
 .rodata.gpio_stm32_cfg_a
                0xc000791c       0x14 zephyr/libzephyr.a(gpioport_mgr.c.obj)
 .rodata.gpio_ports
                0xc0007930       0x24 zephyr/libzephyr.a(gpioport_mgr.c.obj)
 .rodata.mmu_config
                0xc0007954        0x8 zephyr/libzephyr.a(soc.c.obj)
                0xc0007954                mmu_config
 .rodata.mmu_regions
                0xc000795c      0x154 zephyr/libzephyr.a(soc.c.obj)
 .rodata.mmu_zephyr_ranges
                0xc0007ab0       0x30 zephyr/arch/arch/arm/core/mmu/libarch__arm__core__mmu.a(arm_mmu.c.obj)
 .rodata.CSWTCH.6
                0xc0007ae0       0x2c zephyr/arch/arch/arm/core/cortex_a_r/libarch__arm__core__cortex_a_r.a(fault.c.obj)
 .rodata.reset_stm32_config
                0xc0007b0c        0x4 zephyr/drivers/reset/libdrivers__reset.a(reset_stm32.c.obj)
 .rodata.uart_stm32_cfg_0
                0xc0007b10       0x2c zephyr/drivers/serial/libdrivers__serial.a(uart_stm32.c.obj)
 .rodata.pclken_0
                0xc0007b3c        0x8 zephyr/drivers/serial/libdrivers__serial.a(uart_stm32.c.obj)
 .rodata.__pinctrl_dev_config__device_dts_ord_54
                0xc0007b44        0x8 zephyr/drivers/serial/libdrivers__serial.a(uart_stm32.c.obj)
 .rodata.__pinctrl_states__device_dts_ord_54
                0xc0007b4c        0x8 zephyr/drivers/serial/libdrivers__serial.a(uart_stm32.c.obj)
 .rodata.__pinctrl_state_pins_0__device_dts_ord_54
                0xc0007b54        0x8 zephyr/drivers/serial/libdrivers__serial.a(uart_stm32.c.obj)
 .rodata.levels.0
                0xc0007b5c       0x18 zephyr/kernel/libkernel.a(init.c.obj)
 .rodata.CSWTCH.108
                0xc0007b74        0x6 zephyr/drivers/serial/libdrivers__serial.a(uart_stm32.c.obj)
 .rodata.main.str1.1
                0xc0007b7a      0x93b app/libapp.a(main.c.obj)
                                0x2ee (size before relaxing)
 .rodata.boot_banner.str1.1
                0xc00084b5       0x3b zephyr/libzephyr.a(boot_banner.c.obj)
 .rodata.str1.1
                0xc00084b5       0x7e zephyr/libzephyr.a(gpioport_mgr.c.obj)
 .rodata.str1.1
                0xc00084b5       0x65 zephyr/libzephyr.a(soc.c.obj)
 .rodata.z_arm_fatal_error.str1.1
                0xc00084b5       0x9f zephyr/arch/arch/arm/core/libarch__arm__core.a(fatal.c.obj)
 .rodata.str1.1
                0xc00084b5       0x26 zephyr/arch/arch/arm/core/mmu/libarch__arm__core__mmu.a(arm_mmu.c.obj)
 .rodata.dump_fault.str1.1
                0xc00084b5      0x32f zephyr/arch/arch/arm/core/cortex_a_r/libarch__arm__core__cortex_a_r.a(fault.c.obj)
 .rodata.dump_fault
                0xc00084b5       0x1e zephyr/arch/arch/arm/core/cortex_a_r/libarch__arm__core__cortex_a_r.a(fault.c.obj)
 .rodata.z_arm_fault_undef_instruction.str1.1
                0xc00084d3       0x29 zephyr/arch/arch/arm/core/cortex_a_r/libarch__arm__core__cortex_a_r.a(fault.c.obj)
 .rodata.z_arm_fault_prefetch.str1.1
                0xc00084d3       0x1c zephyr/arch/arch/arm/core/cortex_a_r/libarch__arm__core__cortex_a_r.a(fault.c.obj)
 .rodata.z_arm_fault_data.str1.1
                0xc00084d3       0x18 zephyr/arch/arch/arm/core/cortex_a_r/libarch__arm__core__cortex_a_r.a(fault.c.obj)
 .rodata.str1.1
                0xc00084d3       0x8c zephyr/arch/arch/arm/core/cortex_a_r/libarch__arm__core__cortex_a_r.a(fault.c.obj)
 .rodata.str1.1
                0xc00084d3       0x1e zephyr/drivers/interrupt_controller/libdrivers__interrupt_controller.a(intc_exti_stm32.c.obj)
 .rodata.str1.1
                0xc00084d3        0xd zephyr/drivers/interrupt_controller/libdrivers__interrupt_controller.a(intc_gic.c.obj)
 .rodata.line_range_15.0
                0xc00084d3        0x2 zephyr/drivers/interrupt_controller/libdrivers__interrupt_controller.a(intc_gpio_stm32.c.obj)
 .rodata.line_range_14.1
                0xc00084d5        0x2 zephyr/drivers/interrupt_controller/libdrivers__interrupt_controller.a(intc_gpio_stm32.c.obj)
 .rodata.line_range_13.2
                0xc00084d7        0x2 zephyr/drivers/interrupt_controller/libdrivers__interrupt_controller.a(intc_gpio_stm32.c.obj)
 .rodata.line_range_12.3
                0xc00084d9        0x2 zephyr/drivers/interrupt_controller/libdrivers__interrupt_controller.a(intc_gpio_stm32.c.obj)
 .rodata.line_range_11.4
                0xc00084db        0x2 zephyr/drivers/interrupt_controller/libdrivers__interrupt_controller.a(intc_gpio_stm32.c.obj)
 .rodata.line_range_10.5
                0xc00084dd        0x2 zephyr/drivers/interrupt_controller/libdrivers__interrupt_controller.a(intc_gpio_stm32.c.obj)
 .rodata.line_range_9.6
                0xc00084df        0x2 zephyr/drivers/interrupt_controller/libdrivers__interrupt_controller.a(intc_gpio_stm32.c.obj)
 .rodata.line_range_8.7
                0xc00084e1        0x2 zephyr/drivers/interrupt_controller/libdrivers__interrupt_controller.a(intc_gpio_stm32.c.obj)
 .rodata.line_range_7.8
                0xc00084e3        0x2 zephyr/drivers/interrupt_controller/libdrivers__interrupt_controller.a(intc_gpio_stm32.c.obj)
 .rodata.line_range_6.9
                0xc00084e5        0x2 zephyr/drivers/interrupt_controller/libdrivers__interrupt_controller.a(intc_gpio_stm32.c.obj)