Archive member included to satisfy reference by file (symbol)

app/libapp.a(main.c.obj)      (--whole-archive)
app/libapp.a(sysram.c.obj)    (--whole-archive)
app/libapp.a(pmic_lp.c.obj)   (--whole-archive)
app/libapp.a(stpmic1.c.obj)   (--whole-archive)
zephyr/libzephyr.a(validate_libc.c.obj)
                              (--whole-archive)
zephyr/libzephyr.a(heap.c.obj)
                              (--whole-archive)
zephyr/libzephyr.a(boot_banner.c.obj)
                              (--whole-archive)
zephyr/libzephyr.a(cbprintf_packaged.c.obj)
                              (--whole-archive)
zephyr/libzephyr.a(clock.c.obj)
                              (--whole-archive)
zephyr/libzephyr.a(printk.c.obj)
                              (--whole-archive)
zephyr/libzephyr.a(cbprintf_complete.c.obj)
                              (--whole-archive)
zephyr/libzephyr.a(assert.c.obj)
                              (--whole-archive)
zephyr/libzephyr.a(reboot.c.obj)
                              (--whole-archive)
zephyr/libzephyr.a(dec.c.obj)
                              (--whole-archive)
zephyr/libzephyr.a(hex.c.obj)
                              (--whole-archive)
zephyr/libzephyr.a(rb.c.obj)  (--whole-archive)
zephyr/libzephyr.a(set.c.obj)
                              (--whole-archive)
zephyr/libzephyr.a(timeutil.c.obj)
                              (--whole-archive)
zephyr/libzephyr.a(bitarray.c.obj)
                              (--whole-archive)
zephyr/libzephyr.a(bitmask.c.obj)
                              (--whole-archive)
zephyr/libzephyr.a(getopt.c.obj)
                              (--whole-archive)
zephyr/libzephyr.a(getopt_common.c.obj)
                              (--whole-archive)
zephyr/libzephyr.a(ring_buffer.c.obj)
                              (--whole-archive)
zephyr/libzephyr.a(last_section_id.c.obj)
                              (--whole-archive)
zephyr/libzephyr.a(configs.c.obj)
                              (--whole-archive)
zephyr/libzephyr.a(stm32cube_hal.c.obj)
                              (--whole-archive)
zephyr/libzephyr.a(soc_config.c.obj)
                              (--whole-archive)
zephyr/libzephyr.a(gpioport_mgr.c.obj)
                              (--whole-archive)
zephyr/libzephyr.a(stm32_cache.c.obj)
                              (--whole-archive)
zephyr/libzephyr.a(stm32_backup_domain.c.obj)
                              (--whole-archive)
zephyr/libzephyr.a(soc.c.obj)
                              (--whole-archive)
zephyr/libzephyr.a(tracing_none.c.obj)
                              (--whole-archive)
zephyr/libzephyr.a(sem.c.obj)
                              (--whole-archive)
zephyr/libzephyr.a(thread_entry.c.obj)
                              (--whole-archive)
zephyr/arch/common/libarch__common.a(sw_isr_common.c.obj)
                              (--whole-archive)
zephyr/arch/common/libarch__common.a(init.c.obj)
                              (--whole-archive)
zephyr/arch/common/libarch__common.a(xip.c.obj)
                              (--whole-archive)
zephyr/arch/arch/arm/core/libarch__arm__core.a(fatal.c.obj)
                              (--whole-archive)
zephyr/arch/arch/arm/core/libarch__arm__core.a(nmi.c.obj)
                              (--whole-archive)
zephyr/arch/arch/arm/core/libarch__arm__core.a(nmi_on_reset.S.obj)
                              (--whole-archive)
zephyr/arch/arch/arm/core/libarch__arm__core.a(tls.c.obj)
                              (--whole-archive)
zephyr/arch/arch/arm/core/mmu/libarch__arm__core__mmu.a(arm_mmu.c.obj)
                              (--whole-archive)
zephyr/arch/arch/arm/core/cortex_a_r/libarch__arm__core__cortex_a_r.a(exc.S.obj)
                              (--whole-archive)
zephyr/arch/arch/arm/core/cortex_a_r/libarch__arm__core__cortex_a_r.a(fault.c.obj)
                              (--whole-archive)
zephyr/arch/arch/arm/core/cortex_a_r/libarch__arm__core__cortex_a_r.a(irq_init.c.obj)
                              (--whole-archive)
zephyr/arch/arch/arm/core/cortex_a_r/libarch__arm__core__cortex_a_r.a(reboot.c.obj)
                              (--whole-archive)
zephyr/arch/arch/arm/core/cortex_a_r/libarch__arm__core__cortex_a_r.a(reset.S.obj)
                              (--whole-archive)
zephyr/arch/arch/arm/core/cortex_a_r/libarch__arm__core__cortex_a_r.a(stacks.c.obj)
                              (--whole-archive)
zephyr/arch/arch/arm/core/cortex_a_r/libarch__arm__core__cortex_a_r.a(tcm.c.obj)
                              (--whole-archive)
zephyr/arch/arch/arm/core/cortex_a_r/libarch__arm__core__cortex_a_r.a(vector_table.S.obj)
                              (--whole-archive)
zephyr/arch/arch/arm/core/cortex_a_r/libarch__arm__core__cortex_a_r.a(irq_manage.c.obj)
                              (--whole-archive)
zephyr/arch/arch/arm/core/cortex_a_r/libarch__arm__core__cortex_a_r.a(prep_c.c.obj)
                              (--whole-archive)
[...]
Memory Configuration

Name             Origin             Length             Attributes
FLASH            0xc0000000         0x10000000         xr
RAM              0xd0000000         0x10000000         xw
SYSRAM           0x2ffe0000         0x0001c000         rw
DDR_CODE         0xc0000000         0x10000000         rw
DDR_DATA         0xd0000000         0x10000000         rw
ETH_SRAM         0x2fffc000         0x00004000         rw
IDT_LIST         0xffff8000         0x00008000         xw
*default*        0x00000000         0xffffffff

Linker script and memory map

                0xc000992c                        vfprintf = __l_vfprintf
                0x00000000                        vfscanf = __l_vfscanf
LOAD zephyr/CMakeFiles/zephyr_final.dir/misc/empty_file.c.obj
LOAD zephyr/CMakeFiles/zephyr_final.dir/isr_tables.c.obj
LOAD zephyr/CMakeFiles/offsets.dir/./arch/arm/core/offsets/offsets.c.obj
LOAD app/libapp.a
LOAD zephyr/libzephyr.a
LOAD zephyr/arch/common/libarch__common.a
LOAD zephyr/arch/arch/arm/core/libarch__arm__core.a
LOAD zephyr/arch/arch/arm/core/mmu/libarch__arm__core__mmu.a
LOAD zephyr/arch/arch/arm/core/cortex_a_r/libarch__arm__core__cortex_a_r.a
LOAD zephyr/lib/libc/picolibc/liblib__libc__picolibc.a
LOAD zephyr/lib/libc/common/liblib__libc__common.a
LOAD zephyr/subsys/portability/posix/c_lib_ext/libsubsys__portability__posix__c_lib_ext.a
LOAD zephyr/drivers/interrupt_controller/libdrivers__interrupt_controller.a
LOAD zephyr/drivers/clock_control/libdrivers__clock_control.a
LOAD zephyr/drivers/console/libdrivers__console.a
LOAD zephyr/drivers/gpio/libdrivers__gpio.a
LOAD zephyr/drivers/i2c/libdrivers__i2c.a
LOAD zephyr/drivers/pinctrl/libdrivers__pinctrl.a
LOAD zephyr/drivers/reset/libdrivers__reset.a
LOAD zephyr/drivers/rtc/libdrivers__rtc.a
LOAD zephyr/drivers/serial/libdrivers__serial.a
LOAD zephyr/drivers/timer/libdrivers__timer.a
LOAD modules/hal_stm32/stm32cube/lib..__modules__hal__stm32__stm32cube.a
LOAD zephyr/kernel/libkernel.a
LOAD zephyr/arch/common/libisr_tables.a
LOAD /local/home/achraftm/zephyr-sdk-1.0.1/gnu/arm-zephyr-eabi/bin/../lib/gcc/arm-zephyr-eabi/14.3.0/../../../../arm-zephyr-eabi/lib/thumb/v7/nofp/space/libc.a
LOAD /local/home/achraftm/zephyr-sdk-1.0.1/gnu/arm-zephyr-eabi/bin/../lib/gcc/arm-zephyr-eabi/14.3.0/thumb/v7/nofp/space/libgcc.a
                0x00001000                        _region_min_align = 0x1000

.rel.plt        0xc0000000        0x0
 *(SORT_BY_ALIGNMENT(.rel.plt))
                [!provide]                        PROVIDE (__rel_iplt_start = .)
 *(SORT_BY_ALIGNMENT(.rel.iplt))
 .rel.iplt      0xc0000000        0x0 zephyr/CMakeFiles/zephyr_final.dir/isr_tables.c.obj
                [!provide]                        PROVIDE (__rel_iplt_end = .)

.rela.plt       0x00000000        0x0
 *(SORT_BY_ALIGNMENT(.rela.plt))
                [!provide]                        PROVIDE (__rela_iplt_start = .)
 *(SORT_BY_ALIGNMENT(.rela.iplt))
                [!provide]                        PROVIDE (__rela_iplt_end = .)

.rel.dyn
 *(SORT_BY_ALIGNMENT(.rel.*))

.rela.dyn
 *(SORT_BY_ALIGNMENT(.rela.*))

.plt
 *(SORT_BY_ALIGNMENT(.plt))

.iplt           0xc0000000        0x0
 *(SORT_BY_ALIGNMENT(.iplt))
 .iplt          0xc0000000        0x0 zephyr/CMakeFiles/zephyr_final.dir/isr_tables.c.obj
                0xc0000000                        __rom_region_start = 0xc0000000

rom_start       0xc0000000       0x3c
                0xc0000000                        __rom_start_address = .
 FILL mask 0x00
                0xc0000000                        . = (. + (0x0 - (. - __rom_start_address)))
                0xc0000000                        . = ALIGN (0x4)
                0xc0000000                        _vector_start = .
 *(SORT_BY_ALIGNMENT(.exc_vector_table))
 *(SORT_BY_ALIGNMENT(.exc_vector_table.*))
 .exc_vector_table._vector_table_section
                0xc0000000       0x3c zephyr/arch/arch/arm/core/cortex_a_r/libarch__arm__core__cortex_a_r.a(vector_table.S.obj)
                0xc0000000                _vector_table
 *(SORT_BY_ALIGNMENT(.vectors))
                0xc000003c                        _vector_end = .

text            0xc0000040     0x9fc0
                0xc0001000                        . = ALIGN (_region_min_align)
 *fill*         0xc0000040      0xfc0 
                0xc0001000                        __text_region_start = .
 *(SORT_BY_ALIGNMENT(.text))
 .text          0xc0001000      0x21c /local/home/achraftm/zephyr-sdk-1.0.1/gnu/arm-zephyr-eabi/bin/../lib/gcc/arm-zephyr-eabi/14.3.0/thumb/v7/nofp/space/libgcc.a(_arm_addsubsf3.o)
                0xc0001000                __aeabi_frsub
                0xc0001008                __subsf3
                0xc0001008                __aeabi_fsub
                0xc000100c                __aeabi_fadd
                0xc000100c                __addsf3
                0xc000116c                __aeabi_ui2f
                0xc000116c                __floatunsisf
                0xc0001174                __aeabi_i2f
                0xc0001174                __floatsisf
                0xc0001190                __floatundisf
                0xc0001190                __aeabi_ul2f
                0xc00011a0                __floatdisf
                0xc00011a0                __aeabi_l2f
 .text          0xc000121c      0x2a0 /local/home/achraftm/zephyr-sdk-1.0.1/gnu/arm-zephyr-eabi/bin/../lib/gcc/arm-zephyr-eabi/14.3.0/thumb/v7/nofp/space/libgcc.a(_arm_muldivsf3.o)
                0xc000121c                __mulsf3
                0xc000121c                __aeabi_fmul
                0xc0001384                __divsf3
                0xc0001384                __aeabi_fdiv
 .text          0xc00014bc       0x40 /local/home/achraftm/zephyr-sdk-1.0.1/gnu/arm-zephyr-eabi/bin/../lib/gcc/arm-zephyr-eabi/14.3.0/thumb/v7/nofp/space/libgcc.a(_arm_fixunssfsi.o)
                0xc00014bc                __aeabi_f2uiz
                0xc00014bc                __fixunssfsi
 .text          0xc00014fc       0x30 /local/home/achraftm/zephyr-sdk-1.0.1/gnu/arm-zephyr-eabi/bin/../lib/gcc/arm-zephyr-eabi/14.3.0/thumb/v7/nofp/space/libgcc.a(_aeabi_uldivmod.o)
                0xc00014fc                __aeabi_uldivmod
 .text          0xc000152c        0x4 /local/home/achraftm/zephyr-sdk-1.0.1/gnu/arm-zephyr-eabi/bin/../lib/gcc/arm-zephyr-eabi/14.3.0/thumb/v7/nofp/space/libgcc.a(_dvmd_tls.o)
                0xc000152c                __aeabi_ldiv0
                0xc000152c                __aeabi_idiv0
 .text          0xc0001530       0xf8 /local/home/achraftm/zephyr-sdk-1.0.1/gnu/arm-zephyr-eabi/bin/../lib/gcc/arm-zephyr-eabi/14.3.0/thumb/v7/nofp/space/libgcc.a(_udivmoddi4.o)
                0xc0001530                __udivmoddi4
 *(SORT_BY_ALIGNMENT(.text.*))
 .text._OffsetAbsSyms
                0xc0001628        0x4 zephyr/CMakeFiles/offsets.dir/./arch/arm/core/offsets/offsets.c.obj
                0xc0001628                _OffsetAbsSyms
 .text.rtc_enable_backup_domain_write
                0xc000162c       0x34 app/libapp.a(main.c.obj)
 .text.board_uart_init
                0xc0001660        0x4 app/libapp.a(main.c.obj)
                0xc0001660                board_uart_init
 .text.main     0xc0001664      0x578 app/libapp.a(main.c.obj)
                0xc0001664                main
 .text.sysram_init
                0xc0001bdc       0x7c app/libapp.a(sysram.c.obj)
                0xc0001bdc                sysram_init
 .text.sysram_cstop_enter_lp_stop
                0xc0001c58       0x20 app/libapp.a(sysram.c.obj)
                0xc0001c58                sysram_cstop_enter_lp_stop
 .text.sysram_get_result
                0xc0001c78        0xc app/libapp.a(sysram.c.obj)
                0xc0001c78                sysram_get_result
 .text.sysram_get_stub_addr
                0xc0001c84       0x10 app/libapp.a(sysram.c.obj)
                0xc0001c84                sysram_get_stub_addr
 .text.sysram_get_result_addr
                0xc0001c94        0xc app/libapp.a(sysram.c.obj)
                0xc0001c94                sysram_get_result_addr
 .text.sysram_get_stack_addr
                0xc0001ca0        0xc app/libapp.a(sysram.c.obj)
                0xc0001ca0                sysram_get_stack_addr
 .text.sysram_get_text_size
                0xc0001cac       0x18 app/libapp.a(sysram.c.obj)
                0xc0001cac                sysram_get_text_size
 .text.stpmic1_init
                0xc0001cc4       0x40 app/libapp.a(stpmic1.c.obj)
 .text.chunk_field
                0xc0001d04       0x1c zephyr/libzephyr.a(heap.c.obj)
 .text.chunk_set
                0xc0001d20       0x1c zephyr/libzephyr.a(heap.c.obj)
 .text.chunk_size
                0xc0001d3c       0x14 zephyr/libzephyr.a(heap.c.obj)
 .text.set_chunk_used
                0xc0001d50       0x40 zephyr/libzephyr.a(heap.c.obj)
 .text.set_chunk_size
                0xc0001d90        0xc zephyr/libzephyr.a(heap.c.obj)
 .text.undersized_chunk
                0xc0001d9c       0x2c zephyr/libzephyr.a(heap.c.obj)
 .text.bucket_idx
                0xc0001dc8       0x18 zephyr/libzephyr.a(heap.c.obj)
 .text.free_list_add
                0xc0001de0       0xd8 zephyr/libzephyr.a(heap.c.obj)
 .text.sys_heap_init
                0xc0001eb8       0xfc zephyr/libzephyr.a(heap.c.obj)
                0xc0001eb8                sys_heap_init
 .text.boot_banner
                0xc0001fb4       0x18 zephyr/libzephyr.a(boot_banner.c.obj)
 .text.arch_printk_char_out
                0xc0001fcc        0x8 zephyr/libzephyr.a(printk.c.obj)
                0xc0001fcc                arch_printk_char_out
 .text.char_out
                0xc0001fd4       0x10 zephyr/libzephyr.a(printk.c.obj)
 .text.__printk_hook_install
                0xc0001fe4       0x10 zephyr/libzephyr.a(printk.c.obj)
                0xc0001fe4                __printk_hook_install
 .text.vprintk  0xc0001ff4       0x4c zephyr/libzephyr.a(printk.c.obj)
                0xc0001ff4                vprintk
 .text.printk   0xc0002040       0x28 zephyr/libzephyr.a(printk.c.obj)
                0xc0002040                printk
 .text._ConfigAbsSyms
                0xc0002068        0x4 zephyr/libzephyr.a(configs.c.obj)
                0xc0002068                _ConfigAbsSyms
 .text.st_stm32_common_config
                0xc000206c       0x1c zephyr/libzephyr.a(soc_config.c.obj)
 .text.stm32_gpioport_init
                0xc0002088       0x3c zephyr/libzephyr.a(gpioport_mgr.c.obj)
 .text.stm32_gpioport_get
                0xc00020c4       0x38 zephyr/libzephyr.a(gpioport_mgr.c.obj)
                0xc00020c4                stm32_gpioport_get
 .text.stm32_gpioport_configure_pin
                0xc00020fc      0x16c zephyr/libzephyr.a(gpioport_mgr.c.obj)
                0xc00020fc                stm32_gpioport_configure_pin
 .text.stm32_backup_domain_enable_access
                0xc0002268       0x5c zephyr/libzephyr.a(stm32_backup_domain.c.obj)
                0xc0002268                stm32_backup_domain_enable_access
 .text.stm32_backup_domain_disable_access
                0xc00022c4       0x84 zephyr/libzephyr.a(stm32_backup_domain.c.obj)
                0xc00022c4                stm32_backup_domain_disable_access
 .text.relocate_vector_table
                0xc0002348       0x24 zephyr/libzephyr.a(soc.c.obj)
                0xc0002348                relocate_vector_table
 .text.soc_early_init_hook
                0xc000236c       0x28 zephyr/libzephyr.a(soc.c.obj)
                0xc000236c                soc_early_init_hook
 .text.z_thread_entry
                0xc0002394       0x48 zephyr/libzephyr.a(thread_entry.c.obj)
                0xc0002394                z_thread_entry
 .text.arch_early_memset
                0xc00023dc        0x4 zephyr/arch/common/libarch__common.a(init.c.obj)
                0xc00023dc                arch_early_memset
 .text.arch_early_memcpy
                0xc00023e0        0x4 zephyr/arch/common/libarch__common.a(init.c.obj)
                0xc00023e0                arch_early_memcpy
 .text.arch_bss_zero
                0xc00023e4       0x24 zephyr/arch/common/libarch__common.a(init.c.obj)
                0xc00023e4                arch_bss_zero
 .text.arch_data_copy
                0xc0002408       0x20 zephyr/arch/common/libarch__common.a(xip.c.obj)
                0xc0002408                arch_data_copy
 .text.z_arm_fatal_error
                0xc0002428       0x68 zephyr/arch/arch/arm/core/libarch__arm__core.a(fatal.c.obj)
                0xc0002428                z_arm_fatal_error
 .text.z_do_kernel_oops
                0xc0002490        0xc zephyr/arch/arch/arm/core/libarch__arm__core.a(fatal.c.obj)
                0xc0002490                z_do_kernel_oops
 .text.z_arm_nmi
                0xc000249c       0x1c zephyr/arch/arch/arm/core/libarch__arm__core.a(nmi.c.obj)
                0xc000249c                z_arm_nmi
 .text.z_SysNmiOnReset
                0xc00024b8        0x8 zephyr/arch/arch/arm/core/libarch__arm__core.a(nmi_on_reset.S.obj)
                0xc00024b8                z_SysNmiOnReset
 .text.arch_tls_stack_setup
                0xc00024c0       0x54 zephyr/arch/arch/arm/core/libarch__arm__core.a(tls.c.obj)
                0xc00024c0                arch_tls_stack_setup
 .text.invalidate_tlb_all
                0xc0002514       0x14 zephyr/arch/arch/arm/core/mmu/libarch__arm__core__mmu.a(arm_mmu.c.obj)
 .text.arm_mmu_convert_attr_flags
                0xc0002528      0x120 zephyr/arch/arch/arm/core/mmu/libarch__arm__core__mmu.a(arm_mmu.c.obj)
 .text.arm_mmu_l2_map_page
                0xc0002648      0x2c0 zephyr/arch/arch/arm/core/mmu/libarch__arm__core__mmu.a(arm_mmu.c.obj)
 .text.z_arm_mmu_init
                0xc0002908      0x238 zephyr/arch/arch/arm/core/mmu/libarch__arm__core__mmu.a(arm_mmu.c.obj)
                0xc0002908                z_arm_mmu_init
 .text.__exc    0xc0002b40       0xb0 zephyr/arch/arch/arm/core/cortex_a_r/libarch__arm__core__cortex_a_r.a(exc.S.obj)
                0xc0002b40                z_arm_undef_instruction
                0xc0002b84                z_arm_prefetch_abort
                0xc0002bb4                z_arm_data_abort
 .text.dump_fault
                0xc0002bf0      0x1ec zephyr/arch/arch/arm/core/cortex_a_r/libarch__arm__core__cortex_a_r.a(fault.c.obj)
 .text.z_arm_fault_undef_instruction
                0xc0002ddc       0x28 zephyr/arch/arch/arm/core/cortex_a_r/libarch__arm__core__cortex_a_r.a(fault.c.obj)
                0xc0002ddc                z_arm_fault_undef_instruction
 .text.z_arm_fault_prefetch
                0xc0002e04       0x48 zephyr/arch/arch/arm/core/cortex_a_r/libarch__arm__core__cortex_a_r.a(fault.c.obj)
                0xc0002e04                z_arm_fault_prefetch
 .text.z_arm_fault_data
                0xc0002e4c       0x48 zephyr/arch/arch/arm/core/cortex_a_r/libarch__arm__core__cortex_a_r.a(fault.c.obj)
                0xc0002e4c                z_arm_fault_data
 .text.z_arm_interrupt_init
                0xc0002e94        0x4 zephyr/arch/arch/arm/core/cortex_a_r/libarch__arm__core__cortex_a_r.a(irq_init.c.obj)
                0xc0002e94                z_arm_interrupt_init
 .text.z_arm_relocate_vector_table
                0xc0002e98        0xc zephyr/arch/arch/arm/core/cortex_a_r/libarch__arm__core__cortex_a_r.a(reboot.c.obj)
                0xc0002e98                z_arm_relocate_vector_table
 .text._reset_section
                0xc0002ea4       0x78 zephyr/arch/arch/arm/core/cortex_a_r/libarch__arm__core__cortex_a_r.a(reset.S.obj)
                0xc0002ea4                z_arm_reset
                0xc0002ea4                __start
 .text.arm_irq_enable
                0xc0002f1c        0x4 zephyr/arch/arch/arm/core/cortex_a_r/libarch__arm__core__cortex_a_r.a(irq_manage.c.obj)
                0xc0002f1c                arm_irq_enable
 .text.arm_irq_priority_set
                0xc0002f20        0x4 zephyr/arch/arch/arm/core/cortex_a_r/libarch__arm__core__cortex_a_r.a(irq_manage.c.obj)
                0xc0002f20                arm_irq_priority_set
 .text.z_irq_spurious
                0xc0002f24        0xc zephyr/arch/arch/arm/core/cortex_a_r/libarch__arm__core__cortex_a_r.a(irq_manage.c.obj)
                0xc0002f24                z_irq_spurious
 .text.z_prep_c
                0xc0002f30       0x28 zephyr/arch/arch/arm/core/cortex_a_r/libarch__arm__core__cortex_a_r.a(prep_c.c.obj)
                0xc0002f30                z_prep_c
 .text.arch_new_thread
                0xc0002f58       0x44 zephyr/arch/arch/arm/core/cortex_a_r/libarch__arm__core__cortex_a_r.a(thread.c.obj)
                0xc0002f58                arch_new_thread
 .text.arch_coprocessors_disable
                0xc0002f9c        0x8 zephyr/arch/arch/arm/core/cortex_a_r/libarch__arm__core__cortex_a_r.a(thread.c.obj)
                0xc0002f9c                arch_coprocessors_disable
 .text.arch_cpu_idle
                0xc0002fa4       0x14 zephyr/arch/arch/arm/core/cortex_a_r/libarch__arm__core__cortex_a_r.a(cpu_idle.c.obj)
                0xc0002fa4                arch_cpu_idle
 .text._isr_wrapper
                0xc0002fb8       0x80 zephyr/arch/arch/arm/core/cortex_a_r/libarch__arm__core__cortex_a_r.a(isr_wrapper.S.obj)
                0xc0002fb8                _isr_wrapper
 .text.__aeabi_read_tp
                0xc0003038        0x8 zephyr/arch/arch/arm/core/cortex_a_r/libarch__arm__core__cortex_a_r.a(__aeabi_read_tp.S.obj)
                0xc0003038                __aeabi_read_tp
 .text.arch_cache_init
                0xc0003040        0x4 zephyr/arch/arch/arm/core/cortex_a_r/libarch__arm__core__cortex_a_r.a(cache.c.obj)
                0xc0003040                arch_cache_init
 .text.z_arm_do_swap
                0xc0003044       0x64 zephyr/arch/arch/arm/core/cortex_a_r/libarch__arm__core__cortex_a_r.a(swap_helper.S.obj)
                0xc0003044                z_arm_do_swap
 .text.z_arm_svc
                0xc00030a8       0x88 zephyr/arch/arch/arm/core/cortex_a_r/libarch__arm__core__cortex_a_r.a(swap_helper.S.obj)
                0xc00030a8                z_arm_svc
 .text.z_arm_cortex_r_svc
                0xc0003130        0x8 zephyr/arch/arch/arm/core/cortex_a_r/libarch__arm__core__cortex_a_r.a(swap_helper.S.obj)
                0xc0003130                z_arm_cortex_r_svc
 .text._HandlerModeExit
                0xc0003138       0xbc zephyr/arch/arch/arm/core/cortex_a_r/libarch__arm__core__cortex_a_r.a(exc_exit.S.obj)
                0xc0003138                z_arm_int_exit
                0xc0003190                z_arm_exc_exit
 .text.z_impl_zephyr_fputc
                0xc00031f4       0x1c zephyr/lib/libc/picolibc/liblib__libc__picolibc.a(stdio.c.obj)
                0xc00031f4                z_impl_zephyr_fputc
 .text.picolibc_put
                0xc0003210       0x10 zephyr/lib/libc/picolibc/liblib__libc__picolibc.a(stdio.c.obj)
 .text.__stdout_hook_install
                0xc0003220       0x24 zephyr/lib/libc/picolibc/liblib__libc__picolibc.a(stdio.c.obj)
                0xc0003220                __stdout_hook_install
 .text.malloc_prepare
                0xc0003244       0x24 zephyr/lib/libc/common/liblib__libc__common.a(malloc.c.obj)
 .text.stm32_exti_enable_it
                0xc0003268       0x54 zephyr/drivers/interrupt_controller/libdrivers__interrupt_controller.a(intc_exti_stm32.c.obj)
 .text.stm32_exti_disable_it
                0xc00032bc       0x54 zephyr/drivers/interrupt_controller/libdrivers__interrupt_controller.a(intc_exti_stm32.c.obj)
 .text.stm32_exti_init
                0xc0003310       0x40 zephyr/drivers/interrupt_controller/libdrivers__interrupt_controller.a(intc_exti_stm32.c.obj)
 .text.stm32_exti_is_pending
                0xc0003350       0x4c zephyr/drivers/interrupt_controller/libdrivers__interrupt_controller.a(intc_exti_stm32.c.obj)
                0xc0003350                stm32_exti_is_pending
 .text.stm32_exti_clear_pending
                0xc000339c       0x38 zephyr/drivers/interrupt_controller/libdrivers__interrupt_controller.a(intc_exti_stm32.c.obj)
                0xc000339c                stm32_exti_clear_pending
 .text.stm32_exti_enable
                0xc00033d4      0x1b4 zephyr/drivers/interrupt_controller/libdrivers__interrupt_controller.a(intc_exti_stm32.c.obj)
                0xc00033d4                stm32_exti_enable
 .text.arm_gic_init
                0xc0003588      0x1c8 zephyr/drivers/interrupt_controller/libdrivers__interrupt_controller.a(intc_gic.c.obj)
                0xc0003588                arm_gic_init
 .text.arm_gic_irq_enable
                0xc0003750       0x28 zephyr/drivers/interrupt_controller/libdrivers__interrupt_controller.a(intc_gic.c.obj)
                0xc0003750                arm_gic_irq_enable
 .text.arm_gic_irq_set_priority
                0xc0003778       0x54 zephyr/drivers/interrupt_controller/libdrivers__interrupt_controller.a(intc_gic.c.obj)
                0xc0003778                arm_gic_irq_set_priority
 .text.arm_gic_get_active
                0xc00037cc       0x14 zephyr/drivers/interrupt_controller/libdrivers__interrupt_controller.a(intc_gic.c.obj)
                0xc00037cc                arm_gic_get_active
 .text.arm_gic_eoi
                0xc00037e0       0x18 zephyr/drivers/interrupt_controller/libdrivers__interrupt_controller.a(intc_gic.c.obj)
                0xc00037e0                arm_gic_eoi
 .text.stm32_intc_gpio_isr
                0xc00037f8       0x70 zephyr/drivers/interrupt_controller/libdrivers__interrupt_controller.a(intc_gpio_stm32.c.obj)
 .text.stm32_fill_irq_table.constprop.0
                0xc0003868       0x14 zephyr/drivers/interrupt_controller/libdrivers__interrupt_controller.a(intc_gpio_stm32.c.obj)
 .text.stm32_exti_gpio_intc_init
                0xc000387c      0x1cc zephyr/drivers/interrupt_controller/libdrivers__interrupt_controller.a(intc_gpio_stm32.c.obj)
 .text.stm32_gpio_intc_get_pin_irq_line
                0xc0003a48       0x10 zephyr/drivers/interrupt_controller/libdrivers__interrupt_controller.a(intc_gpio_stm32.c.obj)
                0xc0003a48                stm32_gpio_intc_get_pin_irq_line
 .text.stm32_gpio_intc_enable_line
                0xc0003a58       0x3c zephyr/drivers/interrupt_controller/libdrivers__interrupt_controller.a(intc_gpio_stm32.c.obj)
                0xc0003a58                stm32_gpio_intc_enable_line
 .text.stm32_gpio_intc_disable_line
                0xc0003a94       0x18 zephyr/drivers/interrupt_controller/libdrivers__interrupt_controller.a(intc_gpio_stm32.c.obj)
                0xc0003a94                stm32_gpio_intc_disable_line
 .text.stm32_gpio_intc_select_line_trigger
                0xc0003aac       0x90 zephyr/drivers/interrupt_controller/libdrivers__interrupt_controller.a(intc_gpio_stm32.c.obj)
                0xc0003aac                stm32_gpio_intc_select_line_trigger
 .text.stm32_gpio_intc_set_irq_callback
                0xc0003b3c       0x7c zephyr/drivers/interrupt_controller/libdrivers__interrupt_controller.a(intc_gpio_stm32.c.obj)
                0xc0003b3c                stm32_gpio_intc_set_irq_callback
 .text.stm32_gpio_intc_remove_irq_callback
                0xc0003bb8       0x30 zephyr/drivers/interrupt_controller/libdrivers__interrupt_controller.a(intc_gpio_stm32.c.obj)
                0xc0003bb8                stm32_gpio_intc_remove_irq_callback
 .text.stm32_exti_set_line_src_port
                0xc0003be8       0x2c zephyr/drivers/interrupt_controller/libdrivers__interrupt_controller.a(intc_gpio_stm32.c.obj)
                0xc0003be8                stm32_exti_set_line_src_port
 .text.stm32_exti_get_line_src_port
                0xc0003c14       0x2c zephyr/drivers/interrupt_controller/libdrivers__interrupt_controller.a(intc_gpio_stm32.c.obj)
                0xc0003c14                stm32_exti_get_line_src_port
 .text.stm32_clock_control_on
                0xc0003c40       0x5c zephyr/drivers/clock_control/libdrivers__clock_control.a(clock_stm32_ll_mp13.c.obj)
 .text.stm32_clock_control_off
                0xc0003c9c       0x5c zephyr/drivers/clock_control/libdrivers__clock_control.a(clock_stm32_ll_mp13.c.obj)
 .text.stm32_clock_control_get_subsys_rate
                0xc0003cf8      0x11c zephyr/drivers/clock_control/libdrivers__clock_control.a(clock_stm32_ll_mp13.c.obj)
 .text.stm32_clock_control_init
                0xc0003e14      0x1c8 zephyr/drivers/clock_control/libdrivers__clock_control.a(clock_stm32_ll_mp13.c.obj)
 .text.enabled_clock
                0xc0003fdc       0x28 zephyr/drivers/clock_control/libdrivers__clock_control.a(clock_stm32_ll_mp13.c.obj)
                0xc0003fdc                enabled_clock
 .text.stm32_clock_control_configure
                0xc0004004       0x60 zephyr/drivers/clock_control/libdrivers__clock_control.a(clock_stm32_ll_mp13.c.obj)
 .text.stm32_clock_control_get_status
                0xc0004064       0x60 zephyr/drivers/clock_control/libdrivers__clock_control.a(clock_stm32_ll_mp13.c.obj)
 .text.uart_console_init
                0xc00040c4       0x3c zephyr/drivers/console/libdrivers__console.a(uart_console.c.obj)
 .text.console_out
                0xc0004100       0x48 zephyr/drivers/console/libdrivers__console.a(uart_console.c.obj)
 .text.mcp230xx_bus_is_ready
                0xc0004148       0x20 zephyr/drivers/gpio/libdrivers__gpio.a(gpio_mcp230xx.c.obj)
 .text.mcp230xx_read_port_regs
                0xc0004168       0x94 zephyr/drivers/gpio/libdrivers__gpio.a(gpio_mcp230xx.c.obj)
 .text.mcp230xx_write_port_regs
                0xc00041fc       0x6c zephyr/drivers/gpio/libdrivers__gpio.a(gpio_mcp230xx.c.obj)
 .text.gpio_pin_configure_dt
                0xc0004268       0x60 zephyr/drivers/gpio/libdrivers__gpio.a(gpio_mcp23xxx.c.obj)
 .text.read_port_regs
                0xc00042c8       0x1c zephyr/drivers/gpio/libdrivers__gpio.a(gpio_mcp23xxx.c.obj)
 .text.write_port_regs
                0xc00042e4       0x1c zephyr/drivers/gpio/libdrivers__gpio.a(gpio_mcp23xxx.c.obj)
 .text.k_sem_give
                0xc0004300        0x4 zephyr/drivers/gpio/libdrivers__gpio.a(gpio_mcp23xxx.c.obj)
 .text.mcp23xxx_int_gpio_handler
                0xc0004304        0x8 zephyr/drivers/gpio/libdrivers__gpio.a(gpio_mcp23xxx.c.obj)
 .text.k_sem_take.constprop.0.isra.0
                0xc000430c        0x4 zephyr/drivers/gpio/libdrivers__gpio.a(gpio_mcp23xxx.c.obj)
 .text.mcp23xxx_manage_callback
                0xc0004310       0xf0 zephyr/drivers/gpio/libdrivers__gpio.a(gpio_mcp23xxx.c.obj)
 .text.mcp23xxx_pin_interrupt_configure
                0xc0004400      0x1a8 zephyr/drivers/gpio/libdrivers__gpio.a(gpio_mcp23xxx.c.obj)
 .text.mcp23xxx_port_toggle_bits
                0xc00045a8       0x68 zephyr/drivers/gpio/libdrivers__gpio.a(gpio_mcp23xxx.c.obj)
 .text.mcp23xxx_port_set_masked_raw
                0xc0004610       0x74 zephyr/drivers/gpio/libdrivers__gpio.a(gpio_mcp23xxx.c.obj)
 .text.mcp23xxx_port_clear_bits_raw
                0xc0004684        0x8 zephyr/drivers/gpio/libdrivers__gpio.a(gpio_mcp23xxx.c.obj)
 .text.mcp23xxx_port_set_bits_raw
                0xc000468c        0x8 zephyr/drivers/gpio/libdrivers__gpio.a(gpio_mcp23xxx.c.obj)
 .text.mcp23xxx_port_get_raw
                0xc0004694       0x64 zephyr/drivers/gpio/libdrivers__gpio.a(gpio_mcp23xxx.c.obj)
 .text.mcp23xxx_pin_cfg
                0xc00046f8      0x13c zephyr/drivers/gpio/libdrivers__gpio.a(gpio_mcp23xxx.c.obj)
 .text.mcp23xxx_work_handler
                0xc0004834       0xf8 zephyr/drivers/gpio/libdrivers__gpio.a(gpio_mcp23xxx.c.obj)
 .text.gpio_mcp23xxx_init
                0xc000492c      0x1dc zephyr/drivers/gpio/libdrivers__gpio.a(gpio_mcp23xxx.c.obj)
                0xc000492c                gpio_mcp23xxx_init
 .text.gpio_stm32_port_get_raw
                0xc0004b08       0x18 zephyr/drivers/gpio/libdrivers__gpio.a(gpio_stm32.c.obj)
 .text.gpio_stm32_port_set_masked_raw
                0xc0004b20       0x24 zephyr/drivers/gpio/libdrivers__gpio.a(gpio_stm32.c.obj)
 .text.gpio_stm32_port_set_bits_raw
                0xc0004b44       0x1c zephyr/drivers/gpio/libdrivers__gpio.a(gpio_stm32.c.obj)
 .text.gpio_stm32_port_clear_bits_raw
                0xc0004b60       0x18 zephyr/drivers/gpio/libdrivers__gpio.a(gpio_stm32.c.obj)
 .text.gpio_stm32_port_toggle_bits
                0xc0004b78       0x28 zephyr/drivers/gpio/libdrivers__gpio.a(gpio_stm32.c.obj)
 .text.gpio_stm32_manage_callback
                0xc0004ba0       0xa4 zephyr/drivers/gpio/libdrivers__gpio.a(gpio_stm32.c.obj)
 .text.gpio_stm32_pin_interrupt_configure
                0xc0004c44       0xf4 zephyr/drivers/gpio/libdrivers__gpio.a(gpio_stm32.c.obj)
 .text.gpio_stm32_config
                0xc0004d38       0xd4 zephyr/drivers/gpio/libdrivers__gpio.a(gpio_stm32.c.obj)
 .text.gpio_stm32_isr
                0xc0004e0c       0x58 zephyr/drivers/gpio/libdrivers__gpio.a(gpio_stm32.c.obj)
 .text.i2c_stm32_get_config
                0xc0004e64       0x20 zephyr/drivers/i2c/libdrivers__i2c.a(i2c_stm32.c.obj)
                0xc0004e64                i2c_stm32_get_config
 .text.i2c_stm32_irq_config_func_0
                0xc0004e84       0x38 zephyr/drivers/i2c/libdrivers__i2c.a(i2c_stm32.c.obj)
 .text.i2c_stm32_irq_config_func_1
                0xc0004ebc       0x38 zephyr/drivers/i2c/libdrivers__i2c.a(i2c_stm32.c.obj)
 .text.i2c_stm32_irq_config_func_2
                0xc0004ef4       0x38 zephyr/drivers/i2c/libdrivers__i2c.a(i2c_stm32.c.obj)
 .text.i2c_stm32_transfer
                0xc0004f2c       0xdc zephyr/drivers/i2c/libdrivers__i2c.a(i2c_stm32.c.obj)
 .text.i2c_stm32_set_smbus_mode
                0xc0005008       0x24 zephyr/drivers/i2c/libdrivers__i2c.a(i2c_stm32.c.obj)
                0xc0005008                i2c_stm32_set_smbus_mode
 .text.i2c_stm32_runtime_configure
                0xc000502c       0xbc zephyr/drivers/i2c/libdrivers__i2c.a(i2c_stm32.c.obj)
                0xc000502c                i2c_stm32_runtime_configure
 .text.i2c_stm32_init
                0xc00050e8       0xe4 zephyr/drivers/i2c/libdrivers__i2c.a(i2c_stm32.c.obj)
 .text.i2c_stm32_event_isr
                0xc00051cc        0x4 zephyr/drivers/i2c/libdrivers__i2c.a(i2c_stm32_common.c.obj)
                0xc00051cc                i2c_stm32_event_isr
 .text.i2c_stm32_error_isr
                0xc00051d0        0x4 zephyr/drivers/i2c/libdrivers__i2c.a(i2c_stm32_common.c.obj)
                0xc00051d0                i2c_stm32_error_isr
 .text.i2c_stm32_activate
                0xc00051d4       0x70 zephyr/drivers/i2c/libdrivers__i2c.a(i2c_stm32_common.c.obj)
                0xc00051d4                i2c_stm32_activate
 .text.i2c_stm32_disable_transfer_interrupts
                0xc0005244       0x60 zephyr/drivers/i2c/libdrivers__i2c.a(i2c_stm32_v2.c.obj)
 .text.i2c_stm32_signal_xfer_done.isra.0
                0xc00052a4       0x18 zephyr/drivers/i2c/libdrivers__i2c.a(i2c_stm32_v2.c.obj)
 .text.i2c_stm32_event
                0xc00052bc      0x15c zephyr/drivers/i2c/libdrivers__i2c.a(i2c_stm32_v2.c.obj)
                0xc00052bc                i2c_stm32_event
 .text.i2c_stm32_error
                0xc0005418       0x64 zephyr/drivers/i2c/libdrivers__i2c.a(i2c_stm32_v2.c.obj)
                0xc0005418                i2c_stm32_error
 .text.i2c_stm32_configure_timing
                0xc000547c      0x1a4 zephyr/drivers/i2c/libdrivers__i2c.a(i2c_stm32_v2.c.obj)
                0xc000547c                i2c_stm32_configure_timing
 .text.i2c_stm32_transaction
                0xc0005620      0x1c0 zephyr/drivers/i2c/libdrivers__i2c.a(i2c_stm32_v2.c.obj)
                0xc0005620                i2c_stm32_transaction
 .text.pinctrl_lookup_state
                0xc00057e0       0x40 zephyr/drivers/pinctrl/libdrivers__pinctrl.a(common.c.obj)
                0xc00057e0                pinctrl_lookup_state
 .text.pinctrl_configure_pins
                0xc0005820       0x58 zephyr/drivers/pinctrl/libdrivers__pinctrl.a(pinctrl_stm32.c.obj)
                0xc0005820                pinctrl_configure_pins
 .text.reset_stm32_status
                0xc0005878       0x30 zephyr/drivers/reset/libdrivers__reset.a(reset_stm32.c.obj)
 .text.reset_stm32_line_assert
                0xc00058a8       0x28 zephyr/drivers/reset/libdrivers__reset.a(reset_stm32.c.obj)
 .text.reset_stm32_line_deassert
                0xc00058d0       0x28 zephyr/drivers/reset/libdrivers__reset.a(reset_stm32.c.obj)
 .text.reset_stm32_line_toggle
                0xc00058f8       0x24 zephyr/drivers/reset/libdrivers__reset.a(reset_stm32.c.obj)
 .text.rtc_utils_validate_rtc_time
                0xc000591c       0xdc zephyr/drivers/rtc/libdrivers__rtc.a(rtc_utils.c.obj)
                0xc000591c                rtc_utils_validate_rtc_time
 .text.bcd2bin  0xc00059f8       0x18 zephyr/drivers/rtc/libdrivers__rtc.a(rtc_stm32.c.obj)
 .text.bin2bcd  0xc0005a10       0x18 zephyr/drivers/rtc/libdrivers__rtc.a(rtc_stm32.c.obj)
 .text.rtc_stm32_alarm_get_supported_fields
                0xc0005a28       0x28 zephyr/drivers/rtc/libdrivers__rtc.a(rtc_stm32.c.obj)
 .text.rtc_stm32_alarm_set_callback
                0xc0005a50       0x48 zephyr/drivers/rtc/libdrivers__rtc.a(rtc_stm32.c.obj)
 .text.rtc_stm32_alarm_is_pending
                0xc0005a98       0x4c zephyr/drivers/rtc/libdrivers__rtc.a(rtc_stm32.c.obj)
 .text.rtc_stm32_alarm_get_time
                0xc0005ae4      0x174 zephyr/drivers/rtc/libdrivers__rtc.a(rtc_stm32.c.obj)
 .text.rtc_stm32_disable_interrupt_alarm
                0xc0005c58       0x20 zephyr/drivers/rtc/libdrivers__rtc.a(rtc_stm32.c.obj)
 .text.rtc_stm32_disable_alarm
                0xc0005c78       0x20 zephyr/drivers/rtc/libdrivers__rtc.a(rtc_stm32.c.obj)
 .text.rtc_stm32_isr
                0xc0005c98       0xdc zephyr/drivers/rtc/libdrivers__rtc.a(rtc_stm32.c.obj)
                0xc0005c98                rtc_stm32_isr
 .text.LL_RTC_DATE_Get.constprop.0
                0xc0005d74       0x44 zephyr/drivers/rtc/libdrivers__rtc.a(rtc_stm32.c.obj)
 .text.LL_RTC_TIME_Get.constprop.0
                0xc0005db8       0x30 zephyr/drivers/rtc/libdrivers__rtc.a(rtc_stm32.c.obj)
 .text.rtc_stm32_get_time
                0xc0005de8      0x128 zephyr/drivers/rtc/libdrivers__rtc.a(rtc_stm32.c.obj)
 .text.rtc_stm32_enter_init_mode
                0xc0005f10       0x58 zephyr/drivers/rtc/libdrivers__rtc.a(rtc_stm32.c.obj)
 .text.rtc_stm32_set_time
                0xc0005f68      0x14c zephyr/drivers/rtc/libdrivers__rtc.a(rtc_stm32.c.obj)
 .text.rtc_stm32_init
                0xc00060b4      0x1c0 zephyr/drivers/rtc/libdrivers__rtc.a(rtc_stm32.c.obj)
 .text.rtc_stm32_alarm_set_time
                0xc0006274      0x344 zephyr/drivers/rtc/libdrivers__rtc.a(rtc_stm32.c.obj)
 .text.uart_stm32_ll2cfg_databits
                0xc00065b8       0x40 zephyr/drivers/serial/libdrivers__serial.a(uart_stm32.c.obj)
 .text.uart_stm32_err_check
                0xc00065f8       0x7c zephyr/drivers/serial/libdrivers__serial.a(uart_stm32.c.obj)
 .text.uart_stm32_set_baudrate.isra.0
                0xc0006674       0x7c zephyr/drivers/serial/libdrivers__serial.a(uart_stm32.c.obj)
 .text.uart_stm32_poll_out
                0xc00066f0       0x50 zephyr/drivers/serial/libdrivers__serial.a(uart_stm32.c.obj)
 .text.uart_stm32_poll_in
                0xc0006740       0x34 zephyr/drivers/serial/libdrivers__serial.a(uart_stm32.c.obj)
 .text.uart_stm32_parameters_set
                0xc0006774      0x1ec zephyr/drivers/serial/libdrivers__serial.a(uart_stm32.c.obj)
 .text.uart_stm32_init
                0xc0006960      0x224 zephyr/drivers/serial/libdrivers__serial.a(uart_stm32.c.obj)
 .text.uart_stm32_configure
                0xc0006b84      0x1a4 zephyr/drivers/serial/libdrivers__serial.a(uart_stm32.c.obj)
 .text.uart_stm32_config_get
                0xc0006d28       0xe8 zephyr/drivers/serial/libdrivers__serial.a(uart_stm32.c.obj)
 .text.sys_clock_driver_init
                0xc0006e10       0x84 zephyr/drivers/timer/libdrivers__timer.a(arm_arch_timer.c.obj)
 .text.arm_arch_timer_compare_isr
                0xc0006e94       0x7c zephyr/drivers/timer/libdrivers__timer.a(arm_arch_timer.c.obj)
 .text.sys_clock_set_timeout
                0xc0006f10       0xa4 zephyr/drivers/timer/libdrivers__timer.a(arm_arch_timer.c.obj)
                0xc0006f10                sys_clock_set_timeout
 .text.sys_clock_elapsed
                0xc0006fb4       0x2c zephyr/drivers/timer/libdrivers__timer.a(arm_arch_timer.c.obj)
                0xc0006fb4                sys_clock_elapsed
 .text.sys_clock_cycle_get_32
                0xc0006fe0        0x8 zephyr/drivers/timer/libdrivers__timer.a(arm_arch_timer.c.obj)
                0xc0006fe0                sys_clock_cycle_get_32
 .text.LL_RCC_HSE_IsReady
                0xc0006fe8       0x10 modules/hal_stm32/stm32cube/lib..__modules__hal__stm32__stm32cube.a(stm32mp13xx_ll_rcc.c.obj)
 .text.LL_RCC_HSI_IsReady
                0xc0006ff8       0x10 modules/hal_stm32/stm32cube/lib..__modules__hal__stm32__stm32cube.a(stm32mp13xx_ll_rcc.c.obj)
 .text.LL_RCC_CSI_IsReady
                0xc0007008       0x10 modules/hal_stm32/stm32cube/lib..__modules__hal__stm32__stm32cube.a(stm32mp13xx_ll_rcc.c.obj)
 .text.LL_RCC_GetClockSource
                0xc0007018       0x1c modules/hal_stm32/stm32cube/lib..__modules__hal__stm32__stm32cube.a(stm32mp13xx_ll_rcc.c.obj)
 .text.LL_RCC_PLL3_IsReady
                0xc0007034       0x10 modules/hal_stm32/stm32cube/lib..__modules__hal__stm32__stm32cube.a(stm32mp13xx_ll_rcc.c.obj)
 .text.LL_RCC_PLL4_IsReady
                0xc0007044       0x10 modules/hal_stm32/stm32cube/lib..__modules__hal__stm32__stm32cube.a(stm32mp13xx_ll_rcc.c.obj)
 .text.LL_RCC_CalcPLLClockFreq
                0xc0007054       0x88 modules/hal_stm32/stm32cube/lib..__modules__hal__stm32__stm32cube.a(stm32mp13xx_ll_rcc.c.obj)
                0xc0007054                LL_RCC_CalcPLLClockFreq
 .text.LL_RCC_GetPLL2ClockFreq
                0xc00070dc      0x148 modules/hal_stm32/stm32cube/lib..__modules__hal__stm32__stm32cube.a(stm32mp13xx_ll_rcc.c.obj)
                0xc00070dc                LL_RCC_GetPLL2ClockFreq
 .text.LL_RCC_GetPLL3ClockFreq
                0xc0007224      0x16c modules/hal_stm32/stm32cube/lib..__modules__hal__stm32__stm32cube.a(stm32mp13xx_ll_rcc.c.obj)
                0xc0007224                LL_RCC_GetPLL3ClockFreq
 .text.LL_RCC_GetPLL4ClockFreq
                0xc0007390      0x154 modules/hal_stm32/stm32cube/lib..__modules__hal__stm32__stm32cube.a(stm32mp13xx_ll_rcc.c.obj)
                0xc0007390                LL_RCC_GetPLL4ClockFreq
 .text.LL_RCC_GetCKPERClockFreq
                0xc00074e4       0x90 modules/hal_stm32/stm32cube/lib..__modules__hal__stm32__stm32cube.a(stm32mp13xx_ll_rcc.c.obj)
                0xc00074e4                LL_RCC_GetCKPERClockFreq
 .text.RCC_GetAXISSClockFreq
                0xc0007574       0x60 modules/hal_stm32/stm32cube/lib..__modules__hal__stm32__stm32cube.a(stm32mp13xx_ll_rcc.c.obj)
                0xc0007574                RCC_GetAXISSClockFreq
 .text.RCC_GetMLAHBSClockFreq
                0xc00075d4       0x64 modules/hal_stm32/stm32cube/lib..__modules__hal__stm32__stm32cube.a(stm32mp13xx_ll_rcc.c.obj)
                0xc00075d4                RCC_GetMLAHBSClockFreq
 .text.LL_RCC_GetI2CClockFreq
                0xc0007638      0x178 modules/hal_stm32/stm32cube/lib..__modules__hal__stm32__stm32cube.a(stm32mp13xx_ll_rcc.c.obj)
                0xc0007638                LL_RCC_GetI2CClockFreq
 .text.LL_RCC_GetSPIClockFreq
                0xc00077b0      0x1fc modules/hal_stm32/stm32cube/lib..__modules__hal__stm32__stm32cube.a(stm32mp13xx_ll_rcc.c.obj)
                0xc00077b0                LL_RCC_GetSPIClockFreq
 .text.RCC_GetACLKClockFreq
                0xc00079ac       0x18 modules/hal_stm32/stm32cube/lib..__modules__hal__stm32__stm32cube.a(stm32mp13xx_ll_rcc.c.obj)
                0xc00079ac                RCC_GetACLKClockFreq
 .text.LL_RCC_GetUARTClockFreq
                0xc00079c4      0x230 modules/hal_stm32/stm32cube/lib..__modules__hal__stm32__stm32cube.a(stm32mp13xx_ll_rcc.c.obj)
                0xc00079c4                LL_RCC_GetUARTClockFreq
 .text.do_device_init
                0xc0007bf4       0x58 zephyr/kernel/libkernel.a(device.c.obj)
                0xc0007bf4                do_device_init
 .text.z_impl_device_is_ready
                0xc0007c4c       0x24 zephyr/kernel/libkernel.a(device.c.obj)
                0xc0007c4c                z_impl_device_is_ready
 .text.arch_system_halt
                0xc0007c70       0x10 zephyr/kernel/libkernel.a(fatal.c.obj)
                0xc0007c70                arch_system_halt
 .text.k_sys_fatal_error_handler
                0xc0007c80        0x8 zephyr/kernel/libkernel.a(fatal.c.obj)
                0xc0007c80                k_sys_fatal_error_handler
 .text.z_fatal_error
                0xc0007c88       0x38 zephyr/kernel/libkernel.a(fatal.c.obj)
                0xc0007c88                z_fatal_error
 .text.z_sys_init_run_level
                0xc0007cc0       0x50 zephyr/kernel/libkernel.a(init.c.obj)
 .text.bg_thread_main
                0xc0007d10      0x108 zephyr/kernel/libkernel.a(init.c.obj)
 .text.z_init_cpu
                0xc0007e18       0x98 zephyr/kernel/libkernel.a(init.c.obj)
                0xc0007e18                z_init_cpu
 .text.z_cstart
                0xc0007eb0       0xc8 zephyr/kernel/libkernel.a(init.c.obj)
                0xc0007eb0                z_cstart
 .text.idle     0xc0007f78       0x18 zephyr/kernel/libkernel.a(idle.c.obj)
                0xc0007f78                idle
 .text.z_impl_k_sem_init
                0xc0007f90       0x34 zephyr/kernel/libkernel.a(sem.c.obj)
                0xc0007f90                z_impl_k_sem_init
 .text.z_impl_k_sem_give
                0xc0007fc4       0x98 zephyr/kernel/libkernel.a(sem.c.obj)
                0xc0007fc4                z_impl_k_sem_give
 .text.z_impl_k_sem_take
                0xc000805c       0x70 zephyr/kernel/libkernel.a(sem.c.obj)
                0xc000805c                z_impl_k_sem_take
 .text.z_impl_k_sem_reset
                0xc00080cc       0xac zephyr/kernel/libkernel.a(sem.c.obj)
                0xc00080cc                z_impl_k_sem_reset
 .text.flag_test_and_clear
                0xc0008178       0x1c zephyr/kernel/libkernel.a(work.c.obj)
 .text.notify_queue_locked.isra.0
                0xc0008194       0x18 zephyr/kernel/libkernel.a(work.c.obj)
 .text.work_queue_main
                0xc00081ac      0x200 zephyr/kernel/libkernel.a(work.c.obj)
 .text.submit_to_queue_locked
                0xc00083ac      0x10c zephyr/kernel/libkernel.a(work.c.obj)
 .text.k_work_init
                0xc00084b8       0x20 zephyr/kernel/libkernel.a(work.c.obj)
                0xc00084b8                k_work_init
 .text.z_work_submit_to_queue
                0xc00084d8       0x34 zephyr/kernel/libkernel.a(work.c.obj)
                0xc00084d8                z_work_submit_to_queue
 .text.k_work_submit_to_queue
                0xc000850c       0x28 zephyr/kernel/libkernel.a(work.c.obj)
                0xc000850c                k_work_submit_to_queue
 .text.k_work_submit
                0xc0008534       0x10 zephyr/kernel/libkernel.a(work.c.obj)
                0xc0008534                k_work_submit
 .text.k_work_queue_start
                0xc0008544       0xcc zephyr/kernel/libkernel.a(work.c.obj)
                0xc0008544                k_work_queue_start
 .text.k_is_in_isr
                0xc0008610       0x18 zephyr/kernel/libkernel.a(thread.c.obj)
                0xc0008610                k_is_in_isr
 .text.z_impl_k_thread_name_set
                0xc0008628        0x8 zephyr/kernel/libkernel.a(thread.c.obj)
                0xc0008628                z_impl_k_thread_name_set
 .text.z_setup_new_thread
                0xc0008630       0xd4 zephyr/kernel/libkernel.a(thread.c.obj)
                0xc0008630                z_setup_new_thread
 .text.z_dummy_thread_init
                0xc0008704       0x2c zephyr/kernel/libkernel.a(thread.c.obj)
                0xc0008704                z_dummy_thread_init
 .text.z_impl_k_wakeup
                0xc0008730       0x60 zephyr/kernel/libkernel.a(thread.c.obj)
                0xc0008730                z_impl_k_wakeup
 .text.z_impl_k_thread_create
                0xc0008790       0x8c zephyr/kernel/libkernel.a(thread.c.obj)
                0xc0008790                z_impl_k_thread_create
 .text.z_thread_abort
                0xc000881c       0x58 zephyr/kernel/libkernel.a(thread.c.obj)
                0xc000881c                z_thread_abort
 .text.z_impl_k_thread_abort
                0xc0008874        0x4 zephyr/kernel/libkernel.a(thread.c.obj)
                0xc0008874                z_impl_k_thread_abort
 .text.z_impl_k_yield
                0xc0008878        0x4 zephyr/kernel/libkernel.a(thread.c.obj)
                0xc0008878                z_impl_k_yield
 .text.sys_dlist_remove
                0xc000887c       0x20 zephyr/kernel/libkernel.a(sched.c.obj)
 .text.unpend_thread_no_timeout
                0xc000889c       0x20 zephyr/kernel/libkernel.a(sched.c.obj)
 .text.unready_thread
                0xc00088bc       0x80 zephyr/kernel/libkernel.a(sched.c.obj)
 .text.z_swap_irqlock
                0xc000893c       0x3c zephyr/kernel/libkernel.a(sched.c.obj)
 .text.ready_thread
                0xc0008978       0xdc zephyr/kernel/libkernel.a(sched.c.obj)
 .text.reschedule.isra.0
                0xc0008a54       0x40 zephyr/kernel/libkernel.a(sched.c.obj)
 .text.add_to_waitq_locked
                0xc0008a94       0x8c zephyr/kernel/libkernel.a(sched.c.obj)
 .text.move_current_to_end_of_prio_q
                0xc0008b20       0xc0 zephyr/kernel/libkernel.a(sched.c.obj)
                0xc0008b20                move_current_to_end_of_prio_q
 .text.z_ready_thread
                0xc0008be0       0x24 zephyr/kernel/libkernel.a(sched.c.obj)
                0xc0008be0                z_ready_thread
 .text.z_sched_ready_locked
                0xc0008c04        0x4 zephyr/kernel/libkernel.a(sched.c.obj)
                0xc0008c04                z_sched_ready_locked
 .text.z_sched_unready_locked
                0xc0008c08        0x4 zephyr/kernel/libkernel.a(sched.c.obj)
                0xc0008c08                z_sched_unready_locked
 .text.z_thread_halt
                0xc0008c0c      0x1ac zephyr/kernel/libkernel.a(sched.c.obj)
                0xc0008c0c                z_thread_halt
 .text.z_sched_lock_reschedule
                0xc0008db8       0x64 zephyr/kernel/libkernel.a(sched.c.obj)
                0xc0008db8                z_sched_lock_reschedule
 .text.z_sched_yield
                0xc0008e1c       0xd4 zephyr/kernel/libkernel.a(sched.c.obj)
                0xc0008e1c                z_sched_yield
 .text.z_sched_wake_thread_locked
                0xc0008ef0       0x3c zephyr/kernel/libkernel.a(sched.c.obj)
                0xc0008ef0                z_sched_wake_thread_locked
 .text.z_thread_timeout
                0xc0008f2c       0x3c zephyr/kernel/libkernel.a(sched.c.obj)
                0xc0008f2c                z_thread_timeout
 .text.z_pend_curr
                0xc0008f68       0x64 zephyr/kernel/libkernel.a(sched.c.obj)
                0xc0008f68                z_pend_curr
 .text.z_reschedule
                0xc0008fcc        0x8 zephyr/kernel/libkernel.a(sched.c.obj)
                0xc0008fcc                z_reschedule
 .text.z_reschedule_irqlock
                0xc0008fd4       0x40 zephyr/kernel/libkernel.a(sched.c.obj)
                0xc0008fd4                z_reschedule_irqlock
 .text.z_tick_sleep
                0xc0009014       0xac zephyr/kernel/libkernel.a(sleep.c.obj)
 .text.z_impl_k_usleep
                0xc00090c0       0x30 zephyr/kernel/libkernel.a(sleep.c.obj)
                0xc00090c0                z_impl_k_usleep
 .text.z_sched_init
                0xc00090f0       0x18 zephyr/kernel/libkernel.a(scheduler.c.obj)
                0xc00090f0                z_sched_init
 .text.k_sched_lock
                0xc0009108       0x34 zephyr/kernel/libkernel.a(scheduler.c.obj)
                0xc0009108                k_sched_lock
 .text.k_sched_unlock
                0xc000913c       0x28 zephyr/kernel/libkernel.a(scheduler.c.obj)
                0xc000913c                k_sched_unlock
 .text.z_impl_k_sched_current_thread_query
                0xc0009164       0x10 zephyr/kernel/libkernel.a(scheduler.c.obj)
                0xc0009164                z_impl_k_sched_current_thread_query
 .text.z_sched_wake
                0xc0009174       0x80 zephyr/kernel/libkernel.a(scheduler.c.obj)
                0xc0009174                z_sched_wake
 .text.z_sched_wait
                0xc00091f4       0x34 zephyr/kernel/libkernel.a(scheduler.c.obj)
                0xc00091f4                z_sched_wait
 .text.z_time_slice_size
                0xc0009228       0x6c zephyr/kernel/libkernel.a(timeslicing.c.obj)
 .text.slice_timeout
                0xc0009294       0x30 zephyr/kernel/libkernel.a(timeslicing.c.obj)
 .text.z_time_slice_reset
                0xc00092c4       0x68 zephyr/kernel/libkernel.a(timeslicing.c.obj)
                0xc00092c4                z_time_slice_reset
 .text.z_time_slice
                0xc000932c       0x74 zephyr/kernel/libkernel.a(timeslicing.c.obj)
                0xc000932c                z_time_slice
 .text.first    0xc00093a0       0x18 zephyr/kernel/libkernel.a(timeout.c.obj)
 .text.next_timeout
                0xc00093b8       0x48 zephyr/kernel/libkernel.a(timeout.c.obj)
 .text.elapsed  0xc0009400       0x18 zephyr/kernel/libkernel.a(timeout.c.obj)
 .text.z_add_timeout
                0xc0009418      0x1ac zephyr/kernel/libkernel.a(timeout.c.obj)
                0xc0009418                z_add_timeout
 .text.z_abort_timeout
                0xc00095c4       0xd8 zephyr/kernel/libkernel.a(timeout.c.obj)
                0xc00095c4                z_abort_timeout
 .text.sys_clock_announce_locked
                0xc000969c      0x110 zephyr/kernel/libkernel.a(timeout.c.obj)
                0xc000969c                sys_clock_announce_locked
 .text.sys_clock_tick_get
                0xc00097ac       0x3c zephyr/kernel/libkernel.a(timeout.c.obj)
                0xc00097ac                sys_clock_tick_get
 .text.sys_clock_tick_get_32
                0xc00097e8        0xc zephyr/kernel/libkernel.a(timeout.c.obj)
                0xc00097e8                sys_clock_tick_get_32
 .text.free_page_frame_list_put
                0xc00097f4       0x4c zephyr/kernel/libkernel.a(mmu.c.obj)
 .text.z_mem_manage_init
                0xc0009840       0xb0 zephyr/kernel/libkernel.a(mmu.c.obj)
                0xc0009840                z_mem_manage_init
 .text.z_mem_manage_boot_finish
                0xc00098f0        0x4 zephyr/kernel/libkernel.a(mmu.c.obj)
                0xc00098f0                z_mem_manage_boot_finish
 .text.k_sys_work_q_init
                0xc00098f4       0x38 zephyr/kernel/libkernel.a(system_work_q.c.obj)
 .text.__l_vfprintf
                0xc000992c      0x484 /local/home/achraftm/zephyr-sdk-1.0.1/gnu/arm-zephyr-eabi/bin/../lib/gcc/arm-zephyr-eabi/14.3.0/../../../../arm-zephyr-eabi/lib/thumb/v7/nofp/space/libc.a(libc_tinystdio_vflprintf.c.o)
                0xc000992c                __l_vfprintf
 .text.memcpy   0xc0009db0       0x1a /local/home/achraftm/zephyr-sdk-1.0.1/gnu/arm-zephyr-eabi/bin/../lib/gcc/arm-zephyr-eabi/14.3.0/../../../../arm-zephyr-eabi/lib/thumb/v7/nofp/space/libc.a(memcpy.c.o)
                0xc0009db0                memcpy
                0xc0009db0                __aeabi_memcpy
                0xc0009db0                __aeabi_memcpy4
                0xc0009db0                __aeabi_memcpy8
 .text.memset   0xc0009dca       0x10 /local/home/achraftm/zephyr-sdk-1.0.1/gnu/arm-zephyr-eabi/bin/../lib/gcc/arm-zephyr-eabi/14.3.0/../../../../arm-zephyr-eabi/lib/thumb/v7/nofp/space/libc.a(memset.c.o)
                0xc0009dca                memset
 .text.strnlen  0xc0009dda       0x18 /local/home/achraftm/zephyr-sdk-1.0.1/gnu/arm-zephyr-eabi/bin/../lib/gcc/arm-zephyr-eabi/14.3.0/../../../../arm-zephyr-eabi/lib/thumb/v7/nofp/space/libc.a(libc_string_strnlen.c.o)
                0xc0009dda                strnlen
 .text.__ultoa_invert
                0xc0009df2       0xac /local/home/achraftm/zephyr-sdk-1.0.1/gnu/arm-zephyr-eabi/bin/../lib/gcc/arm-zephyr-eabi/14.3.0/../../../../arm-zephyr-eabi/lib/thumb/v7/nofp/space/libc.a(libc_tinystdio_vflprintf.c.o)
 *fill*         0xc0009e9e        0x2 
 .text.__ultoa_invert.__stub
                0xc0009ea0       0x18 linker stubs
 *(SORT_BY_ALIGNMENT(.gnu.linkonce.t.*))
 *(SORT_BY_ALIGNMENT(.glue_7t))
 .glue_7t       0xc0009eb8        0x0 linker stubs
 *(SORT_BY_ALIGNMENT(.glue_7))
 .glue_7        0xc0009eb8        0x0 linker stubs
 *(SORT_BY_ALIGNMENT(.vfp11_veneer))
 .vfp11_veneer  0xc0009eb8        0x0 linker stubs
 *(SORT_BY_ALIGNMENT(.v4_bx))
 .v4_bx         0xc0009eb8        0x0 linker stubs
                0xc0009eb8                        __text_region_end = .
                0xc000a000                        . = ALIGN (_region_min_align)
 *fill*         0xc0009eb8      0x148 

rodata_start    0xc000a000        0x0
                0xc000a000                        . = ALIGN (_region_min_align)
                0xc000a000                        __rodata_region_start = .

.ARM.exidx      0xc000a000        0x8
                0xc000a000                        __exidx_start = .
 *(SORT_BY_ALIGNMENT(.ARM.exidx*) SORT_BY_ALIGNMENT(gnu.linkonce.armexidx.*))
 .ARM.exidx     0xc000a000        0x8 /local/home/achraftm/zephyr-sdk-1.0.1/gnu/arm-zephyr-eabi/bin/../lib/gcc/arm-zephyr-eabi/14.3.0/thumb/v7/nofp/space/libgcc.a(_udivmoddi4.o)
                0xc000a008                        __exidx_end = .

initlevel       0xc000a008       0xd8
                0xc000a008                        __init_start = .
                0xc000a008                        __init_EARLY_start = .
 *(SORT_BY_NAME(SORT_BY_ALIGNMENT(.z_init_EARLY_P_?_*)))
 *(SORT_BY_NAME(SORT_BY_ALIGNMENT(.z_init_EARLY_P_??_*)))
 *(SORT_BY_NAME(SORT_BY_ALIGNMENT(.z_init_EARLY_P_???_*)))
                0xc000a008                        __init_PRE_KERNEL_1_start = .
 *(SORT_BY_NAME(SORT_BY_ALIGNMENT(.z_init_PRE_KERNEL_1_P_?_*)))
 .z_init_PRE_KERNEL_1_P_1_SUB_00022_
                0xc000a008        0x8 zephyr/drivers/clock_control/libdrivers__clock_control.a(clock_stm32_ll_mp13.c.obj)
 .z_init_PRE_KERNEL_1_P_1_SUB_0_
                0xc000a010        0x8 zephyr/libzephyr.a(soc_config.c.obj)
 *(SORT_BY_NAME(SORT_BY_ALIGNMENT(.z_init_PRE_KERNEL_1_P_??_*)))
 .z_init_PRE_KERNEL_1_P_35_SUB_00041_
                0xc000a018        0x8 zephyr/drivers/reset/libdrivers__reset.a(reset_stm32.c.obj)
 .z_init_PRE_KERNEL_1_P_40_SUB_00006_
                0xc000a020        0x8 zephyr/drivers/interrupt_controller/libdrivers__interrupt_controller.a(intc_gic.c.obj)
 .z_init_PRE_KERNEL_1_P_40_SUB_00023_
                0xc000a028        0x8 zephyr/libzephyr.a(gpioport_mgr.c.obj)
 .z_init_PRE_KERNEL_1_P_40_SUB_00026_
                0xc000a030        0x8 zephyr/libzephyr.a(gpioport_mgr.c.obj)
 .z_init_PRE_KERNEL_1_P_40_SUB_00027_
                0xc000a038        0x8 zephyr/libzephyr.a(gpioport_mgr.c.obj)
 .z_init_PRE_KERNEL_1_P_40_SUB_00045_
                0xc000a040        0x8 zephyr/drivers/interrupt_controller/libdrivers__interrupt_controller.a(intc_exti_stm32.c.obj)
 .z_init_PRE_KERNEL_1_P_40_SUB_00075_
                0xc000a048        0x8 zephyr/libzephyr.a(gpioport_mgr.c.obj)
 .z_init_PRE_KERNEL_1_P_40_SUB_00113_
                0xc000a050        0x8 zephyr/libzephyr.a(gpioport_mgr.c.obj)
 .z_init_PRE_KERNEL_1_P_40_SUB_00152_
                0xc000a058        0x8 zephyr/libzephyr.a(gpioport_mgr.c.obj)
 .z_init_PRE_KERNEL_1_P_40_SUB_00156_
                0xc000a060        0x8 zephyr/libzephyr.a(gpioport_mgr.c.obj)
 .z_init_PRE_KERNEL_1_P_40_SUB_00164_
                0xc000a068        0x8 zephyr/libzephyr.a(gpioport_mgr.c.obj)
 .z_init_PRE_KERNEL_1_P_40_SUB_00165_
                0xc000a070        0x8 zephyr/libzephyr.a(gpioport_mgr.c.obj)
 .z_init_PRE_KERNEL_1_P_40_SUB_0_
                0xc000a078        0x8 zephyr/drivers/interrupt_controller/libdrivers__interrupt_controller.a(intc_gpio_stm32.c.obj)
 .z_init_PRE_KERNEL_1_P_50_SUB_00047_
                0xc000a080        0x8 zephyr/drivers/rtc/libdrivers__rtc.a(rtc_stm32.c.obj)
 .z_init_PRE_KERNEL_1_P_50_SUB_00050_
                0xc000a088        0x8 zephyr/drivers/serial/libdrivers__serial.a(uart_stm32.c.obj)
 .z_init_PRE_KERNEL_1_P_60_SUB_0_
                0xc000a090        0x8 zephyr/drivers/console/libdrivers__console.a(uart_console.c.obj)
 *(SORT_BY_NAME(SORT_BY_ALIGNMENT(.z_init_PRE_KERNEL_1_P_???_*)))
                0xc000a098                        __init_PRE_KERNEL_2_start = .
 *(SORT_BY_NAME(SORT_BY_ALIGNMENT(.z_init_PRE_KERNEL_2_P_?_*)))
 .z_init_PRE_KERNEL_2_P_0_SUB_0_
                0xc000a098        0x8 zephyr/drivers/timer/libdrivers__timer.a(arm_arch_timer.c.obj)
 *(SORT_BY_NAME(SORT_BY_ALIGNMENT(.z_init_PRE_KERNEL_2_P_??_*)))
 *(SORT_BY_NAME(SORT_BY_ALIGNMENT(.z_init_PRE_KERNEL_2_P_???_*)))
                0xc000a0a0                        __init_POST_KERNEL_start = .
 *(SORT_BY_NAME(SORT_BY_ALIGNMENT(.z_init_POST_KERNEL_P_?_*)))
 *(SORT_BY_NAME(SORT_BY_ALIGNMENT(.z_init_POST_KERNEL_P_??_*)))
 .z_init_POST_KERNEL_P_35_SUB_0_
                0xc000a0a0        0x8 zephyr/lib/libc/common/liblib__libc__common.a(malloc.c.obj)
 .z_init_POST_KERNEL_P_40_SUB_0_
                0xc000a0a8        0x8 zephyr/kernel/libkernel.a(system_work_q.c.obj)
 .z_init_POST_KERNEL_P_50_SUB_00030_
                0xc000a0b0        0x8 zephyr/drivers/i2c/libdrivers__i2c.a(i2c_stm32.c.obj)
 .z_init_POST_KERNEL_P_50_SUB_00031_
                0xc000a0b8        0x8 zephyr/drivers/gpio/libdrivers__gpio.a(gpio_mcp230xx.c.obj)
 .z_init_POST_KERNEL_P_50_SUB_00116_
                0xc000a0c0        0x8 zephyr/drivers/i2c/libdrivers__i2c.a(i2c_stm32.c.obj)
 .z_init_POST_KERNEL_P_50_SUB_00117_
                0xc000a0c8        0x8 app/libapp.a(stpmic1.c.obj)
 .z_init_POST_KERNEL_P_50_SUB_00155_
                0xc000a0d0        0x8 zephyr/drivers/i2c/libdrivers__i2c.a(i2c_stm32.c.obj)
 *(SORT_BY_NAME(SORT_BY_ALIGNMENT(.z_init_POST_KERNEL_P_???_*)))
                0xc000a0d8                        __init_APPLICATION_start = .
 *(SORT_BY_NAME(SORT_BY_ALIGNMENT(.z_init_APPLICATION_P_?_*)))
 .z_init_APPLICATION_P_0_SUB_0_
                0xc000a0d8        0x8 zephyr/libzephyr.a(boot_banner.c.obj)
 *(SORT_BY_NAME(SORT_BY_ALIGNMENT(.z_init_APPLICATION_P_??_*)))
 *(SORT_BY_NAME(SORT_BY_ALIGNMENT(.z_init_APPLICATION_P_???_*)))
                0xc000a0e0                        __init_SMP_start = .
 *(SORT_BY_NAME(SORT_BY_ALIGNMENT(.z_init_SMP_P_?_*)))
 *(SORT_BY_NAME(SORT_BY_ALIGNMENT(.z_init_SMP_P_??_*)))
 *(SORT_BY_NAME(SORT_BY_ALIGNMENT(.z_init_SMP_P_???_*)))
                0xc000a0e0                        __init_end = .

device_area     0xc000a0e0      0x230
                0xc000a0e0                        _device_list_start = .
 *(SORT_BY_NAME(SORT_BY_ALIGNMENT(._device.static.*_?_*)))
 ._device.static.1_1_
                0xc000a0e0       0x1c zephyr/drivers/clock_control/libdrivers__clock_control.a(clock_stm32_ll_mp13.c.obj)
                0xc000a0e0                __device_dts_ord_22
 *(SORT_BY_NAME(SORT_BY_ALIGNMENT(._device.static.*_??_*)))
 ._device.static.1_35_
                0xc000a0fc       0x1c zephyr/drivers/reset/libdrivers__reset.a(reset_stm32.c.obj)
                0xc000a0fc                __device_dts_ord_41
 ._device.static.1_40_
                0xc000a118       0xfc zephyr/libzephyr.a(gpioport_mgr.c.obj)
                0xc000a118                __device_dts_ord_75
                0xc000a134                __device_dts_ord_152
                0xc000a150                __device_dts_ord_165
                0xc000a16c                __device_dts_ord_156
                0xc000a188                __device_dts_ord_27
                0xc000a1a4                __device_dts_ord_26
                0xc000a1c0                __device_dts_ord_164
                0xc000a1dc                __device_dts_ord_113
                0xc000a1f8                __device_dts_ord_23
 ._device.static.1_40_
                0xc000a214       0x1c zephyr/drivers/interrupt_controller/libdrivers__interrupt_controller.a(intc_exti_stm32.c.obj)
                0xc000a214                __device_dts_ord_45
 ._device.static.1_40_
                0xc000a230       0x1c zephyr/drivers/interrupt_controller/libdrivers__interrupt_controller.a(intc_gic.c.obj)
                0xc000a230                __device_dts_ord_6
 ._device.static.1_50_
                0xc000a24c       0x1c zephyr/drivers/rtc/libdrivers__rtc.a(rtc_stm32.c.obj)
                0xc000a24c                __device_dts_ord_47
 ._device.static.1_50_
                0xc000a268       0x1c zephyr/drivers/serial/libdrivers__serial.a(uart_stm32.c.obj)
                0xc000a268                __device_dts_ord_50
 ._device.static.3_50_
                0xc000a284       0x1c app/libapp.a(stpmic1.c.obj)
                0xc000a284                __device_dts_ord_117
 ._device.static.3_50_
                0xc000a2a0       0x1c zephyr/drivers/gpio/libdrivers__gpio.a(gpio_mcp230xx.c.obj)
                0xc000a2a0                __device_dts_ord_31
 ._device.static.3_50_
                0xc000a2bc       0x54 zephyr/drivers/i2c/libdrivers__i2c.a(i2c_stm32.c.obj)
                0xc000a2bc                __device_dts_ord_155
                0xc000a2d8                __device_dts_ord_116
                0xc000a2f4                __device_dts_ord_30
 *(SORT_BY_NAME(SORT_BY_ALIGNMENT(._device.static.*_???_*)))
 *(SORT_BY_NAME(SORT_BY_ALIGNMENT(._device.static.*_????_*)))
 *(SORT_BY_NAME(SORT_BY_ALIGNMENT(._device.static.*_?????_*)))
                0xc000a310                        _device_list_end = .

sw_isr_table    0xc000a310      0x5a8
                0xc000a310                        . = ALIGN (0x4)
 *(SORT_BY_ALIGNMENT(.gnu.linkonce.sw_isr_table*))
 .gnu.linkonce.sw_isr_table
                0xc000a310      0x5a8 zephyr/CMakeFiles/zephyr_final.dir/isr_tables.c.obj
                0xc000a310                _sw_isr_table

initlevel_error
 *(SORT_BY_NAME(SORT_BY_ALIGNMENT(.z_init_*)))
                0x00000001                        ASSERT ((SIZEOF (initlevel_error) == 0x0), Undefined initialization levels used.)

app_shmem_regions
                0xc000a8b8        0x0
                0xc000a8b8                        __app_shmem_regions_start = .
 *(SORT_BY_NAME(SORT_BY_ALIGNMENT(.app_regions.*)))
                0xc000a8b8                        __app_shmem_regions_end = .

k_p4wq_initparam_area
                0xc000a8b8        0x0
                0xc000a8b8                        _k_p4wq_initparam_list_start = .
 *(SORT_BY_NAME(SORT_BY_ALIGNMENT(._k_p4wq_initparam.static.*)))
                0xc000a8b8                        _k_p4wq_initparam_list_end = .

_static_thread_data_area
                0xc000a8b8        0x0
                0xc000a8b8                        __static_thread_data_list_start = .
 *(SORT_BY_NAME(SORT_BY_ALIGNMENT(.__static_thread_data.static.*)))
                0xc000a8b8                        __static_thread_data_list_end = .

device_deps     0xc000a8b8        0x0
                0xc000a8b8                        __device_deps_start = .
 *(SORT_BY_NAME(SORT_BY_ALIGNMENT(.__device_deps_pass2*)))
                0xc000a8b8                        __device_deps_end = .

device_api_area
                0xc000a8b8       0xbc
                0xc000a8b8                        _gpio_driver_api_list_start = .
 *(SORT_BY_NAME(SORT_BY_ALIGNMENT(._gpio_driver_api.static.*)))
 ._gpio_driver_api.static.gpio_mcp23xxx_api_table_
                0xc000a8b8       0x24 zephyr/drivers/gpio/libdrivers__gpio.a(gpio_mcp23xxx.c.obj)
                0xc000a8b8                gpio_mcp23xxx_api_table
 ._gpio_driver_api.static.gpio_stm32_driver_
                0xc000a8dc       0x24 zephyr/drivers/gpio/libdrivers__gpio.a(gpio_stm32.c.obj)
                0xc000a8dc                gpio_stm32_driver
                0xc000a900                        _gpio_driver_api_list_end = .
                0xc000a900                        _gpio_driver_api_ext_end = .
                0xc000a900                        _i2c_driver_api_list_start = .
 *(SORT_BY_NAME(SORT_BY_ALIGNMENT(._i2c_driver_api.static.*)))
 ._i2c_driver_api.static.api_funcs_
                0xc000a900       0x18 zephyr/drivers/i2c/libdrivers__i2c.a(i2c_stm32.c.obj)
                0xc000a918                        _i2c_driver_api_list_end = .
                0xc000a918                        _i3c_driver_api_list_start = .
 *(SORT_BY_NAME(SORT_BY_ALIGNMENT(._i3c_driver_api.static.*)))
                0xc000a918                        _i3c_driver_api_list_end = .
                0xc000a918                        _i3c_driver_api_ext_end = .
                0xc000a918                        _i2c_driver_api_ext_end = .
                0xc000a918                        _i2c_target_driver_api_list_start = .
 *(SORT_BY_NAME(SORT_BY_ALIGNMENT(._i2c_target_driver_api.static.*)))
                0xc000a918                        _i2c_target_driver_api_list_end = .
                0xc000a918                        _i2c_target_driver_api_ext_end = .
                0xc000a918                        _reset_driver_api_list_start = .
 *(SORT_BY_NAME(SORT_BY_ALIGNMENT(._reset_driver_api.static.*)))
 ._reset_driver_api.static.reset_stm32_driver_api_
                0xc000a918       0x10 zephyr/drivers/reset/libdrivers__reset.a(reset_stm32.c.obj)
                0xc000a928                        _reset_driver_api_list_end = .
                0xc000a928                        _reset_driver_api_ext_end = .
                0xc000a928                        _rtc_driver_api_list_start = .
 *(SORT_BY_NAME(SORT_BY_ALIGNMENT(._rtc_driver_api.static.*)))
 ._rtc_driver_api.static.rtc_stm32_driver_api_
                0xc000a928       0x1c zephyr/drivers/rtc/libdrivers__rtc.a(rtc_stm32.c.obj)
                0xc000a944                        _rtc_driver_api_list_end = .
                0xc000a944                        _rtc_driver_api_ext_end = .
                0xc000a944                        _shared_irq_driver_api_list_start = .
 *(SORT_BY_NAME(SORT_BY_ALIGNMENT(._shared_irq_driver_api.static.*)))
                0xc000a944                        _shared_irq_driver_api_list_end = .
                0xc000a944                        _shared_irq_driver_api_ext_end = .
                0xc000a944                        _audio_codec_driver_api_list_start = .
 *(SORT_BY_NAME(SORT_BY_ALIGNMENT(._audio_codec_driver_api.static.*)))
                0xc000a944                        _audio_codec_driver_api_list_end = .
                0xc000a944                        _audio_codec_driver_api_ext_end = .
                0xc000a944                        _dmic_driver_api_list_start = .
 *(SORT_BY_NAME(SORT_BY_ALIGNMENT(._dmic_driver_api.static.*)))
                0xc000a944                        _dmic_driver_api_list_end = .
                0xc000a944                        _dmic_driver_api_ext_end = .
                0xc000a944                        _crypto_driver_api_list_start = .
 *(SORT_BY_NAME(SORT_BY_ALIGNMENT(._crypto_driver_api.static.*)))
                0xc000a944                        _crypto_driver_api_list_end = .
                0xc000a944                        _crypto_driver_api_ext_end = .
                0xc000a944                        _adc_driver_api_list_start = .
 *(SORT_BY_NAME(SORT_BY_ALIGNMENT(._adc_driver_api.static.*)))
                0xc000a944                        _adc_driver_api_list_end = .
                0xc000a944                        _adc_driver_api_ext_end = .
                0xc000a944                        _auxdisplay_driver_api_list_start = .
 *(SORT_BY_NAME(SORT_BY_ALIGNMENT(._auxdisplay_driver_api.static.*)))
                0xc000a944                        _auxdisplay_driver_api_list_end = .
                0xc000a944                        _auxdisplay_driver_api_ext_end = .
                0xc000a944                        _bbram_driver_api_list_start = .
 *(SORT_BY_NAME(SORT_BY_ALIGNMENT(._bbram_driver_api.static.*)))
                0xc000a944                        _bbram_driver_api_list_end = .
                0xc000a944                        _bbram_driver_api_ext_end = .
                0xc000a944                        _biometric_driver_api_list_start = .
 *(SORT_BY_NAME(SORT_BY_ALIGNMENT(._biometric_driver_api.static.*)))
                0xc000a944                        _biometric_driver_api_list_end = .
                0xc000a944                        _biometric_driver_api_ext_end = .
                0xc000a944                        _bt_hci_driver_api_list_start = .
 *(SORT_BY_NAME(SORT_BY_ALIGNMENT(._bt_hci_driver_api.static.*)))
                0xc000a944                        _bt_hci_driver_api_list_end = .
                0xc000a944                        _bt_hci_driver_api_ext_end = .
                0xc000a944                        _buzzer_driver_api_list_start = .
 *(SORT_BY_NAME(SORT_BY_ALIGNMENT(._buzzer_driver_api.static.*)))
                0xc000a944                        _buzzer_driver_api_list_end = .
                0xc000a944                        _buzzer_driver_api_ext_end = .
                0xc000a944                        _can_driver_api_list_start = .
 *(SORT_BY_NAME(SORT_BY_ALIGNMENT(._can_driver_api.static.*)))
                0xc000a944                        _can_driver_api_list_end = .
                0xc000a944                        _can_driver_api_ext_end = .
                0xc000a944                        _cellular_driver_api_list_start = .
 *(SORT_BY_NAME(SORT_BY_ALIGNMENT(._cellular_driver_api.static.*)))
                0xc000a944                        _cellular_driver_api_list_end = .
                0xc000a944                        _cellular_driver_api_ext_end = .
                0xc000a944                        _charger_driver_api_list_start = .
 *(SORT_BY_NAME(SORT_BY_ALIGNMENT(._charger_driver_api.static.*)))
                0xc000a944                        _charger_driver_api_list_end = .
                0xc000a944                        _charger_driver_api_ext_end = .
                0xc000a944                        _clock_control_driver_api_list_start = .
 *(SORT_BY_NAME(SORT_BY_ALIGNMENT(._clock_control_driver_api.static.*)))
 ._clock_control_driver_api.static.stm32_clock_control_api_
                0xc000a944       0x1c zephyr/drivers/clock_control/libdrivers__clock_control.a(clock_stm32_ll_mp13.c.obj)
                0xc000a960                        _clock_control_driver_api_list_end = .
                0xc000a960                        _nrf_clock_control_driver_api_list_start = .
 *(SORT_BY_NAME(SORT_BY_ALIGNMENT(._nrf_clock_control_driver_api.static.*)))
                0xc000a960                        _nrf_clock_control_driver_api_list_end = .
                0xc000a960                        _nrf_clock_control_driver_api_ext_end = .
                0xc000a960                        _clock_control_driver_api_ext_end = .
                0xc000a960                        _comparator_driver_api_list_start = .
 *(SORT_BY_NAME(SORT_BY_ALIGNMENT(._comparator_driver_api.static.*)))
                0xc000a960                        _comparator_driver_api_list_end = .
                0xc000a960                        _comparator_driver_api_ext_end = .
                0xc000a960                        _coredump_driver_api_list_start = .
 *(SORT_BY_NAME(SORT_BY_ALIGNMENT(._coredump_driver_api.static.*)))
                0xc000a960                        _coredump_driver_api_list_end = .
                0xc000a960                        _coredump_driver_api_ext_end = .
                0xc000a960                        _counter_driver_api_list_start = .
 *(SORT_BY_NAME(SORT_BY_ALIGNMENT(._counter_driver_api.static.*)))
                0xc000a960                        _counter_driver_api_list_end = .
                0xc000a960                        _counter_driver_api_ext_end = .
                0xc000a960                        _crc_driver_api_list_start = .
 *(SORT_BY_NAME(SORT_BY_ALIGNMENT(._crc_driver_api.static.*)))
                0xc000a960                        _crc_driver_api_list_end = .
                0xc000a960                        _crc_driver_api_ext_end = .
                0xc000a960                        _dac_driver_api_list_start = .
 *(SORT_BY_NAME(SORT_BY_ALIGNMENT(._dac_driver_api.static.*)))
                0xc000a960                        _dac_driver_api_list_end = .
                0xc000a960                        _dac_driver_api_ext_end = .
                0xc000a960                        _dai_driver_api_list_start = .
 *(SORT_BY_NAME(SORT_BY_ALIGNMENT(._dai_driver_api.static.*)))
                0xc000a960                        _dai_driver_api_list_end = .
                0xc000a960                        _dai_driver_api_ext_end = .
                0xc000a960                        _dali_driver_api_list_start = .
 *(SORT_BY_NAME(SORT_BY_ALIGNMENT(._dali_driver_api.static.*)))
                0xc000a960                        _dali_driver_api_list_end = .
                0xc000a960                        _dali_driver_api_ext_end = .
                0xc000a960                        _display_driver_api_list_start = .
 *(SORT_BY_NAME(SORT_BY_ALIGNMENT(._display_driver_api.static.*)))
                0xc000a960                        _display_driver_api_list_end = .
                0xc000a960                        _display_driver_api_ext_end = .
                0xc000a960                        _dma_driver_api_list_start = .
 *(SORT_BY_NAME(SORT_BY_ALIGNMENT(._dma_driver_api.static.*)))
                0xc000a960                        _dma_driver_api_list_end = .
                0xc000a960                        _dma_driver_api_ext_end = .
                0xc000a960                        _edac_driver_api_list_start = .
 *(SORT_BY_NAME(SORT_BY_ALIGNMENT(._edac_driver_api.static.*)))
                0xc000a960                        _edac_driver_api_list_end = .
                0xc000a960                        _edac_driver_api_ext_end = .
                0xc000a960                        _eeprom_driver_api_list_start = .
 *(SORT_BY_NAME(SORT_BY_ALIGNMENT(._eeprom_driver_api.static.*)))
                0xc000a960                        _eeprom_driver_api_list_end = .
                0xc000a960                        _eeprom_driver_api_ext_end = .
                0xc000a960                        _emul_bbram_driver_api_list_start = .
 *(SORT_BY_NAME(SORT_BY_ALIGNMENT(._emul_bbram_driver_api.static.*)))
                0xc000a960                        _emul_bbram_driver_api_list_end = .
                0xc000a960                        _emul_bbram_driver_api_ext_end = .
                0xc000a960                        _fuel_gauge_emul_driver_api_list_start = .
 *(SORT_BY_NAME(SORT_BY_ALIGNMENT(._fuel_gauge_emul_driver_api.static.*)))
                0xc000a960                        _fuel_gauge_emul_driver_api_list_end = .
                0xc000a960                        _fuel_gauge_emul_driver_api_ext_end = .
                0xc000a960                        _emul_sensor_driver_api_list_start = .
 *(SORT_BY_NAME(SORT_BY_ALIGNMENT(._emul_sensor_driver_api.static.*)))
                0xc000a960                        _emul_sensor_driver_api_list_end = .
                0xc000a960                        _emul_sensor_driver_api_ext_end = .
                0xc000a960                        _entropy_driver_api_list_start = .
 *(SORT_BY_NAME(SORT_BY_ALIGNMENT(._entropy_driver_api.static.*)))
                0xc000a960                        _entropy_driver_api_list_end = .
                0xc000a960                        _entropy_driver_api_ext_end = .
                0xc000a960                        _espi_driver_api_list_start = .
 *(SORT_BY_NAME(SORT_BY_ALIGNMENT(._espi_driver_api.static.*)))
                0xc000a960                        _espi_driver_api_list_end = .
                0xc000a960                        _emul_espi_driver_api_list_start = .
 *(SORT_BY_NAME(SORT_BY_ALIGNMENT(._emul_espi_driver_api.static.*)))
                0xc000a960                        _emul_espi_driver_api_list_end = .
                0xc000a960                        _emul_espi_driver_api_ext_end = .
                0xc000a960                        _espi_driver_api_ext_end = .
                0xc000a960                        _espi_saf_driver_api_list_start = .
 *(SORT_BY_NAME(SORT_BY_ALIGNMENT(._espi_saf_driver_api.static.*)))
                0xc000a960                        _espi_saf_driver_api_list_end = .
                0xc000a960                        _espi_saf_driver_api_ext_end = .
                0xc000a960                        _flash_driver_api_list_start = .
 *(SORT_BY_NAME(SORT_BY_ALIGNMENT(._flash_driver_api.static.*)))
                0xc000a960                        _flash_driver_api_list_end = .
                0xc000a960                        _flash_driver_api_ext_end = .
                0xc000a960                        _fpga_driver_api_list_start = .
 *(SORT_BY_NAME(SORT_BY_ALIGNMENT(._fpga_driver_api.static.*)))
                0xc000a960                        _fpga_driver_api_list_end = .
                0xc000a960                        _fpga_driver_api_ext_end = .
                0xc000a960                        _fuel_gauge_driver_api_list_start = .
 *(SORT_BY_NAME(SORT_BY_ALIGNMENT(._fuel_gauge_driver_api.static.*)))
                0xc000a960                        _fuel_gauge_driver_api_list_end = .
                0xc000a960                        _fuel_gauge_driver_api_ext_end = .
                0xc000a960                        _gnss_driver_api_list_start = .
 *(SORT_BY_NAME(SORT_BY_ALIGNMENT(._gnss_driver_api.static.*)))
                0xc000a960                        _gnss_driver_api_list_end = .
                0xc000a960                        _gnss_driver_api_ext_end = .
                0xc000a960                        _haptics_driver_api_list_start = .
 *(SORT_BY_NAME(SORT_BY_ALIGNMENT(._haptics_driver_api.static.*)))
                0xc000a960                        _haptics_driver_api_list_end = .
                0xc000a960                        _haptics_driver_api_ext_end = .
                0xc000a960                        _hwspinlock_driver_api_list_start = .
 *(SORT_BY_NAME(SORT_BY_ALIGNMENT(._hwspinlock_driver_api.static.*)))
                0xc000a960                        _hwspinlock_driver_api_list_end = .
                0xc000a960                        _hwspinlock_driver_api_ext_end = .
                0xc000a960                        _i2s_driver_api_list_start = .
 *(SORT_BY_NAME(SORT_BY_ALIGNMENT(._i2s_driver_api.static.*)))
                0xc000a960                        _i2s_driver_api_list_end = .
                0xc000a960                        _i2s_driver_api_ext_end = .
                0xc000a960                        _ipm_driver_api_list_start = .
 *(SORT_BY_NAME(SORT_BY_ALIGNMENT(._ipm_driver_api.static.*)))
                0xc000a960                        _ipm_driver_api_list_end = .
                0xc000a960                        _ipm_driver_api_ext_end = .
                0xc000a960                        _led_driver_api_list_start = .
 *(SORT_BY_NAME(SORT_BY_ALIGNMENT(._led_driver_api.static.*)))
                0xc000a960                        _led_driver_api_list_end = .
                0xc000a960                        _led_driver_api_ext_end = .
                0xc000a960                        _led_strip_driver_api_list_start = .
 *(SORT_BY_NAME(SORT_BY_ALIGNMENT(._led_strip_driver_api.static.*)))
                0xc000a960                        _led_strip_driver_api_list_end = .
                0xc000a960                        _led_strip_driver_api_ext_end = .
                0xc000a960                        _lora_driver_api_list_start = .
 *(SORT_BY_NAME(SORT_BY_ALIGNMENT(._lora_driver_api.static.*)))
                0xc000a960                        _lora_driver_api_list_end = .
                0xc000a960                        _lora_driver_api_ext_end = .
                0xc000a960                        _mbox_driver_api_list_start = .
 *(SORT_BY_NAME(SORT_BY_ALIGNMENT(._mbox_driver_api.static.*)))
                0xc000a960                        _mbox_driver_api_list_end = .
                0xc000a960                        _mbox_driver_api_ext_end = .
                0xc000a960                        _mdio_driver_api_list_start = .
 *(SORT_BY_NAME(SORT_BY_ALIGNMENT(._mdio_driver_api.static.*)))
                0xc000a960                        _mdio_driver_api_list_end = .
                0xc000a960                        _mdio_driver_api_ext_end = .
                0xc000a960                        _mipi_dbi_driver_api_list_start = .
 *(SORT_BY_NAME(SORT_BY_ALIGNMENT(._mipi_dbi_driver_api.static.*)))
                0xc000a960                        _mipi_dbi_driver_api_list_end = .
                0xc000a960                        _mipi_dbi_driver_api_ext_end = .
                0xc000a960                        _mipi_dsi_driver_api_list_start = .
 *(SORT_BY_NAME(SORT_BY_ALIGNMENT(._mipi_dsi_driver_api.static.*)))
                0xc000a960                        _mipi_dsi_driver_api_list_end = .
                0xc000a960                        _mipi_dsi_driver_api_ext_end = .
                0xc000a960                        _mspi_driver_api_list_start = .
 *(SORT_BY_NAME(SORT_BY_ALIGNMENT(._mspi_driver_api.static.*)))
                0xc000a960                        _mspi_driver_api_list_end = .
                0xc000a960                        _emul_mspi_driver_api_list_start = .
 *(SORT_BY_NAME(SORT_BY_ALIGNMENT(._emul_mspi_driver_api.static.*)))
                0xc000a960                        _emul_mspi_driver_api_list_end = .
                0xc000a960                        _emul_mspi_driver_api_ext_end = .
                0xc000a960                        _mspi_driver_api_ext_end = .
                0xc000a960                        _opamp_driver_api_list_start = .
 *(SORT_BY_NAME(SORT_BY_ALIGNMENT(._opamp_driver_api.static.*)))
                0xc000a960                        _opamp_driver_api_list_end = .
                0xc000a960                        _opamp_driver_api_ext_end = .
                0xc000a960                        _otp_driver_api_list_start = .
 *(SORT_BY_NAME(SORT_BY_ALIGNMENT(._otp_driver_api.static.*)))
                0xc000a960                        _otp_driver_api_list_end = .
                0xc000a960                        _otp_driver_api_ext_end = .
                0xc000a960                        _peci_driver_api_list_start = .
 *(SORT_BY_NAME(SORT_BY_ALIGNMENT(._peci_driver_api.static.*)))
                0xc000a960                        _peci_driver_api_list_end = .
                0xc000a960                        _peci_driver_api_ext_end = .
                0xc000a960                        _ps2_driver_api_list_start = .
 *(SORT_BY_NAME(SORT_BY_ALIGNMENT(._ps2_driver_api.static.*)))
                0xc000a960                        _ps2_driver_api_list_end = .
                0xc000a960                        _ps2_driver_api_ext_end = .
                0xc000a960                        _ptp_clock_driver_api_list_start = .
 *(SORT_BY_NAME(SORT_BY_ALIGNMENT(._ptp_clock_driver_api.static.*)))
                0xc000a960                        _ptp_clock_driver_api_list_end = .
                0xc000a960                        _ptp_clock_driver_api_ext_end = .
                0xc000a960                        _pwm_driver_api_list_start = .
 *(SORT_BY_NAME(SORT_BY_ALIGNMENT(._pwm_driver_api.static.*)))
                0xc000a960                        _pwm_driver_api_list_end = .
                0xc000a960                        _pwm_driver_api_ext_end = .
                0xc000a960                        _regulator_parent_driver_api_list_start = .
 *(SORT_BY_NAME(SORT_BY_ALIGNMENT(._regulator_parent_driver_api.static.*)))
                0xc000a960                        _regulator_parent_driver_api_list_end = .
                0xc000a960                        _regulator_parent_driver_api_ext_end = .
                0xc000a960                        _regulator_driver_api_list_start = .
 *(SORT_BY_NAME(SORT_BY_ALIGNMENT(._regulator_driver_api.static.*)))
                0xc000a960                        _regulator_driver_api_list_end = .
                0xc000a960                        _regulator_driver_api_ext_end = .
                0xc000a960                        _retained_mem_driver_api_list_start = .
 *(SORT_BY_NAME(SORT_BY_ALIGNMENT(._retained_mem_driver_api.static.*)))
                0xc000a960                        _retained_mem_driver_api_list_end = .
                0xc000a960                        _retained_mem_driver_api_ext_end = .
                0xc000a960                        _sdhc_driver_api_list_start = .
 *(SORT_BY_NAME(SORT_BY_ALIGNMENT(._sdhc_driver_api.static.*)))
                0xc000a960                        _sdhc_driver_api_list_end = .
                0xc000a960                        _sdhc_driver_api_ext_end = .
                0xc000a960                        _sensor_driver_api_list_start = .
 *(SORT_BY_NAME(SORT_BY_ALIGNMENT(._sensor_driver_api.static.*)))
                0xc000a960                        _sensor_driver_api_list_end = .
                0xc000a960                        _sensor_driver_api_ext_end = .
                0xc000a960                        _smbus_driver_api_list_start = .
 *(SORT_BY_NAME(SORT_BY_ALIGNMENT(._smbus_driver_api.static.*)))
                0xc000a960                        _smbus_driver_api_list_end = .
                0xc000a960                        _smbus_driver_api_ext_end = .
                0xc000a960                        _spi_driver_api_list_start = .
 *(SORT_BY_NAME(SORT_BY_ALIGNMENT(._spi_driver_api.static.*)))
                0xc000a960                        _spi_driver_api_list_end = .
                0xc000a960                        _spi_driver_api_ext_end = .
                0xc000a960                        _syscon_driver_api_list_start = .
 *(SORT_BY_NAME(SORT_BY_ALIGNMENT(._syscon_driver_api.static.*)))
                0xc000a960                        _syscon_driver_api_list_end = .
                0xc000a960                        _syscon_driver_api_ext_end = .
                0xc000a960                        _tee_driver_api_list_start = .
 *(SORT_BY_NAME(SORT_BY_ALIGNMENT(._tee_driver_api.static.*)))
                0xc000a960                        _tee_driver_api_list_end = .
                0xc000a960                        _tee_driver_api_ext_end = .
                0xc000a960                        _tgpio_driver_api_list_start = .
 *(SORT_BY_NAME(SORT_BY_ALIGNMENT(._tgpio_driver_api.static.*)))
                0xc000a960                        _tgpio_driver_api_list_end = .
                0xc000a960                        _tgpio_driver_api_ext_end = .
                0xc000a960                        _uaol_driver_api_list_start = .
 *(SORT_BY_NAME(SORT_BY_ALIGNMENT(._uaol_driver_api.static.*)))
                0xc000a960                        _uaol_driver_api_list_end = .
                0xc000a960                        _uaol_driver_api_ext_end = .
                0xc000a960                        _video_driver_api_list_start = .
 *(SORT_BY_NAME(SORT_BY_ALIGNMENT(._video_driver_api.static.*)))
                0xc000a960                        _video_driver_api_list_end = .
                0xc000a960                        _video_driver_api_ext_end = .
                0xc000a960                        _virtio_driver_api_list_start = .
 *(SORT_BY_NAME(SORT_BY_ALIGNMENT(._virtio_driver_api.static.*)))
                0xc000a960                        _virtio_driver_api_list_end = .
                0xc000a960                        _virtio_driver_api_ext_end = .
                0xc000a960                        _w1_driver_api_list_start = .
 *(SORT_BY_NAME(SORT_BY_ALIGNMENT(._w1_driver_api.static.*)))
                0xc000a960                        _w1_driver_api_list_end = .
                0xc000a960                        _w1_driver_api_ext_end = .
                0xc000a960                        _wdt_driver_api_list_start = .
 *(SORT_BY_NAME(SORT_BY_ALIGNMENT(._wdt_driver_api.static.*)))
                0xc000a960                        _wdt_driver_api_list_end = .
                0xc000a960                        _wdt_driver_api_ext_end = .
                0xc000a960                        _wuc_driver_api_list_start = .
 *(SORT_BY_NAME(SORT_BY_ALIGNMENT(._wuc_driver_api.static.*)))
                0xc000a960                        _wuc_driver_api_list_end = .
                0xc000a960                        _wuc_driver_api_ext_end = .
                0xc000a960                        _can_transceiver_driver_api_list_start = .
 *(SORT_BY_NAME(SORT_BY_ALIGNMENT(._can_transceiver_driver_api.static.*)))
                0xc000a960                        _can_transceiver_driver_api_list_end = .
                0xc000a960                        _can_transceiver_driver_api_ext_end = .
                0xc000a960                        _i3c_target_driver_api_list_start = .
 *(SORT_BY_NAME(SORT_BY_ALIGNMENT(._i3c_target_driver_api.static.*)))
                0xc000a960                        _i3c_target_driver_api_list_end = .
                0xc000a960                        _i3c_target_driver_api_ext_end = .
                0xc000a960                        _its_driver_api_list_start = .
 *(SORT_BY_NAME(SORT_BY_ALIGNMENT(._its_driver_api.static.*)))
                0xc000a960                        _its_driver_api_list_end = .
                0xc000a960                        _its_driver_api_ext_end = .
                0xc000a960                        _vtd_driver_api_list_start = .
 *(SORT_BY_NAME(SORT_BY_ALIGNMENT(._vtd_driver_api.static.*)))
                0xc000a960                        _vtd_driver_api_list_end = .
                0xc000a960                        _vtd_driver_api_ext_end = .
                0xc000a960                        _renesas_elc_driver_api_list_start = .
 *(SORT_BY_NAME(SORT_BY_ALIGNMENT(._renesas_elc_driver_api.static.*)))
                0xc000a960                        _renesas_elc_driver_api_list_end = .
                0xc000a960                        _renesas_elc_driver_api_ext_end = .
                0xc000a960                        _pcie_ctrl_driver_api_list_start = .
 *(SORT_BY_NAME(SORT_BY_ALIGNMENT(._pcie_ctrl_driver_api.static.*)))
                0xc000a960                        _pcie_ctrl_driver_api_list_end = .
                0xc000a960                        _pcie_ctrl_driver_api_ext_end = .
                0xc000a960                        _pcie_ep_driver_api_list_start = .
 *(SORT_BY_NAME(SORT_BY_ALIGNMENT(._pcie_ep_driver_api.static.*)))
                0xc000a960                        _pcie_ep_driver_api_list_end = .
                0xc000a960                        _pcie_ep_driver_api_ext_end = .
                0xc000a960                        _psi5_driver_api_list_start = .
 *(SORT_BY_NAME(SORT_BY_ALIGNMENT(._psi5_driver_api.static.*)))
                0xc000a960                        _psi5_driver_api_list_end = .
                0xc000a960                        _psi5_driver_api_ext_end = .
                0xc000a960                        _sent_driver_api_list_start = .
 *(SORT_BY_NAME(SORT_BY_ALIGNMENT(._sent_driver_api.static.*)))
                0xc000a960                        _sent_driver_api_list_end = .
                0xc000a960                        _sent_driver_api_ext_end = .
                0xc000a960                        _svc_driver_api_list_start = .
 *(SORT_BY_NAME(SORT_BY_ALIGNMENT(._svc_driver_api.static.*)))
                0xc000a960                        _svc_driver_api_list_end = .
                0xc000a960                        _svc_driver_api_ext_end = .
                0xc000a960                        _stepper_driver_api_list_start = .
 *(SORT_BY_NAME(SORT_BY_ALIGNMENT(._stepper_driver_api.static.*)))
                0xc000a960                        _stepper_driver_api_list_end = .
                0xc000a960                        _stepper_driver_api_ext_end = .
                0xc000a960                        _stepper_ctrl_driver_api_list_start = .
 *(SORT_BY_NAME(SORT_BY_ALIGNMENT(._stepper_ctrl_driver_api.static.*)))
                0xc000a960                        _stepper_ctrl_driver_api_list_end = .
                0xc000a960                        _stepper_ctrl_driver_api_ext_end = .
                0xc000a960                        _uart_driver_api_list_start = .
 *(SORT_BY_NAME(SORT_BY_ALIGNMENT(._uart_driver_api.static.*)))
 ._uart_driver_api.static.uart_stm32_driver_api_
                0xc000a960       0x14 zephyr/drivers/serial/libdrivers__serial.a(uart_stm32.c.obj)
                0xc000a974                        _uart_driver_api_list_end = .
                0xc000a974                        _uart_driver_api_ext_end = .
                0xc000a974                        _bc12_emul_driver_api_list_start = .
 *(SORT_BY_NAME(SORT_BY_ALIGNMENT(._bc12_emul_driver_api.static.*)))
                0xc000a974                        _bc12_emul_driver_api_list_end = .
                0xc000a974                        _bc12_emul_driver_api_ext_end = .
                0xc000a974                        _bc12_driver_api_list_start = .
 *(SORT_BY_NAME(SORT_BY_ALIGNMENT(._bc12_driver_api.static.*)))
                0xc000a974                        _bc12_driver_api_list_end = .
                0xc000a974                        _bc12_driver_api_ext_end = .
                0xc000a974                        _usbc_ppc_driver_api_list_start = .
 *(SORT_BY_NAME(SORT_BY_ALIGNMENT(._usbc_ppc_driver_api.static.*)))
                0xc000a974                        _usbc_ppc_driver_api_list_end = .
                0xc000a974                        _usbc_ppc_driver_api_ext_end = .
                0xc000a974                        _tcpc_driver_api_list_start = .
 *(SORT_BY_NAME(SORT_BY_ALIGNMENT(._tcpc_driver_api.static.*)))
                0xc000a974                        _tcpc_driver_api_list_end = .
                0xc000a974                        _tcpc_driver_api_ext_end = .
                0xc000a974                        _usbc_vbus_driver_api_list_start = .
 *(SORT_BY_NAME(SORT_BY_ALIGNMENT(._usbc_vbus_driver_api.static.*)))
                0xc000a974                        _usbc_vbus_driver_api_list_end = .