/local/home/achraftm/STM32CubeMP13/Drivers/BSP/STM32MP13xx_DISCO/stm32mp13xx_disco_stpmic1.c:801:22:STPMU1_Get_Regulator_Data	8	static
/local/home/achraftm/STM32CubeMP13/Drivers/BSP/STM32MP13xx_DISCO/stm32mp13xx_disco_stpmic1.c:817:16:STPMU1_Voltage_Find_Index	8	static
/local/home/achraftm/STM32CubeMP13/Drivers/BSP/STM32MP13xx_DISCO/stm32mp13xx_disco_stpmic1.c:1010:17:BSP_PMIC_MspInit	32	static
/local/home/achraftm/STM32CubeMP13/Drivers/BSP/STM32MP13xx_DISCO/stm32mp13xx_disco_stpmic1.c:1041:17:BSP_PMIC_MspDeInit	8	static
/local/home/achraftm/STM32CubeMP13/Drivers/BSP/STM32MP13xx_DISCO/stm32mp13xx_disco_stpmic1.c:943:9:STPMU1_Register_Read	16	static
/local/home/achraftm/STM32CubeMP13/Drivers/BSP/STM32MP13xx_DISCO/stm32mp13xx_disco_stpmic1.c:924:9:STPMU1_Is_Regulator_Enabled	8	static
/local/home/achraftm/STM32CubeMP13/Drivers/BSP/STM32MP13xx_DISCO/stm32mp13xx_disco_stpmic1.c:958:6:STPMU1_Register_Write	16	static
/local/home/achraftm/STM32CubeMP13/Drivers/BSP/STM32MP13xx_DISCO/stm32mp13xx_disco_stpmic1.c:832:6:STPMU1_Enable_Interrupt	16	static
/local/home/achraftm/STM32CubeMP13/Drivers/BSP/STM32MP13xx_DISCO/stm32mp13xx_disco_stpmic1.c:855:13:STPMU1_Disable_Interrupt	16	static
/local/home/achraftm/STM32CubeMP13/Drivers/BSP/STM32MP13xx_DISCO/stm32mp13xx_disco_stpmic1.c:982:6:STPMU1_Register_Update	16	static
/local/home/achraftm/STM32CubeMP13/Drivers/BSP/STM32MP13xx_DISCO/stm32mp13xx_disco_stpmic1.c:904:6:STPMU1_Sw_Reset	8	static
/local/home/achraftm/STM32CubeMP13/Drivers/BSP/STM32MP13xx_DISCO/stm32mp13xx_disco_stpmic1.c:910:6:STPMU1_Regulator_Enable	8	static
/local/home/achraftm/STM32CubeMP13/Drivers/BSP/STM32MP13xx_DISCO/stm32mp13xx_disco_stpmic1.c:917:6:STPMU1_Regulator_Disable	8	static
/local/home/achraftm/STM32CubeMP13/Drivers/BSP/STM32MP13xx_DISCO/stm32mp13xx_disco_stpmic1.c:935:6:STPMU1_Regulator_Voltage_Set	16	static
/local/home/achraftm/STM32CubeMP13/Drivers/BSP/STM32MP13xx_DISCO/stm32mp13xx_disco_stpmic1.c:1063:10:BSP_PMIC_Is_Device_Ready	8	static
/local/home/achraftm/STM32CubeMP13/Drivers/BSP/STM32MP13xx_DISCO/stm32mp13xx_disco_stpmic1.c:1078:10:BSP_PMIC_Init	8	static
/local/home/achraftm/STM32CubeMP13/Drivers/BSP/STM32MP13xx_DISCO/stm32mp13xx_disco_stpmic1.c:1103:10:BSP_PMIC_DeInit	8	static
/local/home/achraftm/STM32CubeMP13/Drivers/BSP/STM32MP13xx_DISCO/stm32mp13xx_disco_stpmic1.c:1127:10:BSP_PMIC_InitRegulators	8	static
/local/home/achraftm/STM32CubeMP13/Drivers/BSP/STM32MP13xx_DISCO/stm32mp13xx_disco_stpmic1.c:1179:10:BSP_PMIC_PrepareLpStop	8	static
/local/home/achraftm/STM32CubeMP13/Drivers/BSP/STM32MP13xx_DISCO/stm32mp13xx_disco_stpmic1.c:1199:10:BSP_PMIC_PrepareLpLvStop	8	static
/local/home/achraftm/STM32CubeMP13/Drivers/BSP/STM32MP13xx_DISCO/stm32mp13xx_disco_stpmic1.c:1213:10:BSP_PMIC_PrepareLpLvStop2	8	static
/local/home/achraftm/STM32CubeMP13/Drivers/BSP/STM32MP13xx_DISCO/stm32mp13xx_disco_stpmic1.c:1228:10:BSP_PMIC_PrepareStandbySelfRefresh	8	static
/local/home/achraftm/STM32CubeMP13/Drivers/BSP/STM32MP13xx_DISCO/stm32mp13xx_disco_stpmic1.c:1244:10:BSP_PMIC_PrepareStandby	8	static
/local/home/achraftm/STM32CubeMP13/Drivers/BSP/STM32MP13xx_DISCO/stm32mp13xx_disco_stpmic1.c:1255:10:BSP_PMIC_SwitchOff	8	static
/local/home/achraftm/STM32CubeMP13/Drivers/BSP/STM32MP13xx_DISCO/stm32mp13xx_disco_stpmic1.c:1263:13:BSP_PMIC_INTn_Callback	0	static
/local/home/achraftm/STM32CubeMP13/Drivers/BSP/STM32MP13xx_DISCO/stm32mp13xx_disco_stpmic1.c:1267:6:STPMU1_INTn_Callback	8	static
/local/home/achraftm/STM32CubeMP13/Drivers/BSP/STM32MP13xx_DISCO/stm32mp13xx_disco_stpmic1.c:879:6:STPMU1_IrqHandler	16	static
/local/home/achraftm/STM32CubeMP13/Drivers/BSP/STM32MP13xx_DISCO/stm32mp13xx_disco_stpmic1.c:1271:6:EXTI8_IRQHandler	8	static
