/local/home/achraftm/STM32CubeMP13/Drivers/BSP/STM32MP13xx_DISCO/stm32mp13xx_disco_bus.c:1079:6:I2C5_MspInit	48	static
/local/home/achraftm/STM32CubeMP13/Drivers/BSP/STM32MP13xx_DISCO/stm32mp13xx_disco_bus.c:1200:6:I2C4_MspInit	48	static
/local/home/achraftm/STM32CubeMP13/Drivers/BSP/STM32MP13xx_DISCO/stm32mp13xx_disco_bus.c:1319:6:I2C1_MspInit	48	static
/local/home/achraftm/STM32CubeMP13/Drivers/BSP/STM32MP13xx_DISCO/stm32mp13xx_disco_bus.c:1129:13:I2C5_MspDeInit	40	static
/local/home/achraftm/STM32CubeMP13/Drivers/BSP/STM32MP13xx_DISCO/stm32mp13xx_disco_bus.c:1249:13:I2C4_MspDeInit	32	static
/local/home/achraftm/STM32CubeMP13/Drivers/BSP/STM32MP13xx_DISCO/stm32mp13xx_disco_bus.c:1368:13:I2C1_MspDeInit	32	static
/local/home/achraftm/STM32CubeMP13/Drivers/BSP/STM32MP13xx_DISCO/stm32mp13xx_disco_bus.c:1165:16:I2C5_WriteReg	24	static
/local/home/achraftm/STM32CubeMP13/Drivers/BSP/STM32MP13xx_DISCO/stm32mp13xx_disco_bus.c:1285:16:I2C4_WriteReg	24	static
/local/home/achraftm/STM32CubeMP13/Drivers/BSP/STM32MP13xx_DISCO/stm32mp13xx_disco_bus.c:1404:16:I2C1_WriteReg	24	static
/local/home/achraftm/STM32CubeMP13/Drivers/BSP/STM32MP13xx_DISCO/stm32mp13xx_disco_bus.c:1184:16:I2C5_ReadReg	24	static
/local/home/achraftm/STM32CubeMP13/Drivers/BSP/STM32MP13xx_DISCO/stm32mp13xx_disco_bus.c:1304:16:I2C4_ReadReg	24	static
/local/home/achraftm/STM32CubeMP13/Drivers/BSP/STM32MP13xx_DISCO/stm32mp13xx_disco_bus.c:1423:16:I2C1_ReadReg	24	static
/local/home/achraftm/STM32CubeMP13/Drivers/BSP/STM32MP13xx_DISCO/stm32mp13xx_disco_bus.c:273:9:BSP_I2C5_DeInit	8	static
/local/home/achraftm/STM32CubeMP13/Drivers/BSP/STM32MP13xx_DISCO/stm32mp13xx_disco_bus.c:293:26:MX_I2C5_Init	8	static
/local/home/achraftm/STM32CubeMP13/Drivers/BSP/STM32MP13xx_DISCO/stm32mp13xx_disco_bus.c:241:9:BSP_I2C5_Init	8	static
/local/home/achraftm/STM32CubeMP13/Drivers/BSP/STM32MP13xx_DISCO/stm32mp13xx_disco_bus.c:315:9:BSP_I2C5_WriteReg	16	static
/local/home/achraftm/STM32CubeMP13/Drivers/BSP/STM32MP13xx_DISCO/stm32mp13xx_disco_bus.c:346:9:BSP_I2C5_ReadReg	16	static
/local/home/achraftm/STM32CubeMP13/Drivers/BSP/STM32MP13xx_DISCO/stm32mp13xx_disco_bus.c:377:9:BSP_I2C5_WriteReg16	16	static
/local/home/achraftm/STM32CubeMP13/Drivers/BSP/STM32MP13xx_DISCO/stm32mp13xx_disco_bus.c:408:9:BSP_I2C5_ReadReg16	16	static
/local/home/achraftm/STM32CubeMP13/Drivers/BSP/STM32MP13xx_DISCO/stm32mp13xx_disco_bus.c:438:9:BSP_I2C5_IsReady	8	static
/local/home/achraftm/STM32CubeMP13/Drivers/BSP/STM32MP13xx_DISCO/stm32mp13xx_disco_bus.c:490:9:BSP_I2C4_DeInit	8	static
/local/home/achraftm/STM32CubeMP13/Drivers/BSP/STM32MP13xx_DISCO/stm32mp13xx_disco_bus.c:510:26:MX_I2C4_Init	8	static
/local/home/achraftm/STM32CubeMP13/Drivers/BSP/STM32MP13xx_DISCO/stm32mp13xx_disco_bus.c:458:9:BSP_I2C4_Init	8	static
/local/home/achraftm/STM32CubeMP13/Drivers/BSP/STM32MP13xx_DISCO/stm32mp13xx_disco_bus.c:532:9:BSP_I2C4_WriteReg	16	static
/local/home/achraftm/STM32CubeMP13/Drivers/BSP/STM32MP13xx_DISCO/stm32mp13xx_disco_bus.c:563:9:BSP_I2C4_ReadReg	16	static
/local/home/achraftm/STM32CubeMP13/Drivers/BSP/STM32MP13xx_DISCO/stm32mp13xx_disco_bus.c:594:9:BSP_I2C4_WriteReg16	16	static
/local/home/achraftm/STM32CubeMP13/Drivers/BSP/STM32MP13xx_DISCO/stm32mp13xx_disco_bus.c:625:9:BSP_I2C4_ReadReg16	16	static
/local/home/achraftm/STM32CubeMP13/Drivers/BSP/STM32MP13xx_DISCO/stm32mp13xx_disco_bus.c:655:9:BSP_I2C4_IsReady	8	static
/local/home/achraftm/STM32CubeMP13/Drivers/BSP/STM32MP13xx_DISCO/stm32mp13xx_disco_bus.c:707:9:BSP_I2C1_DeInit	8	static
/local/home/achraftm/STM32CubeMP13/Drivers/BSP/STM32MP13xx_DISCO/stm32mp13xx_disco_bus.c:727:26:MX_I2C1_Init	8	static
/local/home/achraftm/STM32CubeMP13/Drivers/BSP/STM32MP13xx_DISCO/stm32mp13xx_disco_bus.c:675:9:BSP_I2C1_Init	8	static
/local/home/achraftm/STM32CubeMP13/Drivers/BSP/STM32MP13xx_DISCO/stm32mp13xx_disco_bus.c:749:9:BSP_I2C1_WriteReg	16	static
/local/home/achraftm/STM32CubeMP13/Drivers/BSP/STM32MP13xx_DISCO/stm32mp13xx_disco_bus.c:780:9:BSP_I2C1_ReadReg	16	static
/local/home/achraftm/STM32CubeMP13/Drivers/BSP/STM32MP13xx_DISCO/stm32mp13xx_disco_bus.c:811:9:BSP_I2C1_WriteReg16	16	static
/local/home/achraftm/STM32CubeMP13/Drivers/BSP/STM32MP13xx_DISCO/stm32mp13xx_disco_bus.c:842:9:BSP_I2C1_ReadReg16	16	static
/local/home/achraftm/STM32CubeMP13/Drivers/BSP/STM32MP13xx_DISCO/stm32mp13xx_disco_bus.c:872:9:BSP_I2C1_IsReady	8	static
/local/home/achraftm/STM32CubeMP13/Drivers/BSP/STM32MP13xx_DISCO/stm32mp13xx_disco_bus.c:892:9:BSP_GetTick	8	static
