../../../../../../../Drivers/CMSIS/Core_A/Include/core_ca.h:1182:22:GIC_SetTarget	4	static
../../../../../../../Drivers/CMSIS/Core_A/Include/core_ca.h:1256:26:GIC_GetPendingIRQ	0	static
../../../../../../../Drivers/CMSIS/Core_A/Include/core_ca.h:1279:22:GIC_SetPendingIRQ	0	static
../../../../../../../Drivers/CMSIS/Core_A/Include/core_ca.h:1293:22:GIC_ClearPendingIRQ	0	static
../../../../../../../Drivers/CMSIS/Core_A/Include/core_ca.h:1308:22:GIC_SetConfiguration	4	static
../../../../../../../Drivers/CMSIS/Core_A/Include/core_ca.h:1333:22:GIC_SetPriority	4	static
../../../../../../../Drivers/CMSIS/Core_A/Include/core_ca.h:1383:26:GIC_GetIRQStatus	0	static
../../../../../../../Drivers/CMSIS/Core_A/Include/core_ca.h:1423:22:GIC_SetGroup	4	static
../../../../../../../Drivers/CMSIS/Core_A/Include/core_ca.h:1447:22:GIC_DistInit	24	static
../../../../../../../Drivers/CMSIS/Core_A/Include/core_ca.h:1484:22:GIC_CPUInterfaceInit	16	static
/local/home/achraftm/STM32CubeMP13/Drivers/CMSIS/Core_A/Source/irq_ctrl_gic.c:47:16:IRQ_Initialize	8	static
/local/home/achraftm/STM32CubeMP13/Drivers/CMSIS/Core_A/Source/irq_ctrl_gic.c:59:16:IRQ_SetHandler	0	static
/local/home/achraftm/STM32CubeMP13/Drivers/CMSIS/Core_A/Source/irq_ctrl_gic.c:74:21:IRQ_GetHandler	0	static
/local/home/achraftm/STM32CubeMP13/Drivers/CMSIS/Core_A/Source/irq_ctrl_gic.c:91:16:IRQ_Enable	0	static
/local/home/achraftm/STM32CubeMP13/Drivers/CMSIS/Core_A/Source/irq_ctrl_gic.c:106:16:IRQ_Disable	0	static
/local/home/achraftm/STM32CubeMP13/Drivers/CMSIS/Core_A/Source/irq_ctrl_gic.c:121:17:IRQ_GetEnableState	0	static
/local/home/achraftm/STM32CubeMP13/Drivers/CMSIS/Core_A/Source/irq_ctrl_gic.c:135:16:IRQ_SetMode	24	static
/local/home/achraftm/STM32CubeMP13/Drivers/CMSIS/Core_A/Source/irq_ctrl_gic.c:210:17:IRQ_GetMode	0	static
/local/home/achraftm/STM32CubeMP13/Drivers/CMSIS/Core_A/Source/irq_ctrl_gic.c:243:18:IRQ_GetActiveIRQ	8	static,ignoring_inline_asm
/local/home/achraftm/STM32CubeMP13/Drivers/CMSIS/Core_A/Source/irq_ctrl_gic.c:281:18:IRQ_GetActiveFIQ	0	static
/local/home/achraftm/STM32CubeMP13/Drivers/CMSIS/Core_A/Source/irq_ctrl_gic.c:287:16:IRQ_EndOfInterrupt	0	static
/local/home/achraftm/STM32CubeMP13/Drivers/CMSIS/Core_A/Source/irq_ctrl_gic.c:310:16:IRQ_SetPending	8	static
/local/home/achraftm/STM32CubeMP13/Drivers/CMSIS/Core_A/Source/irq_ctrl_gic.c:324:17:IRQ_GetPending	8	static
/local/home/achraftm/STM32CubeMP13/Drivers/CMSIS/Core_A/Source/irq_ctrl_gic.c:338:16:IRQ_ClearPending	8	static
/local/home/achraftm/STM32CubeMP13/Drivers/CMSIS/Core_A/Source/irq_ctrl_gic.c:353:16:IRQ_SetPriority	8	static
/local/home/achraftm/STM32CubeMP13/Drivers/CMSIS/Core_A/Source/irq_ctrl_gic.c:368:17:IRQ_GetPriority	0	static
/local/home/achraftm/STM32CubeMP13/Drivers/CMSIS/Core_A/Source/irq_ctrl_gic.c:382:16:IRQ_SetPriorityMask	0	static
/local/home/achraftm/STM32CubeMP13/Drivers/CMSIS/Core_A/Source/irq_ctrl_gic.c:389:17:IRQ_GetPriorityMask	0	static
/local/home/achraftm/STM32CubeMP13/Drivers/CMSIS/Core_A/Source/irq_ctrl_gic.c:395:16:IRQ_SetPriorityGroupBits	0	static
/local/home/achraftm/STM32CubeMP13/Drivers/CMSIS/Core_A/Source/irq_ctrl_gic.c:414:17:IRQ_GetPriorityGroupBits	0	static
