../../../../../../../Drivers/CMSIS/Core_A/Include/core_ca.h:2065:21:MMU_APSection	8	static
../../../../../../../Drivers/CMSIS/Core_A/Include/core_ca.h:2195:21:MMU_APPage	8	static
../../../../../../../Drivers/CMSIS/Core_A/Include/core_ca.h:2273:21:MMU_MemorySection	4	static
../../../../../../../Drivers/CMSIS/Core_A/Include/core_ca.h:2334:21:MMU_MemoryPage	8	static
../../../../../../../Drivers/CMSIS/Core_A/Include/core_ca.h:2401:21:MMU_GetSectionDescriptor	32	static
../../../../../../../Drivers/CMSIS/Core_A/Include/core_ca.h:2428:21:MMU_GetPageDescriptor	24	static
../../../../../../../Drivers/CMSIS/Core_A/Include/core_ca.h:2511:22:MMU_TTPage4k	8	static
/local/home/achraftm/STM32CubeMP13/Drivers/CMSIS/Device/ST/STM32MP13xx/Source/Templates/mmu_stm32mp13xx.c:147:6:MMU_CreateTranslationTable	72	static,ignoring_inline_asm
