Archive member included to satisfy reference by file (symbol)

app/libapp.a(main.c.obj)      (--whole-archive)
app/libapp.a(wakeWrap.c.obj)  (--whole-archive)
app/libapp.a(stm32mp13xx_hal_pwr.c.obj)
                              (--whole-archive)
app/libapp.a(stm32mp13xx_hal_pwr_ex.c.obj)
                              (--whole-archive)
app/libapp.a(stm32mp13xx_hal_gpio.c.obj)
                              (--whole-archive)
app/libapp.a(stm32mp13xx_hal_exti.c.obj)
                              (--whole-archive)
app/libapp.a(stm32mp13xx_hal_i2c.c.obj)
                              (--whole-archive)
app/libapp.a(stm32mp13xx_hal_uart.c.obj)
                              (--whole-archive)
app/libapp.a(stm32mp13xx_hal_rtc.c.obj)
                              (--whole-archive)
app/libapp.a(stm32mp13xx_hal_rtc_ex.c.obj)
                              (--whole-archive)
app/libapp.a(stm32mp13xx_hal_ddr.c.obj)
                              (--whole-archive)
app/libapp.a(stm32mp13xx_hal_bsec.c.obj)
                              (--whole-archive)
app/libapp.a(irq_ctrl_gic.c.obj)
                              (--whole-archive)
app/libapp.a(stm32mp13xx_disco.c.obj)
                              (--whole-archive)
app/libapp.a(stm32mp13xx_disco_bus.c.obj)
                              (--whole-archive)
app/libapp.a(stm32mp13xx_disco_stpmic1.c.obj)
                              (--whole-archive)
zephyr/libzephyr.a(validate_libc.c.obj)
                              (--whole-archive)
zephyr/libzephyr.a(heap.c.obj)
                              (--whole-archive)
zephyr/libzephyr.a(boot_banner.c.obj)
                              (--whole-archive)
zephyr/libzephyr.a(cbprintf_packaged.c.obj)
                              (--whole-archive)
zephyr/libzephyr.a(clock.c.obj)
                              (--whole-archive)
zephyr/libzephyr.a(printk.c.obj)
                              (--whole-archive)
zephyr/libzephyr.a(cbprintf_complete.c.obj)
                              (--whole-archive)
zephyr/libzephyr.a(assert.c.obj)
                              (--whole-archive)
zephyr/libzephyr.a(reboot.c.obj)
                              (--whole-archive)
zephyr/libzephyr.a(dec.c.obj)
                              (--whole-archive)
zephyr/libzephyr.a(hex.c.obj)
                              (--whole-archive)
zephyr/libzephyr.a(rb.c.obj)  (--whole-archive)
zephyr/libzephyr.a(set.c.obj)
                              (--whole-archive)
zephyr/libzephyr.a(timeutil.c.obj)
                              (--whole-archive)
zephyr/libzephyr.a(bitarray.c.obj)
                              (--whole-archive)
zephyr/libzephyr.a(bitmask.c.obj)
                              (--whole-archive)
zephyr/libzephyr.a(getopt.c.obj)
                              (--whole-archive)
zephyr/libzephyr.a(getopt_common.c.obj)
                              (--whole-archive)
zephyr/libzephyr.a(ring_buffer.c.obj)
                              (--whole-archive)
zephyr/libzephyr.a(last_section_id.c.obj)
                              (--whole-archive)
zephyr/libzephyr.a(configs.c.obj)
                              (--whole-archive)
zephyr/libzephyr.a(stm32cube_hal.c.obj)
                              (--whole-archive)
zephyr/libzephyr.a(soc_config.c.obj)
                              (--whole-archive)
zephyr/libzephyr.a(gpioport_mgr.c.obj)
                              (--whole-archive)
zephyr/libzephyr.a(stm32_cache.c.obj)
                              (--whole-archive)
zephyr/libzephyr.a(stm32_backup_domain.c.obj)
                              (--whole-archive)
zephyr/libzephyr.a(soc.c.obj)
                              (--whole-archive)
zephyr/libzephyr.a(power.c.obj)
                              (--whole-archive)
zephyr/libzephyr.a(pm.c.obj)  (--whole-archive)
zephyr/libzephyr.a(state.c.obj)
                              (--whole-archive)
zephyr/libzephyr.a(policy_events.c.obj)
                              (--whole-archive)
zephyr/libzephyr.a(policy_latency.c.obj)
                              (--whole-archive)
zephyr/libzephyr.a(policy_state_lock.c.obj)
                              (--whole-archive)
zephyr/libzephyr.a(policy_default.c.obj)
                              (--whole-archive)
zephyr/libzephyr.a(tracing_none.c.obj)
                              (--whole-archive)
zephyr/libzephyr.a(sem.c.obj)
                              (--whole-archive)
zephyr/libzephyr.a(thread_entry.c.obj)
                              (--whole-archive)
zephyr/arch/common/libarch__common.a(sw_isr_common.c.obj)
                              (--whole-archive)
zephyr/arch/common/libarch__common.a(init.c.obj)
                              (--whole-archive)
zephyr/arch/common/libarch__common.a(pm.c.obj)
                              (--whole-archive)
zephyr/arch/common/libarch__common.a(xip.c.obj)
                              (--whole-archive)
zephyr/arch/arch/arm/core/libarch__arm__core.a(fatal.c.obj)
                              (--whole-archive)
[...]
Memory Configuration

Name             Origin             Length             Attributes
FLASH            0xc0000000         0x10000000         xr
RAM              0xd0000000         0x10000000         xw
SYSRAM           0x2ffe0000         0x00020000         rw
DDR_CODE         0xc0000000         0x10000000         rw
DDR_DATA         0xd0000000         0x10000000         rw
ETH_SRAM         0x2fffc000         0x00004000         rw
IDT_LIST         0xffff8000         0x00008000         xw
*default*        0x00000000         0xffffffff

Linker script and memory map

                0xc0007704                        vfprintf = __l_vfprintf
                0x00000000                        vfscanf = __l_vfscanf
LOAD zephyr/CMakeFiles/zephyr_pre0.dir/misc/empty_file.c.obj
LOAD zephyr/CMakeFiles/offsets.dir/./arch/arm/core/offsets/offsets.c.obj
LOAD app/libapp.a
LOAD zephyr/libzephyr.a
LOAD zephyr/arch/common/libarch__common.a
LOAD zephyr/arch/arch/arm/core/libarch__arm__core.a
LOAD zephyr/arch/arch/arm/core/mmu/libarch__arm__core__mmu.a
LOAD zephyr/arch/arch/arm/core/cortex_a_r/libarch__arm__core__cortex_a_r.a
LOAD zephyr/lib/libc/picolibc/liblib__libc__picolibc.a
LOAD zephyr/lib/libc/common/liblib__libc__common.a
LOAD zephyr/subsys/portability/posix/c_lib_ext/libsubsys__portability__posix__c_lib_ext.a
LOAD zephyr/drivers/interrupt_controller/libdrivers__interrupt_controller.a
LOAD zephyr/drivers/clock_control/libdrivers__clock_control.a
LOAD zephyr/drivers/console/libdrivers__console.a
LOAD zephyr/drivers/pinctrl/libdrivers__pinctrl.a
LOAD zephyr/drivers/reset/libdrivers__reset.a
LOAD zephyr/drivers/serial/libdrivers__serial.a
LOAD zephyr/drivers/timer/libdrivers__timer.a
LOAD modules/hal_stm32/stm32cube/lib..__modules__hal__stm32__stm32cube.a
LOAD zephyr/kernel/libkernel.a
LOAD zephyr/arch/common/libisr_tables.a
LOAD /local/home/achraftm/zephyr-sdk-1.0.1/gnu/arm-zephyr-eabi/bin/../lib/gcc/arm-zephyr-eabi/14.3.0/../../../../arm-zephyr-eabi/lib/thumb/v7/nofp/space/libc.a
LOAD /local/home/achraftm/zephyr-sdk-1.0.1/gnu/arm-zephyr-eabi/bin/../lib/gcc/arm-zephyr-eabi/14.3.0/thumb/v7/nofp/space/libgcc.a
                0x00001000                        _region_min_align = 0x1000

.rel.plt        0xc0000000        0x0
 *(SORT_BY_ALIGNMENT(.rel.plt))
                [!provide]                        PROVIDE (__rel_iplt_start = .)
 *(SORT_BY_ALIGNMENT(.rel.iplt))
 .rel.iplt      0xc0000000        0x0 app/libapp.a(main.c.obj)
                [!provide]                        PROVIDE (__rel_iplt_end = .)

.rela.plt       0x00000000        0x0
 *(SORT_BY_ALIGNMENT(.rela.plt))
                [!provide]                        PROVIDE (__rela_iplt_start = .)
 *(SORT_BY_ALIGNMENT(.rela.iplt))
                [!provide]                        PROVIDE (__rela_iplt_end = .)

.rel.dyn
 *(SORT_BY_ALIGNMENT(.rel.*))

.rela.dyn
 *(SORT_BY_ALIGNMENT(.rela.*))

.plt
 *(SORT_BY_ALIGNMENT(.plt))

.iplt           0xc0000000        0x0
 *(SORT_BY_ALIGNMENT(.iplt))
 .iplt          0xc0000000        0x0 app/libapp.a(main.c.obj)
                0xc0000000                        __rom_region_start = 0xc0000000

rom_start       0xc0000000       0x3c
                0xc0000000                        __rom_start_address = .
 FILL mask 0x00
                0xc0000000                        . = (. + (0x0 - (. - __rom_start_address)))
                0xc0000000                        . = ALIGN (0x4)
                0xc0000000                        _vector_start = .
 *(SORT_BY_ALIGNMENT(.exc_vector_table))
 *(SORT_BY_ALIGNMENT(.exc_vector_table.*))
 .exc_vector_table._vector_table_section
                0xc0000000       0x3c zephyr/arch/arch/arm/core/cortex_a_r/libarch__arm__core__cortex_a_r.a(vector_table.S.obj)
                0xc0000000                _vector_table
 *(SORT_BY_ALIGNMENT(.vectors))
                0xc000003c                        _vector_end = .

text            0xc0000040     0x7fc0
                0xc0001000                        . = ALIGN (_region_min_align)
 *fill*         0xc0000040      0xfc0 
                0xc0001000                        __text_region_start = .
 *(SORT_BY_ALIGNMENT(.text))
 .text          0xc0001000      0x21c /local/home/achraftm/zephyr-sdk-1.0.1/gnu/arm-zephyr-eabi/bin/../lib/gcc/arm-zephyr-eabi/14.3.0/thumb/v7/nofp/space/libgcc.a(_arm_addsubsf3.o)
                0xc0001000                __aeabi_frsub
                0xc0001008                __subsf3
                0xc0001008                __aeabi_fsub
                0xc000100c                __aeabi_fadd
                0xc000100c                __addsf3
                0xc000116c                __aeabi_ui2f
                0xc000116c                __floatunsisf
                0xc0001174                __aeabi_i2f
                0xc0001174                __floatsisf
                0xc0001190                __floatundisf
                0xc0001190                __aeabi_ul2f
                0xc00011a0                __floatdisf
                0xc00011a0                __aeabi_l2f
 .text          0xc000121c      0x2a0 /local/home/achraftm/zephyr-sdk-1.0.1/gnu/arm-zephyr-eabi/bin/../lib/gcc/arm-zephyr-eabi/14.3.0/thumb/v7/nofp/space/libgcc.a(_arm_muldivsf3.o)
                0xc000121c                __mulsf3
                0xc000121c                __aeabi_fmul
                0xc0001384                __divsf3
                0xc0001384                __aeabi_fdiv
 .text          0xc00014bc       0x40 /local/home/achraftm/zephyr-sdk-1.0.1/gnu/arm-zephyr-eabi/bin/../lib/gcc/arm-zephyr-eabi/14.3.0/thumb/v7/nofp/space/libgcc.a(_arm_fixunssfsi.o)
                0xc00014bc                __aeabi_f2uiz
                0xc00014bc                __fixunssfsi
 .text          0xc00014fc       0x30 /local/home/achraftm/zephyr-sdk-1.0.1/gnu/arm-zephyr-eabi/bin/../lib/gcc/arm-zephyr-eabi/14.3.0/thumb/v7/nofp/space/libgcc.a(_aeabi_uldivmod.o)
                0xc00014fc                __aeabi_uldivmod
 .text          0xc000152c        0x4 /local/home/achraftm/zephyr-sdk-1.0.1/gnu/arm-zephyr-eabi/bin/../lib/gcc/arm-zephyr-eabi/14.3.0/thumb/v7/nofp/space/libgcc.a(_dvmd_tls.o)
                0xc000152c                __aeabi_ldiv0
                0xc000152c                __aeabi_idiv0
 .text          0xc0001530       0xf8 /local/home/achraftm/zephyr-sdk-1.0.1/gnu/arm-zephyr-eabi/bin/../lib/gcc/arm-zephyr-eabi/14.3.0/thumb/v7/nofp/space/libgcc.a(_udivmoddi4.o)
                0xc0001530                __udivmoddi4
 *(SORT_BY_ALIGNMENT(.text.*))
 .text._OffsetAbsSyms
                0xc0001628        0x4 zephyr/CMakeFiles/offsets.dir/./arch/arm/core/offsets/offsets.c.obj
                0xc0001628                _OffsetAbsSyms
 .text.main     0xc000162c       0x8c app/libapp.a(main.c.obj)
                0xc000162c                main
 .text.wokeup   0xc00016b8       0x78 app/libapp.a(wakeWrap.c.obj)
                0xc00016b8                wokeup
 .text.HAL_PWR_EnableWakeUpPin
                0xc0001730       0x9c app/libapp.a(stm32mp13xx_hal_pwr.c.obj)
                0xc0001730                HAL_PWR_EnableWakeUpPin
 .text.HAL_PWR_EnableWakeUpPinIT
                0xc00017cc       0xac app/libapp.a(stm32mp13xx_hal_pwr.c.obj)
                0xc00017cc                HAL_PWR_EnableWakeUpPinIT
 .text.HAL_GPIO_WritePin
                0xc0001878       0x10 app/libapp.a(stm32mp13xx_hal_gpio.c.obj)
                0xc0001878                HAL_GPIO_WritePin
 .text.HAL_GPIO_TogglePin
                0xc0001888       0x18 app/libapp.a(stm32mp13xx_hal_gpio.c.obj)
                0xc0001888                HAL_GPIO_TogglePin
 .text.HAL_RTC_MspInit
                0xc00018a0        0x4 app/libapp.a(stm32mp13xx_hal_rtc.c.obj)
                0xc00018a0                HAL_RTC_MspInit
 .text.HAL_RTC_WaitForSynchro
                0xc00018a4       0x54 app/libapp.a(stm32mp13xx_hal_rtc.c.obj)
                0xc00018a4                HAL_RTC_WaitForSynchro
 .text.RTC_EnterInitMode
                0xc00018f8       0x70 app/libapp.a(stm32mp13xx_hal_rtc.c.obj)
                0xc00018f8                RTC_EnterInitMode
 .text.RTC_ExitInitMode
                0xc0001968       0x68 app/libapp.a(stm32mp13xx_hal_rtc.c.obj)
                0xc0001968                RTC_ExitInitMode
 .text.HAL_RTC_Init
                0xc00019d0      0x108 app/libapp.a(stm32mp13xx_hal_rtc.c.obj)
                0xc00019d0                HAL_RTC_Init
 .text.HAL_RTCEx_BKUPWrite
                0xc0001ad8       0x14 app/libapp.a(stm32mp13xx_hal_rtc_ex.c.obj)
                0xc0001ad8                HAL_RTCEx_BKUPWrite
 .text.HAL_RTCEx_BKUPRead
                0xc0001aec       0x14 app/libapp.a(stm32mp13xx_hal_rtc_ex.c.obj)
                0xc0001aec                HAL_RTCEx_BKUPRead
 .text.IRQ_Enable
                0xc0001b00       0x38 app/libapp.a(irq_ctrl_gic.c.obj)
                0xc0001b00                IRQ_Enable
 .text.BSP_LED_Off
                0xc0001b38       0x40 app/libapp.a(stm32mp13xx_disco.c.obj)
                0xc0001b38                BSP_LED_Off
 .text.BSP_LED_Toggle
                0xc0001b78       0x3c app/libapp.a(stm32mp13xx_disco.c.obj)
                0xc0001b78                BSP_LED_Toggle
 .text.chunk_field
                0xc0001bb4       0x1c zephyr/libzephyr.a(heap.c.obj)
 .text.chunk_set
                0xc0001bd0       0x1c zephyr/libzephyr.a(heap.c.obj)
 .text.chunk_size
                0xc0001bec       0x14 zephyr/libzephyr.a(heap.c.obj)
 .text.set_chunk_used
                0xc0001c00       0x40 zephyr/libzephyr.a(heap.c.obj)
 .text.set_chunk_size
                0xc0001c40        0xc zephyr/libzephyr.a(heap.c.obj)
 .text.undersized_chunk
                0xc0001c4c       0x2c zephyr/libzephyr.a(heap.c.obj)
 .text.bucket_idx
                0xc0001c78       0x18 zephyr/libzephyr.a(heap.c.obj)
 .text.free_list_add
                0xc0001c90       0xd8 zephyr/libzephyr.a(heap.c.obj)
 .text.sys_heap_init
                0xc0001d68       0xfc zephyr/libzephyr.a(heap.c.obj)
                0xc0001d68                sys_heap_init
 .text.boot_banner
                0xc0001e64       0x18 zephyr/libzephyr.a(boot_banner.c.obj)
 .text.arch_printk_char_out
                0xc0001e7c        0x8 zephyr/libzephyr.a(printk.c.obj)
                0xc0001e7c                arch_printk_char_out
 .text.char_out
                0xc0001e84       0x10 zephyr/libzephyr.a(printk.c.obj)
 .text.__printk_hook_install
                0xc0001e94       0x10 zephyr/libzephyr.a(printk.c.obj)
                0xc0001e94                __printk_hook_install
 .text.vprintk  0xc0001ea4       0x4c zephyr/libzephyr.a(printk.c.obj)
                0xc0001ea4                vprintk
 .text.printk   0xc0001ef0       0x28 zephyr/libzephyr.a(printk.c.obj)
                0xc0001ef0                printk
 .text._ConfigAbsSyms
                0xc0001f18        0x4 zephyr/libzephyr.a(configs.c.obj)
                0xc0001f18                _ConfigAbsSyms
 .text.HAL_GetTick
                0xc0001f1c       0x18 zephyr/libzephyr.a(stm32cube_hal.c.obj)
                0xc0001f1c                HAL_GetTick
 .text.HAL_Delay
                0xc0001f34       0x20 zephyr/libzephyr.a(stm32cube_hal.c.obj)
                0xc0001f34                HAL_Delay
 .text.st_stm32_common_config
                0xc0001f54       0x1c zephyr/libzephyr.a(soc_config.c.obj)
 .text.dummy_gpio_pin_configure
                0xc0001f70        0x8 zephyr/libzephyr.a(gpioport_mgr.c.obj)
 .text.dummy_gpio_port_get_raw
                0xc0001f78        0x8 zephyr/libzephyr.a(gpioport_mgr.c.obj)
 .text.dummy_gpio_port_set_masked_raw
                0xc0001f80        0x8 zephyr/libzephyr.a(gpioport_mgr.c.obj)
 .text.dummy_gpio_port_set_bits_raw
                0xc0001f88        0x8 zephyr/libzephyr.a(gpioport_mgr.c.obj)
 .text.dummy_gpio_port_toggle_bits
                0xc0001f90        0x8 zephyr/libzephyr.a(gpioport_mgr.c.obj)
 .text.dummy_gpio_port_clear_bits_raw
                0xc0001f98        0x8 zephyr/libzephyr.a(gpioport_mgr.c.obj)
 .text.stm32_gpioport_init
                0xc0001fa0       0x3c zephyr/libzephyr.a(gpioport_mgr.c.obj)
 .text.stm32_gpioport_get
                0xc0001fdc       0x38 zephyr/libzephyr.a(gpioport_mgr.c.obj)
                0xc0001fdc                stm32_gpioport_get
 .text.stm32_gpioport_configure_pin
                0xc0002014      0x16c zephyr/libzephyr.a(gpioport_mgr.c.obj)
                0xc0002014                stm32_gpioport_configure_pin
 .text.relocate_vector_table
                0xc0002180       0x24 zephyr/libzephyr.a(soc.c.obj)
                0xc0002180                relocate_vector_table
 .text.soc_early_init_hook
                0xc00021a4       0x28 zephyr/libzephyr.a(soc.c.obj)
                0xc00021a4                soc_early_init_hook
 .text.pm_state_set
                0xc00021cc        0x4 zephyr/libzephyr.a(power.c.obj)
                0xc00021cc                pm_state_set
 .text.pm_state_exit_post_ops
                0xc00021d0       0x14 zephyr/libzephyr.a(power.c.obj)
                0xc00021d0                pm_state_exit_post_ops
 .text.pm_state_notify
                0xc00021e4       0x80 zephyr/libzephyr.a(pm.c.obj)
 .text.pm_system_resume
                0xc0002264       0x6c zephyr/libzephyr.a(pm.c.obj)
                0xc0002264                pm_system_resume
 .text.pm_system_suspend
                0xc00022d0      0x164 zephyr/libzephyr.a(pm.c.obj)
                0xc00022d0                pm_system_suspend
 .text.pm_state_cpu_get_all
                0xc0002434       0x1c zephyr/libzephyr.a(state.c.obj)
                0xc0002434                pm_state_cpu_get_all
 .text.pm_policy_next_event_ticks
                0xc0002450       0x5c zephyr/libzephyr.a(policy_events.c.obj)
                0xc0002450                pm_policy_next_event_ticks
 .text.sys_slist_find_and_remove.isra.0
                0xc00024ac       0x60 zephyr/libzephyr.a(policy_latency.c.obj)
 .text.pm_policy_latency_changed_subscribe
                0xc000250c       0x64 zephyr/libzephyr.a(policy_latency.c.obj)
                0xc000250c                pm_policy_latency_changed_subscribe
 .text.pm_policy_latency_update_locked
                0xc0002570       0x3c zephyr/libzephyr.a(policy_state_lock.c.obj)
 .text.atomic_get
                0xc00025ac       0x10 zephyr/libzephyr.a(policy_state_lock.c.obj)
 .text.pm_policy_latency_init
                0xc00025bc       0x20 zephyr/libzephyr.a(policy_state_lock.c.obj)
 .text.pm_policy_state_lock_get
                0xc00025dc       0xbc zephyr/libzephyr.a(policy_state_lock.c.obj)
                0xc00025dc                pm_policy_state_lock_get
 .text.pm_policy_state_lock_put
                0xc0002698       0xb4 zephyr/libzephyr.a(policy_state_lock.c.obj)
                0xc0002698                pm_policy_state_lock_put
 .text.pm_policy_state_is_available
                0xc000274c       0x98 zephyr/libzephyr.a(policy_state_lock.c.obj)
                0xc000274c                pm_policy_state_is_available
 .text.pm_policy_state_any_active
                0xc00027e4       0x4c zephyr/libzephyr.a(policy_state_lock.c.obj)
                0xc00027e4                pm_policy_state_any_active
 .text.pm_policy_next_state
                0xc0002830       0xa8 zephyr/libzephyr.a(policy_default.c.obj)
                0xc0002830                pm_policy_next_state
 .text.z_thread_entry
                0xc00028d8       0x48 zephyr/libzephyr.a(thread_entry.c.obj)
                0xc00028d8                z_thread_entry
 .text.arch_early_memset
                0xc0002920        0x4 zephyr/arch/common/libarch__common.a(init.c.obj)
                0xc0002920                arch_early_memset
 .text.arch_early_memcpy
                0xc0002924        0x4 zephyr/arch/common/libarch__common.a(init.c.obj)
                0xc0002924                arch_early_memcpy
 .text.arch_bss_zero
                0xc0002928       0x24 zephyr/arch/common/libarch__common.a(init.c.obj)
                0xc0002928                arch_bss_zero
 .text.arch_data_copy
                0xc000294c       0x20 zephyr/arch/common/libarch__common.a(xip.c.obj)
                0xc000294c                arch_data_copy
 .text.z_arm_fatal_error
                0xc000296c       0x68 zephyr/arch/arch/arm/core/libarch__arm__core.a(fatal.c.obj)
                0xc000296c                z_arm_fatal_error
 .text.z_do_kernel_oops
                0xc00029d4        0xc zephyr/arch/arch/arm/core/libarch__arm__core.a(fatal.c.obj)
                0xc00029d4                z_do_kernel_oops
 .text.z_arm_nmi
                0xc00029e0       0x1c zephyr/arch/arch/arm/core/libarch__arm__core.a(nmi.c.obj)
                0xc00029e0                z_arm_nmi
 .text.z_SysNmiOnReset
                0xc00029fc        0x8 zephyr/arch/arch/arm/core/libarch__arm__core.a(nmi_on_reset.S.obj)
                0xc00029fc                z_SysNmiOnReset
 .text.arch_tls_stack_setup
                0xc0002a04       0x54 zephyr/arch/arch/arm/core/libarch__arm__core.a(tls.c.obj)
                0xc0002a04                arch_tls_stack_setup
 .text.invalidate_tlb_all
                0xc0002a58       0x14 zephyr/arch/arch/arm/core/mmu/libarch__arm__core__mmu.a(arm_mmu.c.obj)
 .text.arm_mmu_convert_attr_flags
                0xc0002a6c      0x120 zephyr/arch/arch/arm/core/mmu/libarch__arm__core__mmu.a(arm_mmu.c.obj)
 .text.arm_mmu_l2_map_page
                0xc0002b8c      0x2c0 zephyr/arch/arch/arm/core/mmu/libarch__arm__core__mmu.a(arm_mmu.c.obj)
 .text.z_arm_mmu_init
                0xc0002e4c      0x238 zephyr/arch/arch/arm/core/mmu/libarch__arm__core__mmu.a(arm_mmu.c.obj)
                0xc0002e4c                z_arm_mmu_init
 .text.arch_mem_map
                0xc0003084       0xdc zephyr/arch/arch/arm/core/mmu/libarch__arm__core__mmu.a(arm_mmu.c.obj)
                0xc0003084                arch_mem_map
 .text.__exc    0xc0003160       0xb0 zephyr/arch/arch/arm/core/cortex_a_r/libarch__arm__core__cortex_a_r.a(exc.S.obj)
                0xc0003160                z_arm_undef_instruction
                0xc00031a4                z_arm_prefetch_abort
                0xc00031d4                z_arm_data_abort
 .text.dump_fault
                0xc0003210      0x1ec zephyr/arch/arch/arm/core/cortex_a_r/libarch__arm__core__cortex_a_r.a(fault.c.obj)
 .text.z_arm_fault_undef_instruction
                0xc00033fc       0x28 zephyr/arch/arch/arm/core/cortex_a_r/libarch__arm__core__cortex_a_r.a(fault.c.obj)
                0xc00033fc                z_arm_fault_undef_instruction
 .text.z_arm_fault_prefetch
                0xc0003424       0x48 zephyr/arch/arch/arm/core/cortex_a_r/libarch__arm__core__cortex_a_r.a(fault.c.obj)
                0xc0003424                z_arm_fault_prefetch
 .text.z_arm_fault_data
                0xc000346c       0x48 zephyr/arch/arch/arm/core/cortex_a_r/libarch__arm__core__cortex_a_r.a(fault.c.obj)
                0xc000346c                z_arm_fault_data
 .text.z_arm_interrupt_init
                0xc00034b4        0x4 zephyr/arch/arch/arm/core/cortex_a_r/libarch__arm__core__cortex_a_r.a(irq_init.c.obj)
                0xc00034b4                z_arm_interrupt_init
 .text.z_arm_relocate_vector_table
                0xc00034b8        0xc zephyr/arch/arch/arm/core/cortex_a_r/libarch__arm__core__cortex_a_r.a(reboot.c.obj)
                0xc00034b8                z_arm_relocate_vector_table
 .text._reset_section
                0xc00034c4       0x78 zephyr/arch/arch/arm/core/cortex_a_r/libarch__arm__core__cortex_a_r.a(reset.S.obj)
                0xc00034c4                z_arm_reset
                0xc00034c4                __start
 .text.arm_irq_enable
                0xc000353c        0x4 zephyr/arch/arch/arm/core/cortex_a_r/libarch__arm__core__cortex_a_r.a(irq_manage.c.obj)
                0xc000353c                arm_irq_enable
 .text.arm_irq_priority_set
                0xc0003540        0x4 zephyr/arch/arch/arm/core/cortex_a_r/libarch__arm__core__cortex_a_r.a(irq_manage.c.obj)
                0xc0003540                arm_irq_priority_set
 .text.z_irq_spurious
                0xc0003544        0xc zephyr/arch/arch/arm/core/cortex_a_r/libarch__arm__core__cortex_a_r.a(irq_manage.c.obj)
                0xc0003544                z_irq_spurious
 .text.z_prep_c
                0xc0003550       0x28 zephyr/arch/arch/arm/core/cortex_a_r/libarch__arm__core__cortex_a_r.a(prep_c.c.obj)
                0xc0003550                z_prep_c
 .text.arch_new_thread
                0xc0003578       0x44 zephyr/arch/arch/arm/core/cortex_a_r/libarch__arm__core__cortex_a_r.a(thread.c.obj)
                0xc0003578                arch_new_thread
 .text.arch_coprocessors_disable
                0xc00035bc        0x8 zephyr/arch/arch/arm/core/cortex_a_r/libarch__arm__core__cortex_a_r.a(thread.c.obj)
                0xc00035bc                arch_coprocessors_disable
 .text.arch_cpu_idle
                0xc00035c4       0x14 zephyr/arch/arch/arm/core/cortex_a_r/libarch__arm__core__cortex_a_r.a(cpu_idle.c.obj)
                0xc00035c4                arch_cpu_idle
 .text._isr_wrapper
                0xc00035d8       0xa0 zephyr/arch/arch/arm/core/cortex_a_r/libarch__arm__core__cortex_a_r.a(isr_wrapper.S.obj)
                0xc00035d8                _isr_wrapper
 .text.__aeabi_read_tp
                0xc0003678        0x8 zephyr/arch/arch/arm/core/cortex_a_r/libarch__arm__core__cortex_a_r.a(__aeabi_read_tp.S.obj)
                0xc0003678                __aeabi_read_tp
 .text.arch_cache_init
                0xc0003680        0x4 zephyr/arch/arch/arm/core/cortex_a_r/libarch__arm__core__cortex_a_r.a(cache.c.obj)
                0xc0003680                arch_cache_init
 .text.z_arm_do_swap
                0xc0003684       0x64 zephyr/arch/arch/arm/core/cortex_a_r/libarch__arm__core__cortex_a_r.a(swap_helper.S.obj)
                0xc0003684                z_arm_do_swap
 .text.z_arm_svc
                0xc00036e8       0x88 zephyr/arch/arch/arm/core/cortex_a_r/libarch__arm__core__cortex_a_r.a(swap_helper.S.obj)
                0xc00036e8                z_arm_svc
 .text.z_arm_cortex_r_svc
                0xc0003770        0x8 zephyr/arch/arch/arm/core/cortex_a_r/libarch__arm__core__cortex_a_r.a(swap_helper.S.obj)
                0xc0003770                z_arm_cortex_r_svc
 .text._HandlerModeExit
                0xc0003778       0xbc zephyr/arch/arch/arm/core/cortex_a_r/libarch__arm__core__cortex_a_r.a(exc_exit.S.obj)
                0xc0003778                z_arm_int_exit
                0xc00037d0                z_arm_exc_exit
 .text.z_impl_zephyr_fputc
                0xc0003834       0x1c zephyr/lib/libc/picolibc/liblib__libc__picolibc.a(stdio.c.obj)
                0xc0003834                z_impl_zephyr_fputc
 .text.picolibc_put
                0xc0003850       0x10 zephyr/lib/libc/picolibc/liblib__libc__picolibc.a(stdio.c.obj)
 .text.__stdout_hook_install
                0xc0003860       0x24 zephyr/lib/libc/picolibc/liblib__libc__picolibc.a(stdio.c.obj)
                0xc0003860                __stdout_hook_install
 .text.malloc_prepare
                0xc0003884       0x24 zephyr/lib/libc/common/liblib__libc__common.a(malloc.c.obj)
 .text.stm32_exti_enable_it
                0xc00038a8       0x54 zephyr/drivers/interrupt_controller/libdrivers__interrupt_controller.a(intc_exti_stm32.c.obj)
 .text.stm32_exti_disable_it
                0xc00038fc       0x54 zephyr/drivers/interrupt_controller/libdrivers__interrupt_controller.a(intc_exti_stm32.c.obj)
 .text.stm32_exti_init
                0xc0003950       0x40 zephyr/drivers/interrupt_controller/libdrivers__interrupt_controller.a(intc_exti_stm32.c.obj)
 .text.stm32_exti_is_pending
                0xc0003990       0x4c zephyr/drivers/interrupt_controller/libdrivers__interrupt_controller.a(intc_exti_stm32.c.obj)
                0xc0003990                stm32_exti_is_pending
 .text.stm32_exti_clear_pending
                0xc00039dc       0x38 zephyr/drivers/interrupt_controller/libdrivers__interrupt_controller.a(intc_exti_stm32.c.obj)
                0xc00039dc                stm32_exti_clear_pending
 .text.stm32_exti_enable
                0xc0003a14      0x1b4 zephyr/drivers/interrupt_controller/libdrivers__interrupt_controller.a(intc_exti_stm32.c.obj)
                0xc0003a14                stm32_exti_enable
 .text.arm_gic_init
                0xc0003bc8      0x1c8 zephyr/drivers/interrupt_controller/libdrivers__interrupt_controller.a(intc_gic.c.obj)
                0xc0003bc8                arm_gic_init
 .text.arm_gic_irq_enable
                0xc0003d90       0x28 zephyr/drivers/interrupt_controller/libdrivers__interrupt_controller.a(intc_gic.c.obj)
                0xc0003d90                arm_gic_irq_enable
 .text.arm_gic_irq_set_priority
                0xc0003db8       0x54 zephyr/drivers/interrupt_controller/libdrivers__interrupt_controller.a(intc_gic.c.obj)
                0xc0003db8                arm_gic_irq_set_priority
 .text.arm_gic_get_active
                0xc0003e0c       0x14 zephyr/drivers/interrupt_controller/libdrivers__interrupt_controller.a(intc_gic.c.obj)
                0xc0003e0c                arm_gic_get_active
 .text.arm_gic_eoi
                0xc0003e20       0x18 zephyr/drivers/interrupt_controller/libdrivers__interrupt_controller.a(intc_gic.c.obj)
                0xc0003e20                arm_gic_eoi
 .text.stm32_intc_gpio_isr
                0xc0003e38       0x70 zephyr/drivers/interrupt_controller/libdrivers__interrupt_controller.a(intc_gpio_stm32.c.obj)
 .text.stm32_fill_irq_table.constprop.0
                0xc0003ea8       0x14 zephyr/drivers/interrupt_controller/libdrivers__interrupt_controller.a(intc_gpio_stm32.c.obj)
 .text.stm32_exti_gpio_intc_init
                0xc0003ebc      0x1cc zephyr/drivers/interrupt_controller/libdrivers__interrupt_controller.a(intc_gpio_stm32.c.obj)
 .text.stm32_clock_control_on
                0xc0004088       0x5c zephyr/drivers/clock_control/libdrivers__clock_control.a(clock_stm32_ll_mp13.c.obj)
 .text.stm32_clock_control_off
                0xc00040e4       0x5c zephyr/drivers/clock_control/libdrivers__clock_control.a(clock_stm32_ll_mp13.c.obj)
 .text.stm32_clock_control_get_subsys_rate
                0xc0004140      0x11c zephyr/drivers/clock_control/libdrivers__clock_control.a(clock_stm32_ll_mp13.c.obj)
 .text.stm32_clock_control_init
                0xc000425c      0x1c8 zephyr/drivers/clock_control/libdrivers__clock_control.a(clock_stm32_ll_mp13.c.obj)
 .text.enabled_clock
                0xc0004424       0x28 zephyr/drivers/clock_control/libdrivers__clock_control.a(clock_stm32_ll_mp13.c.obj)
                0xc0004424                enabled_clock
 .text.stm32_clock_control_configure
                0xc000444c       0x60 zephyr/drivers/clock_control/libdrivers__clock_control.a(clock_stm32_ll_mp13.c.obj)
 .text.stm32_clock_control_get_status
                0xc00044ac       0x60 zephyr/drivers/clock_control/libdrivers__clock_control.a(clock_stm32_ll_mp13.c.obj)
 .text.uart_console_init
                0xc000450c       0x3c zephyr/drivers/console/libdrivers__console.a(uart_console.c.obj)
 .text.console_out
                0xc0004548       0x48 zephyr/drivers/console/libdrivers__console.a(uart_console.c.obj)
 .text.pinctrl_lookup_state
                0xc0004590       0x40 zephyr/drivers/pinctrl/libdrivers__pinctrl.a(common.c.obj)
                0xc0004590                pinctrl_lookup_state
 .text.pinctrl_configure_pins
                0xc00045d0       0x58 zephyr/drivers/pinctrl/libdrivers__pinctrl.a(pinctrl_stm32.c.obj)
                0xc00045d0                pinctrl_configure_pins
 .text.reset_stm32_status
                0xc0004628       0x30 zephyr/drivers/reset/libdrivers__reset.a(reset_stm32.c.obj)
 .text.reset_stm32_line_assert
                0xc0004658       0x28 zephyr/drivers/reset/libdrivers__reset.a(reset_stm32.c.obj)
 .text.reset_stm32_line_deassert
                0xc0004680       0x28 zephyr/drivers/reset/libdrivers__reset.a(reset_stm32.c.obj)
 .text.reset_stm32_line_toggle
                0xc00046a8       0x24 zephyr/drivers/reset/libdrivers__reset.a(reset_stm32.c.obj)
 .text.uart_stm32_ll2cfg_databits
                0xc00046cc       0x40 zephyr/drivers/serial/libdrivers__serial.a(uart_stm32.c.obj)
 .text.uart_stm32_err_check
                0xc000470c       0x7c zephyr/drivers/serial/libdrivers__serial.a(uart_stm32.c.obj)
 .text.uart_stm32_irq_tx_ready
                0xc0004788       0x1c zephyr/drivers/serial/libdrivers__serial.a(uart_stm32.c.obj)
 .text.uart_stm32_irq_tx_complete
                0xc00047a4       0x14 zephyr/drivers/serial/libdrivers__serial.a(uart_stm32.c.obj)
 .text.uart_stm32_irq_rx_enable
                0xc00047b8       0x18 zephyr/drivers/serial/libdrivers__serial.a(uart_stm32.c.obj)
 .text.uart_stm32_irq_rx_disable
                0xc00047d0       0x18 zephyr/drivers/serial/libdrivers__serial.a(uart_stm32.c.obj)
 .text.uart_stm32_irq_rx_ready
                0xc00047e8       0x14 zephyr/drivers/serial/libdrivers__serial.a(uart_stm32.c.obj)
 .text.uart_stm32_irq_err_enable
                0xc00047fc       0x90 zephyr/drivers/serial/libdrivers__serial.a(uart_stm32.c.obj)
 .text.uart_stm32_irq_err_disable
                0xc000488c       0x90 zephyr/drivers/serial/libdrivers__serial.a(uart_stm32.c.obj)
 .text.uart_stm32_irq_callback_set
                0xc000491c        0xc zephyr/drivers/serial/libdrivers__serial.a(uart_stm32.c.obj)
 .text.uart_stm32_irq_config_func_0
                0xc0004928       0x20 zephyr/drivers/serial/libdrivers__serial.a(uart_stm32.c.obj)
 .text.uart_stm32_set_baudrate.isra.0
                0xc0004948       0x7c zephyr/drivers/serial/libdrivers__serial.a(uart_stm32.c.obj)
 .text.uart_stm32_pm_policy_state_lock_put.isra.0
                0xc00049c4       0x20 zephyr/drivers/serial/libdrivers__serial.a(uart_stm32.c.obj)
 .text.uart_stm32_irq_tx_disable
                0xc00049e4       0x48 zephyr/drivers/serial/libdrivers__serial.a(uart_stm32.c.obj)
 .text.uart_stm32_pm_policy_state_lock_get.isra.0
                0xc0004a2c       0x20 zephyr/drivers/serial/libdrivers__serial.a(uart_stm32.c.obj)
 .text.uart_stm32_irq_tx_enable
                0xc0004a4c       0x48 zephyr/drivers/serial/libdrivers__serial.a(uart_stm32.c.obj)
 .text.uart_stm32_parameters_set
                0xc0004a94      0x1ec zephyr/drivers/serial/libdrivers__serial.a(uart_stm32.c.obj)
 .text.uart_stm32_init
                0xc0004c80      0x284 zephyr/drivers/serial/libdrivers__serial.a(uart_stm32.c.obj)
 .text.uart_stm32_configure
                0xc0004f04      0x1a4 zephyr/drivers/serial/libdrivers__serial.a(uart_stm32.c.obj)
 .text.uart_stm32_config_get
                0xc00050a8       0xe8 zephyr/drivers/serial/libdrivers__serial.a(uart_stm32.c.obj)
 .text.uart_stm32_fifo_fill
                0xc0005190       0x94 zephyr/drivers/serial/libdrivers__serial.a(uart_stm32.c.obj)
 .text.uart_stm32_poll_out
                0xc0005224       0x90 zephyr/drivers/serial/libdrivers__serial.a(uart_stm32.c.obj)
 .text.uart_stm32_isr
                0xc00052b4       0x9c zephyr/drivers/serial/libdrivers__serial.a(uart_stm32.c.obj)
 .text.uart_stm32_irq_is_pending
                0xc0005350       0x3c zephyr/drivers/serial/libdrivers__serial.a(uart_stm32.c.obj)
 .text.uart_stm32_fifo_read
                0xc000538c       0x7c zephyr/drivers/serial/libdrivers__serial.a(uart_stm32.c.obj)
 .text.uart_stm32_poll_in
                0xc0005408       0x34 zephyr/drivers/serial/libdrivers__serial.a(uart_stm32.c.obj)
 .text.sys_clock_idle_exit
                0xc000543c        0x4 zephyr/drivers/timer/libdrivers__timer.a(sys_clock_init.c.obj)
                0xc000543c                sys_clock_idle_exit
 .text.sys_clock_driver_init
                0xc0005440       0x84 zephyr/drivers/timer/libdrivers__timer.a(arm_arch_timer.c.obj)
 .text.arm_arch_timer_compare_isr
                0xc00054c4       0x7c zephyr/drivers/timer/libdrivers__timer.a(arm_arch_timer.c.obj)
 .text.sys_clock_set_timeout
                0xc0005540       0xa4 zephyr/drivers/timer/libdrivers__timer.a(arm_arch_timer.c.obj)
                0xc0005540                sys_clock_set_timeout
 .text.sys_clock_elapsed
                0xc00055e4       0x2c zephyr/drivers/timer/libdrivers__timer.a(arm_arch_timer.c.obj)
                0xc00055e4                sys_clock_elapsed
 .text.arch_busy_wait
                0xc0005610       0x3c zephyr/drivers/timer/libdrivers__timer.a(arm_arch_timer.c.obj)
                0xc0005610                arch_busy_wait
 .text.LL_RCC_HSE_IsReady
                0xc000564c       0x10 modules/hal_stm32/stm32cube/lib..__modules__hal__stm32__stm32cube.a(stm32mp13xx_ll_rcc.c.obj)
 .text.LL_RCC_HSI_IsReady
                0xc000565c       0x10 modules/hal_stm32/stm32cube/lib..__modules__hal__stm32__stm32cube.a(stm32mp13xx_ll_rcc.c.obj)
 .text.LL_RCC_CSI_IsReady
                0xc000566c       0x10 modules/hal_stm32/stm32cube/lib..__modules__hal__stm32__stm32cube.a(stm32mp13xx_ll_rcc.c.obj)
 .text.LL_RCC_GetClockSource
                0xc000567c       0x1c modules/hal_stm32/stm32cube/lib..__modules__hal__stm32__stm32cube.a(stm32mp13xx_ll_rcc.c.obj)
 .text.LL_RCC_PLL3_IsReady
                0xc0005698       0x10 modules/hal_stm32/stm32cube/lib..__modules__hal__stm32__stm32cube.a(stm32mp13xx_ll_rcc.c.obj)
 .text.LL_RCC_PLL4_IsReady
                0xc00056a8       0x10 modules/hal_stm32/stm32cube/lib..__modules__hal__stm32__stm32cube.a(stm32mp13xx_ll_rcc.c.obj)
 .text.LL_RCC_CalcPLLClockFreq
                0xc00056b8       0x88 modules/hal_stm32/stm32cube/lib..__modules__hal__stm32__stm32cube.a(stm32mp13xx_ll_rcc.c.obj)
                0xc00056b8                LL_RCC_CalcPLLClockFreq
 .text.LL_RCC_GetPLL2ClockFreq
                0xc0005740      0x148 modules/hal_stm32/stm32cube/lib..__modules__hal__stm32__stm32cube.a(stm32mp13xx_ll_rcc.c.obj)
                0xc0005740                LL_RCC_GetPLL2ClockFreq
 .text.LL_RCC_GetPLL3ClockFreq
                0xc0005888      0x16c modules/hal_stm32/stm32cube/lib..__modules__hal__stm32__stm32cube.a(stm32mp13xx_ll_rcc.c.obj)
                0xc0005888                LL_RCC_GetPLL3ClockFreq
 .text.LL_RCC_GetPLL4ClockFreq
                0xc00059f4      0x154 modules/hal_stm32/stm32cube/lib..__modules__hal__stm32__stm32cube.a(stm32mp13xx_ll_rcc.c.obj)
                0xc00059f4                LL_RCC_GetPLL4ClockFreq
 .text.LL_RCC_GetCKPERClockFreq
                0xc0005b48       0x90 modules/hal_stm32/stm32cube/lib..__modules__hal__stm32__stm32cube.a(stm32mp13xx_ll_rcc.c.obj)
                0xc0005b48                LL_RCC_GetCKPERClockFreq
 .text.RCC_GetAXISSClockFreq
                0xc0005bd8       0x60 modules/hal_stm32/stm32cube/lib..__modules__hal__stm32__stm32cube.a(stm32mp13xx_ll_rcc.c.obj)
                0xc0005bd8                RCC_GetAXISSClockFreq
 .text.RCC_GetMLAHBSClockFreq
                0xc0005c38       0x64 modules/hal_stm32/stm32cube/lib..__modules__hal__stm32__stm32cube.a(stm32mp13xx_ll_rcc.c.obj)
                0xc0005c38                RCC_GetMLAHBSClockFreq
 .text.LL_RCC_GetI2CClockFreq
                0xc0005c9c      0x178 modules/hal_stm32/stm32cube/lib..__modules__hal__stm32__stm32cube.a(stm32mp13xx_ll_rcc.c.obj)
                0xc0005c9c                LL_RCC_GetI2CClockFreq
 .text.LL_RCC_GetSPIClockFreq
                0xc0005e14      0x1fc modules/hal_stm32/stm32cube/lib..__modules__hal__stm32__stm32cube.a(stm32mp13xx_ll_rcc.c.obj)
                0xc0005e14                LL_RCC_GetSPIClockFreq
 .text.RCC_GetACLKClockFreq
                0xc0006010       0x18 modules/hal_stm32/stm32cube/lib..__modules__hal__stm32__stm32cube.a(stm32mp13xx_ll_rcc.c.obj)
                0xc0006010                RCC_GetACLKClockFreq
 .text.LL_RCC_GetUARTClockFreq
                0xc0006028      0x230 modules/hal_stm32/stm32cube/lib..__modules__hal__stm32__stm32cube.a(stm32mp13xx_ll_rcc.c.obj)
                0xc0006028                LL_RCC_GetUARTClockFreq
 .text.z_impl_k_busy_wait
                0xc0006258        0xc zephyr/kernel/libkernel.a(busy_wait.c.obj)
                0xc0006258                z_impl_k_busy_wait
 .text.do_device_init
                0xc0006264       0x58 zephyr/kernel/libkernel.a(device.c.obj)
                0xc0006264                do_device_init
 .text.z_impl_device_is_ready
                0xc00062bc       0x24 zephyr/kernel/libkernel.a(device.c.obj)
                0xc00062bc                z_impl_device_is_ready
 .text.arch_system_halt
                0xc00062e0       0x10 zephyr/kernel/libkernel.a(fatal.c.obj)
                0xc00062e0                arch_system_halt
 .text.k_sys_fatal_error_handler
                0xc00062f0        0x8 zephyr/kernel/libkernel.a(fatal.c.obj)
                0xc00062f0                k_sys_fatal_error_handler
 .text.z_fatal_error
                0xc00062f8       0x38 zephyr/kernel/libkernel.a(fatal.c.obj)
                0xc00062f8                z_fatal_error
 .text.z_sys_init_run_level
                0xc0006330       0x50 zephyr/kernel/libkernel.a(init.c.obj)
 .text.bg_thread_main
                0xc0006380      0x108 zephyr/kernel/libkernel.a(init.c.obj)
 .text.z_init_cpu
                0xc0006488       0xbc zephyr/kernel/libkernel.a(init.c.obj)
                0xc0006488                z_init_cpu
 .text.z_cstart
                0xc0006544       0xc8 zephyr/kernel/libkernel.a(init.c.obj)
                0xc0006544                z_cstart
 .text.idle     0xc000660c       0x68 zephyr/kernel/libkernel.a(idle.c.obj)
                0xc000660c                idle
 .text.z_setup_new_thread
                0xc0006674       0xd4 zephyr/kernel/libkernel.a(thread.c.obj)
                0xc0006674                z_setup_new_thread
 .text.z_dummy_thread_init
                0xc0006748       0x2c zephyr/kernel/libkernel.a(thread.c.obj)
                0xc0006748                z_dummy_thread_init
 .text.z_impl_k_wakeup
                0xc0006774       0x60 zephyr/kernel/libkernel.a(thread.c.obj)
                0xc0006774                z_impl_k_wakeup
 .text.z_thread_abort
                0xc00067d4       0x58 zephyr/kernel/libkernel.a(thread.c.obj)
                0xc00067d4                z_thread_abort
 .text.z_impl_k_thread_abort
                0xc000682c        0x4 zephyr/kernel/libkernel.a(thread.c.obj)
                0xc000682c                z_impl_k_thread_abort
 .text.z_impl_k_yield
                0xc0006830        0x4 zephyr/kernel/libkernel.a(thread.c.obj)
                0xc0006830                z_impl_k_yield
 .text.sys_dlist_remove
                0xc0006834       0x20 zephyr/kernel/libkernel.a(sched.c.obj)
 .text.unpend_thread_no_timeout
                0xc0006854       0x20 zephyr/kernel/libkernel.a(sched.c.obj)
 .text.unready_thread
                0xc0006874       0x80 zephyr/kernel/libkernel.a(sched.c.obj)
 .text.z_swap_irqlock
                0xc00068f4       0x3c zephyr/kernel/libkernel.a(sched.c.obj)
 .text.ready_thread
                0xc0006930       0xdc zephyr/kernel/libkernel.a(sched.c.obj)
 .text.reschedule.isra.0
                0xc0006a0c       0x40 zephyr/kernel/libkernel.a(sched.c.obj)
 .text.move_current_to_end_of_prio_q
                0xc0006a4c       0xc0 zephyr/kernel/libkernel.a(sched.c.obj)
                0xc0006a4c                move_current_to_end_of_prio_q
 .text.z_ready_thread
                0xc0006b0c       0x24 zephyr/kernel/libkernel.a(sched.c.obj)
                0xc0006b0c                z_ready_thread
 .text.z_sched_ready_locked
                0xc0006b30        0x4 zephyr/kernel/libkernel.a(sched.c.obj)
                0xc0006b30                z_sched_ready_locked
 .text.z_sched_unready_locked
                0xc0006b34        0x4 zephyr/kernel/libkernel.a(sched.c.obj)
                0xc0006b34                z_sched_unready_locked
 .text.z_thread_halt
                0xc0006b38      0x1ac zephyr/kernel/libkernel.a(sched.c.obj)
                0xc0006b38                z_thread_halt
 .text.z_sched_lock_reschedule
                0xc0006ce4       0x64 zephyr/kernel/libkernel.a(sched.c.obj)
                0xc0006ce4                z_sched_lock_reschedule
 .text.z_sched_yield
                0xc0006d48       0xd4 zephyr/kernel/libkernel.a(sched.c.obj)
                0xc0006d48                z_sched_yield
 .text.z_sched_wake_thread_locked
                0xc0006e1c       0x3c zephyr/kernel/libkernel.a(sched.c.obj)
                0xc0006e1c                z_sched_wake_thread_locked
 .text.z_thread_timeout
                0xc0006e58       0x3c zephyr/kernel/libkernel.a(sched.c.obj)
                0xc0006e58                z_thread_timeout
 .text.z_reschedule
                0xc0006e94        0x8 zephyr/kernel/libkernel.a(sched.c.obj)
                0xc0006e94                z_reschedule
 .text.z_tick_sleep
                0xc0006e9c       0xac zephyr/kernel/libkernel.a(sleep.c.obj)
 .text.z_impl_k_sleep
                0xc0006f48       0x40 zephyr/kernel/libkernel.a(sleep.c.obj)
                0xc0006f48                z_impl_k_sleep
 .text.z_sched_init
                0xc0006f88       0x18 zephyr/kernel/libkernel.a(scheduler.c.obj)
                0xc0006f88                z_sched_init
 .text.k_sched_lock
                0xc0006fa0       0x34 zephyr/kernel/libkernel.a(scheduler.c.obj)
                0xc0006fa0                k_sched_lock
 .text.k_sched_unlock
                0xc0006fd4       0x28 zephyr/kernel/libkernel.a(scheduler.c.obj)
                0xc0006fd4                k_sched_unlock
 .text.z_impl_k_sched_current_thread_query
                0xc0006ffc       0x10 zephyr/kernel/libkernel.a(scheduler.c.obj)
                0xc0006ffc                z_impl_k_sched_current_thread_query
 .text.z_time_slice_size
                0xc000700c       0x6c zephyr/kernel/libkernel.a(timeslicing.c.obj)
 .text.slice_timeout
                0xc0007078       0x30 zephyr/kernel/libkernel.a(timeslicing.c.obj)
 .text.z_time_slice_reset
                0xc00070a8       0x68 zephyr/kernel/libkernel.a(timeslicing.c.obj)
                0xc00070a8                z_time_slice_reset
 .text.z_time_slice
                0xc0007110       0x74 zephyr/kernel/libkernel.a(timeslicing.c.obj)
                0xc0007110                z_time_slice
 .text.first    0xc0007184       0x18 zephyr/kernel/libkernel.a(timeout.c.obj)
 .text.next_timeout
                0xc000719c       0x48 zephyr/kernel/libkernel.a(timeout.c.obj)
 .text.elapsed  0xc00071e4       0x18 zephyr/kernel/libkernel.a(timeout.c.obj)
 .text.z_add_timeout
                0xc00071fc      0x1ac zephyr/kernel/libkernel.a(timeout.c.obj)
                0xc00071fc                z_add_timeout
 .text.z_abort_timeout
                0xc00073a8       0xd8 zephyr/kernel/libkernel.a(timeout.c.obj)
                0xc00073a8                z_abort_timeout
 .text.z_get_next_timeout_expiry
                0xc0007480       0x28 zephyr/kernel/libkernel.a(timeout.c.obj)
                0xc0007480                z_get_next_timeout_expiry
 .text.sys_clock_announce_locked
                0xc00074a8      0x110 zephyr/kernel/libkernel.a(timeout.c.obj)
                0xc00074a8                sys_clock_announce_locked
 .text.sys_clock_tick_get
                0xc00075b8       0x3c zephyr/kernel/libkernel.a(timeout.c.obj)
                0xc00075b8                sys_clock_tick_get
 .text.sys_clock_tick_get_32
                0xc00075f4        0xc zephyr/kernel/libkernel.a(timeout.c.obj)
                0xc00075f4                sys_clock_tick_get_32
 .text.z_impl_k_uptime_ticks
                0xc0007600        0x4 zephyr/kernel/libkernel.a(timeout.c.obj)
                0xc0007600                z_impl_k_uptime_ticks
 .text.free_page_frame_list_put
                0xc0007604       0x4c zephyr/kernel/libkernel.a(mmu.c.obj)
 .text.z_mem_manage_init
                0xc0007650       0xb0 zephyr/kernel/libkernel.a(mmu.c.obj)
                0xc0007650                z_mem_manage_init
 .text.z_mem_manage_boot_finish
                0xc0007700        0x4 zephyr/kernel/libkernel.a(mmu.c.obj)
                0xc0007700                z_mem_manage_boot_finish
 .text.__l_vfprintf
                0xc0007704      0x484 /local/home/achraftm/zephyr-sdk-1.0.1/gnu/arm-zephyr-eabi/bin/../lib/gcc/arm-zephyr-eabi/14.3.0/../../../../arm-zephyr-eabi/lib/thumb/v7/nofp/space/libc.a(libc_tinystdio_vflprintf.c.o)
                0xc0007704                __l_vfprintf
 .text.memcpy   0xc0007b88       0x1a /local/home/achraftm/zephyr-sdk-1.0.1/gnu/arm-zephyr-eabi/bin/../lib/gcc/arm-zephyr-eabi/14.3.0/../../../../arm-zephyr-eabi/lib/thumb/v7/nofp/space/libc.a(memcpy.c.o)
                0xc0007b88                memcpy
                0xc0007b88                __aeabi_memcpy
                0xc0007b88                __aeabi_memcpy4
                0xc0007b88                __aeabi_memcpy8
 .text.memset   0xc0007ba2       0x10 /local/home/achraftm/zephyr-sdk-1.0.1/gnu/arm-zephyr-eabi/bin/../lib/gcc/arm-zephyr-eabi/14.3.0/../../../../arm-zephyr-eabi/lib/thumb/v7/nofp/space/libc.a(memset.c.o)
                0xc0007ba2                memset
 .text.strnlen  0xc0007bb2       0x18 /local/home/achraftm/zephyr-sdk-1.0.1/gnu/arm-zephyr-eabi/bin/../lib/gcc/arm-zephyr-eabi/14.3.0/../../../../arm-zephyr-eabi/lib/thumb/v7/nofp/space/libc.a(libc_string_strnlen.c.o)
                0xc0007bb2                strnlen
 .text.__ultoa_invert
                0xc0007bca       0xac /local/home/achraftm/zephyr-sdk-1.0.1/gnu/arm-zephyr-eabi/bin/../lib/gcc/arm-zephyr-eabi/14.3.0/../../../../arm-zephyr-eabi/lib/thumb/v7/nofp/space/libc.a(libc_tinystdio_vflprintf.c.o)
 *fill*         0xc0007c76        0x2 
 .text.__ultoa_invert.__stub
                0xc0007c78       0x10 linker stubs
 *(SORT_BY_ALIGNMENT(.gnu.linkonce.t.*))
 *(SORT_BY_ALIGNMENT(.glue_7t))
 .glue_7t       0xc0007c88        0x0 linker stubs
 *(SORT_BY_ALIGNMENT(.glue_7))
 .glue_7        0xc0007c88        0x0 linker stubs
 *(SORT_BY_ALIGNMENT(.vfp11_veneer))
 .vfp11_veneer  0xc0007c88        0x0 linker stubs
 *(SORT_BY_ALIGNMENT(.v4_bx))
 .v4_bx         0xc0007c88        0x0 linker stubs
                0xc0007c88                        __text_region_end = .
                0xc0008000                        . = ALIGN (_region_min_align)
 *fill*         0xc0007c88      0x378 

rodata_start    0xc0008000        0x0
                0xc0008000                        . = ALIGN (_region_min_align)
                0xc0008000                        __rodata_region_start = .

.ARM.exidx      0xc0008000        0x8
                0xc0008000                        __exidx_start = .
 *(SORT_BY_ALIGNMENT(.ARM.exidx*) SORT_BY_ALIGNMENT(gnu.linkonce.armexidx.*))
 .ARM.exidx     0xc0008000        0x8 /local/home/achraftm/zephyr-sdk-1.0.1/gnu/arm-zephyr-eabi/bin/../lib/gcc/arm-zephyr-eabi/14.3.0/thumb/v7/nofp/space/libgcc.a(_udivmoddi4.o)
                0xc0008008                        __exidx_end = .

initlevel       0xc0008008       0xa8
                0xc0008008                        __init_start = .
                0xc0008008                        __init_EARLY_start = .
 *(SORT_BY_NAME(SORT_BY_ALIGNMENT(.z_init_EARLY_P_?_*)))
 *(SORT_BY_NAME(SORT_BY_ALIGNMENT(.z_init_EARLY_P_??_*)))
 *(SORT_BY_NAME(SORT_BY_ALIGNMENT(.z_init_EARLY_P_???_*)))
                0xc0008008                        __init_PRE_KERNEL_1_start = .
 *(SORT_BY_NAME(SORT_BY_ALIGNMENT(.z_init_PRE_KERNEL_1_P_?_*)))
 .z_init_PRE_KERNEL_1_P_0_SUB_0_
                0xc0008008        0x8 zephyr/libzephyr.a(policy_state_lock.c.obj)
 .z_init_PRE_KERNEL_1_P_1_SUB_00025_
                0xc0008010        0x8 zephyr/drivers/clock_control/libdrivers__clock_control.a(clock_stm32_ll_mp13.c.obj)
 .z_init_PRE_KERNEL_1_P_1_SUB_0_
                0xc0008018        0x8 zephyr/libzephyr.a(soc_config.c.obj)
 *(SORT_BY_NAME(SORT_BY_ALIGNMENT(.z_init_PRE_KERNEL_1_P_??_*)))
 .z_init_PRE_KERNEL_1_P_35_SUB_00044_
                0xc0008020        0x8 zephyr/drivers/reset/libdrivers__reset.a(reset_stm32.c.obj)
 .z_init_PRE_KERNEL_1_P_40_SUB_00006_
                0xc0008028        0x8 zephyr/drivers/interrupt_controller/libdrivers__interrupt_controller.a(intc_gic.c.obj)
 .z_init_PRE_KERNEL_1_P_40_SUB_00026_
                0xc0008030        0x8 zephyr/libzephyr.a(gpioport_mgr.c.obj)
 .z_init_PRE_KERNEL_1_P_40_SUB_00029_
                0xc0008038        0x8 zephyr/libzephyr.a(gpioport_mgr.c.obj)
 .z_init_PRE_KERNEL_1_P_40_SUB_00030_
                0xc0008040        0x8 zephyr/libzephyr.a(gpioport_mgr.c.obj)
 .z_init_PRE_KERNEL_1_P_40_SUB_00048_
                0xc0008048        0x8 zephyr/libzephyr.a(gpioport_mgr.c.obj)
 .z_init_PRE_KERNEL_1_P_40_SUB_00052_
                0xc0008050        0x8 zephyr/drivers/interrupt_controller/libdrivers__interrupt_controller.a(intc_exti_stm32.c.obj)
 .z_init_PRE_KERNEL_1_P_40_SUB_00082_
                0xc0008058        0x8 zephyr/libzephyr.a(gpioport_mgr.c.obj)
 .z_init_PRE_KERNEL_1_P_40_SUB_00120_
                0xc0008060        0x8 zephyr/libzephyr.a(gpioport_mgr.c.obj)
 .z_init_PRE_KERNEL_1_P_40_SUB_00124_
                0xc0008068        0x8 zephyr/libzephyr.a(gpioport_mgr.c.obj)
 .z_init_PRE_KERNEL_1_P_40_SUB_00132_
                0xc0008070        0x8 zephyr/libzephyr.a(gpioport_mgr.c.obj)
 .z_init_PRE_KERNEL_1_P_40_SUB_00133_
                0xc0008078        0x8 zephyr/libzephyr.a(gpioport_mgr.c.obj)
 .z_init_PRE_KERNEL_1_P_40_SUB_0_
                0xc0008080        0x8 zephyr/drivers/interrupt_controller/libdrivers__interrupt_controller.a(intc_gpio_stm32.c.obj)
 .z_init_PRE_KERNEL_1_P_50_SUB_00057_
                0xc0008088        0x8 zephyr/drivers/serial/libdrivers__serial.a(uart_stm32.c.obj)
 .z_init_PRE_KERNEL_1_P_60_SUB_0_
                0xc0008090        0x8 zephyr/drivers/console/libdrivers__console.a(uart_console.c.obj)
 *(SORT_BY_NAME(SORT_BY_ALIGNMENT(.z_init_PRE_KERNEL_1_P_???_*)))
                0xc0008098                        __init_PRE_KERNEL_2_start = .
 *(SORT_BY_NAME(SORT_BY_ALIGNMENT(.z_init_PRE_KERNEL_2_P_?_*)))
 .z_init_PRE_KERNEL_2_P_0_SUB_0_
                0xc0008098        0x8 zephyr/drivers/timer/libdrivers__timer.a(arm_arch_timer.c.obj)
 *(SORT_BY_NAME(SORT_BY_ALIGNMENT(.z_init_PRE_KERNEL_2_P_??_*)))
 *(SORT_BY_NAME(SORT_BY_ALIGNMENT(.z_init_PRE_KERNEL_2_P_???_*)))
                0xc00080a0                        __init_POST_KERNEL_start = .
 *(SORT_BY_NAME(SORT_BY_ALIGNMENT(.z_init_POST_KERNEL_P_?_*)))
 *(SORT_BY_NAME(SORT_BY_ALIGNMENT(.z_init_POST_KERNEL_P_??_*)))
 .z_init_POST_KERNEL_P_35_SUB_0_
                0xc00080a0        0x8 zephyr/lib/libc/common/liblib__libc__common.a(malloc.c.obj)
 *(SORT_BY_NAME(SORT_BY_ALIGNMENT(.z_init_POST_KERNEL_P_???_*)))
                0xc00080a8                        __init_APPLICATION_start = .
 *(SORT_BY_NAME(SORT_BY_ALIGNMENT(.z_init_APPLICATION_P_?_*)))
 .z_init_APPLICATION_P_0_SUB_0_
                0xc00080a8        0x8 zephyr/libzephyr.a(boot_banner.c.obj)
 *(SORT_BY_NAME(SORT_BY_ALIGNMENT(.z_init_APPLICATION_P_??_*)))
 *(SORT_BY_NAME(SORT_BY_ALIGNMENT(.z_init_APPLICATION_P_???_*)))
                0xc00080b0                        __init_SMP_start = .
 *(SORT_BY_NAME(SORT_BY_ALIGNMENT(.z_init_SMP_P_?_*)))
 *(SORT_BY_NAME(SORT_BY_ALIGNMENT(.z_init_SMP_P_??_*)))
 *(SORT_BY_NAME(SORT_BY_ALIGNMENT(.z_init_SMP_P_???_*)))
                0xc00080b0                        __init_end = .

device_area     0xc00080b0      0x188
                0xc00080b0                        _device_list_start = .
 *(SORT_BY_NAME(SORT_BY_ALIGNMENT(._device.static.*_?_*)))
 ._device.static.1_1_
                0xc00080b0       0x1c zephyr/drivers/clock_control/libdrivers__clock_control.a(clock_stm32_ll_mp13.c.obj)
                0xc00080b0                __device_dts_ord_25
 *(SORT_BY_NAME(SORT_BY_ALIGNMENT(._device.static.*_??_*)))
 ._device.static.1_35_
                0xc00080cc       0x1c zephyr/drivers/reset/libdrivers__reset.a(reset_stm32.c.obj)
                0xc00080cc                __device_dts_ord_44
 ._device.static.1_40_
                0xc00080e8       0xfc zephyr/libzephyr.a(gpioport_mgr.c.obj)
                0xc00080e8                __device_dts_ord_82
                0xc0008104                __device_dts_ord_120
                0xc0008120                __device_dts_ord_133
                0xc000813c                __device_dts_ord_124
                0xc0008158                __device_dts_ord_30
                0xc0008174                __device_dts_ord_29
                0xc0008190                __device_dts_ord_132
                0xc00081ac                __device_dts_ord_48
                0xc00081c8                __device_dts_ord_26
 ._device.static.1_40_
                0xc00081e4       0x1c zephyr/drivers/interrupt_controller/libdrivers__interrupt_controller.a(intc_exti_stm32.c.obj)
                0xc00081e4                __device_dts_ord_52
 ._device.static.1_40_
                0xc0008200       0x1c zephyr/drivers/interrupt_controller/libdrivers__interrupt_controller.a(intc_gic.c.obj)
                0xc0008200                __device_dts_ord_6
 ._device.static.1_50_
                0xc000821c       0x1c zephyr/drivers/serial/libdrivers__serial.a(uart_stm32.c.obj)
                0xc000821c                __device_dts_ord_57
 *(SORT_BY_NAME(SORT_BY_ALIGNMENT(._device.static.*_???_*)))
 *(SORT_BY_NAME(SORT_BY_ALIGNMENT(._device.static.*_????_*)))
 *(SORT_BY_NAME(SORT_BY_ALIGNMENT(._device.static.*_?????_*)))
                0xc0008238                        _device_list_end = .

sw_isr_table    0xc0008238      0x5a8
                0xc0008238                        . = ALIGN (0x4)
 *(SORT_BY_ALIGNMENT(.gnu.linkonce.sw_isr_table*))
 .gnu.linkonce.sw_isr_table
                0xc0008238      0x5a8 zephyr/arch/common/libisr_tables.a(isr_tables.c.obj)
                0xc0008238                _sw_isr_table

initlevel_error
 *(SORT_BY_NAME(SORT_BY_ALIGNMENT(.z_init_*)))
                0x00000001                        ASSERT ((SIZEOF (initlevel_error) == 0x0), Undefined initialization levels used.)

app_shmem_regions
                0xc00087e0        0x0
                0xc00087e0                        __app_shmem_regions_start = .
 *(SORT_BY_NAME(SORT_BY_ALIGNMENT(.app_regions.*)))
                0xc00087e0                        __app_shmem_regions_end = .

k_p4wq_initparam_area
                0xc00087e0        0x0
                0xc00087e0                        _k_p4wq_initparam_list_start = .
 *(SORT_BY_NAME(SORT_BY_ALIGNMENT(._k_p4wq_initparam.static.*)))
                0xc00087e0                        _k_p4wq_initparam_list_end = .

_static_thread_data_area
                0xc00087e0        0x0
                0xc00087e0                        __static_thread_data_list_start = .
 *(SORT_BY_NAME(SORT_BY_ALIGNMENT(.__static_thread_data.static.*)))
                0xc00087e0                        __static_thread_data_list_end = .

device_deps     0xc00087e0        0x0
                0xc00087e0                        __device_deps_start = .
 *(SORT_BY_NAME(SORT_BY_ALIGNMENT(.__device_deps_pass2*)))
                0xc00087e0                        __device_deps_end = .

device_api_area
                0xc00087e0       0x9c
                0xc00087e0                        _reset_driver_api_list_start = .
 *(SORT_BY_NAME(SORT_BY_ALIGNMENT(._reset_driver_api.static.*)))
 ._reset_driver_api.static.reset_stm32_driver_api_
                0xc00087e0       0x10 zephyr/drivers/reset/libdrivers__reset.a(reset_stm32.c.obj)
                0xc00087f0                        _reset_driver_api_list_end = .
                0xc00087f0                        _reset_driver_api_ext_end = .
                0xc00087f0                        _shared_irq_driver_api_list_start = .
 *(SORT_BY_NAME(SORT_BY_ALIGNMENT(._shared_irq_driver_api.static.*)))
                0xc00087f0                        _shared_irq_driver_api_list_end = .
                0xc00087f0                        _shared_irq_driver_api_ext_end = .
                0xc00087f0                        _audio_codec_driver_api_list_start = .
 *(SORT_BY_NAME(SORT_BY_ALIGNMENT(._audio_codec_driver_api.static.*)))
                0xc00087f0                        _audio_codec_driver_api_list_end = .
                0xc00087f0                        _audio_codec_driver_api_ext_end = .
                0xc00087f0                        _dmic_driver_api_list_start = .
 *(SORT_BY_NAME(SORT_BY_ALIGNMENT(._dmic_driver_api.static.*)))
                0xc00087f0                        _dmic_driver_api_list_end = .
                0xc00087f0                        _dmic_driver_api_ext_end = .
                0xc00087f0                        _crypto_driver_api_list_start = .
 *(SORT_BY_NAME(SORT_BY_ALIGNMENT(._crypto_driver_api.static.*)))
                0xc00087f0                        _crypto_driver_api_list_end = .
                0xc00087f0                        _crypto_driver_api_ext_end = .
                0xc00087f0                        _adc_driver_api_list_start = .
 *(SORT_BY_NAME(SORT_BY_ALIGNMENT(._adc_driver_api.static.*)))
                0xc00087f0                        _adc_driver_api_list_end = .
                0xc00087f0                        _adc_driver_api_ext_end = .
                0xc00087f0                        _auxdisplay_driver_api_list_start = .
 *(SORT_BY_NAME(SORT_BY_ALIGNMENT(._auxdisplay_driver_api.static.*)))
                0xc00087f0                        _auxdisplay_driver_api_list_end = .
                0xc00087f0                        _auxdisplay_driver_api_ext_end = .
                0xc00087f0                        _bbram_driver_api_list_start = .
 *(SORT_BY_NAME(SORT_BY_ALIGNMENT(._bbram_driver_api.static.*)))
                0xc00087f0                        _bbram_driver_api_list_end = .
                0xc00087f0                        _bbram_driver_api_ext_end = .
                0xc00087f0                        _biometric_driver_api_list_start = .
 *(SORT_BY_NAME(SORT_BY_ALIGNMENT(._biometric_driver_api.static.*)))
                0xc00087f0                        _biometric_driver_api_list_end = .
                0xc00087f0                        _biometric_driver_api_ext_end = .
                0xc00087f0                        _bt_hci_driver_api_list_start = .
 *(SORT_BY_NAME(SORT_BY_ALIGNMENT(._bt_hci_driver_api.static.*)))
                0xc00087f0                        _bt_hci_driver_api_list_end = .
                0xc00087f0                        _bt_hci_driver_api_ext_end = .
                0xc00087f0                        _buzzer_driver_api_list_start = .
 *(SORT_BY_NAME(SORT_BY_ALIGNMENT(._buzzer_driver_api.static.*)))
                0xc00087f0                        _buzzer_driver_api_list_end = .
                0xc00087f0                        _buzzer_driver_api_ext_end = .
                0xc00087f0                        _can_driver_api_list_start = .
 *(SORT_BY_NAME(SORT_BY_ALIGNMENT(._can_driver_api.static.*)))
                0xc00087f0                        _can_driver_api_list_end = .
                0xc00087f0                        _can_driver_api_ext_end = .
                0xc00087f0                        _cellular_driver_api_list_start = .
 *(SORT_BY_NAME(SORT_BY_ALIGNMENT(._cellular_driver_api.static.*)))
                0xc00087f0                        _cellular_driver_api_list_end = .
                0xc00087f0                        _cellular_driver_api_ext_end = .
                0xc00087f0                        _charger_driver_api_list_start = .
 *(SORT_BY_NAME(SORT_BY_ALIGNMENT(._charger_driver_api.static.*)))
                0xc00087f0                        _charger_driver_api_list_end = .
                0xc00087f0                        _charger_driver_api_ext_end = .
                0xc00087f0                        _clock_control_driver_api_list_start = .
 *(SORT_BY_NAME(SORT_BY_ALIGNMENT(._clock_control_driver_api.static.*)))
 ._clock_control_driver_api.static.stm32_clock_control_api_
                0xc00087f0       0x1c zephyr/drivers/clock_control/libdrivers__clock_control.a(clock_stm32_ll_mp13.c.obj)
                0xc000880c                        _clock_control_driver_api_list_end = .
                0xc000880c                        _nrf_clock_control_driver_api_list_start = .
 *(SORT_BY_NAME(SORT_BY_ALIGNMENT(._nrf_clock_control_driver_api.static.*)))
                0xc000880c                        _nrf_clock_control_driver_api_list_end = .
                0xc000880c                        _nrf_clock_control_driver_api_ext_end = .
                0xc000880c                        _clock_control_driver_api_ext_end = .
                0xc000880c                        _comparator_driver_api_list_start = .
 *(SORT_BY_NAME(SORT_BY_ALIGNMENT(._comparator_driver_api.static.*)))
                0xc000880c                        _comparator_driver_api_list_end = .
                0xc000880c                        _comparator_driver_api_ext_end = .
                0xc000880c                        _coredump_driver_api_list_start = .
 *(SORT_BY_NAME(SORT_BY_ALIGNMENT(._coredump_driver_api.static.*)))
                0xc000880c                        _coredump_driver_api_list_end = .
                0xc000880c                        _coredump_driver_api_ext_end = .
                0xc000880c                        _counter_driver_api_list_start = .
 *(SORT_BY_NAME(SORT_BY_ALIGNMENT(._counter_driver_api.static.*)))
                0xc000880c                        _counter_driver_api_list_end = .
                0xc000880c                        _counter_driver_api_ext_end = .
                0xc000880c                        _crc_driver_api_list_start = .
 *(SORT_BY_NAME(SORT_BY_ALIGNMENT(._crc_driver_api.static.*)))
                0xc000880c                        _crc_driver_api_list_end = .
                0xc000880c                        _crc_driver_api_ext_end = .
                0xc000880c                        _dac_driver_api_list_start = .
 *(SORT_BY_NAME(SORT_BY_ALIGNMENT(._dac_driver_api.static.*)))
                0xc000880c                        _dac_driver_api_list_end = .
                0xc000880c                        _dac_driver_api_ext_end = .
                0xc000880c                        _dai_driver_api_list_start = .
 *(SORT_BY_NAME(SORT_BY_ALIGNMENT(._dai_driver_api.static.*)))
                0xc000880c                        _dai_driver_api_list_end = .
                0xc000880c                        _dai_driver_api_ext_end = .
                0xc000880c                        _dali_driver_api_list_start = .
 *(SORT_BY_NAME(SORT_BY_ALIGNMENT(._dali_driver_api.static.*)))
                0xc000880c                        _dali_driver_api_list_end = .
                0xc000880c                        _dali_driver_api_ext_end = .
                0xc000880c                        _display_driver_api_list_start = .
 *(SORT_BY_NAME(SORT_BY_ALIGNMENT(._display_driver_api.static.*)))
                0xc000880c                        _display_driver_api_list_end = .
                0xc000880c                        _display_driver_api_ext_end = .
                0xc000880c                        _dma_driver_api_list_start = .
 *(SORT_BY_NAME(SORT_BY_ALIGNMENT(._dma_driver_api.static.*)))
                0xc000880c                        _dma_driver_api_list_end = .
                0xc000880c                        _dma_driver_api_ext_end = .
                0xc000880c                        _edac_driver_api_list_start = .
 *(SORT_BY_NAME(SORT_BY_ALIGNMENT(._edac_driver_api.static.*)))
                0xc000880c                        _edac_driver_api_list_end = .
                0xc000880c                        _edac_driver_api_ext_end = .
                0xc000880c                        _eeprom_driver_api_list_start = .
 *(SORT_BY_NAME(SORT_BY_ALIGNMENT(._eeprom_driver_api.static.*)))
                0xc000880c                        _eeprom_driver_api_list_end = .
                0xc000880c                        _eeprom_driver_api_ext_end = .
                0xc000880c                        _emul_bbram_driver_api_list_start = .
 *(SORT_BY_NAME(SORT_BY_ALIGNMENT(._emul_bbram_driver_api.static.*)))
                0xc000880c                        _emul_bbram_driver_api_list_end = .
                0xc000880c                        _emul_bbram_driver_api_ext_end = .
                0xc000880c                        _fuel_gauge_emul_driver_api_list_start = .
 *(SORT_BY_NAME(SORT_BY_ALIGNMENT(._fuel_gauge_emul_driver_api.static.*)))
                0xc000880c                        _fuel_gauge_emul_driver_api_list_end = .
                0xc000880c                        _fuel_gauge_emul_driver_api_ext_end = .
                0xc000880c                        _emul_sensor_driver_api_list_start = .
 *(SORT_BY_NAME(SORT_BY_ALIGNMENT(._emul_sensor_driver_api.static.*)))
                0xc000880c                        _emul_sensor_driver_api_list_end = .
                0xc000880c                        _emul_sensor_driver_api_ext_end = .
                0xc000880c                        _entropy_driver_api_list_start = .
 *(SORT_BY_NAME(SORT_BY_ALIGNMENT(._entropy_driver_api.static.*)))
                0xc000880c                        _entropy_driver_api_list_end = .
                0xc000880c                        _entropy_driver_api_ext_end = .
                0xc000880c                        _espi_driver_api_list_start = .
 *(SORT_BY_NAME(SORT_BY_ALIGNMENT(._espi_driver_api.static.*)))
                0xc000880c                        _espi_driver_api_list_end = .
                0xc000880c                        _emul_espi_driver_api_list_start = .
 *(SORT_BY_NAME(SORT_BY_ALIGNMENT(._emul_espi_driver_api.static.*)))
                0xc000880c                        _emul_espi_driver_api_list_end = .
                0xc000880c                        _emul_espi_driver_api_ext_end = .
                0xc000880c                        _espi_driver_api_ext_end = .
                0xc000880c                        _espi_saf_driver_api_list_start = .
 *(SORT_BY_NAME(SORT_BY_ALIGNMENT(._espi_saf_driver_api.static.*)))
                0xc000880c                        _espi_saf_driver_api_list_end = .
                0xc000880c                        _espi_saf_driver_api_ext_end = .
                0xc000880c                        _flash_driver_api_list_start = .
 *(SORT_BY_NAME(SORT_BY_ALIGNMENT(._flash_driver_api.static.*)))
                0xc000880c                        _flash_driver_api_list_end = .
                0xc000880c                        _flash_driver_api_ext_end = .
                0xc000880c                        _fpga_driver_api_list_start = .
 *(SORT_BY_NAME(SORT_BY_ALIGNMENT(._fpga_driver_api.static.*)))
                0xc000880c                        _fpga_driver_api_list_end = .
                0xc000880c                        _fpga_driver_api_ext_end = .
                0xc000880c                        _fuel_gauge_driver_api_list_start = .
 *(SORT_BY_NAME(SORT_BY_ALIGNMENT(._fuel_gauge_driver_api.static.*)))
                0xc000880c                        _fuel_gauge_driver_api_list_end = .
                0xc000880c                        _fuel_gauge_driver_api_ext_end = .
                0xc000880c                        _gnss_driver_api_list_start = .
 *(SORT_BY_NAME(SORT_BY_ALIGNMENT(._gnss_driver_api.static.*)))
                0xc000880c                        _gnss_driver_api_list_end = .
                0xc000880c                        _gnss_driver_api_ext_end = .
                0xc000880c                        _gpio_driver_api_list_start = .
 *(SORT_BY_NAME(SORT_BY_ALIGNMENT(._gpio_driver_api.static.*)))
 ._gpio_driver_api.static.dummy_gpio_api_
                0xc000880c       0x24 zephyr/libzephyr.a(gpioport_mgr.c.obj)
                0xc0008830                        _gpio_driver_api_list_end = .
                0xc0008830                        _gpio_driver_api_ext_end = .
                0xc0008830                        _haptics_driver_api_list_start = .
 *(SORT_BY_NAME(SORT_BY_ALIGNMENT(._haptics_driver_api.static.*)))
                0xc0008830                        _haptics_driver_api_list_end = .
                0xc0008830                        _haptics_driver_api_ext_end = .
                0xc0008830                        _hwspinlock_driver_api_list_start = .
 *(SORT_BY_NAME(SORT_BY_ALIGNMENT(._hwspinlock_driver_api.static.*)))
                0xc0008830                        _hwspinlock_driver_api_list_end = .
                0xc0008830                        _hwspinlock_driver_api_ext_end = .
                0xc0008830                        _i2c_driver_api_list_start = .
 *(SORT_BY_NAME(SORT_BY_ALIGNMENT(._i2c_driver_api.static.*)))
                0xc0008830                        _i2c_driver_api_list_end = .
                0xc0008830                        _i3c_driver_api_list_start = .
 *(SORT_BY_NAME(SORT_BY_ALIGNMENT(._i3c_driver_api.static.*)))
                0xc0008830                        _i3c_driver_api_list_end = .
                0xc0008830                        _i3c_driver_api_ext_end = .
                0xc0008830                        _i2c_driver_api_ext_end = .
                0xc0008830                        _i2c_target_driver_api_list_start = .
 *(SORT_BY_NAME(SORT_BY_ALIGNMENT(._i2c_target_driver_api.static.*)))
                0xc0008830                        _i2c_target_driver_api_list_end = .
                0xc0008830                        _i2c_target_driver_api_ext_end = .
                0xc0008830                        _i2s_driver_api_list_start = .
 *(SORT_BY_NAME(SORT_BY_ALIGNMENT(._i2s_driver_api.static.*)))
                0xc0008830                        _i2s_driver_api_list_end = .
                0xc0008830                        _i2s_driver_api_ext_end = .
                0xc0008830                        _ipm_driver_api_list_start = .
 *(SORT_BY_NAME(SORT_BY_ALIGNMENT(._ipm_driver_api.static.*)))
                0xc0008830                        _ipm_driver_api_list_end = .
                0xc0008830                        _ipm_driver_api_ext_end = .
                0xc0008830                        _led_driver_api_list_start = .
 *(SORT_BY_NAME(SORT_BY_ALIGNMENT(._led_driver_api.static.*)))
                0xc0008830                        _led_driver_api_list_end = .
                0xc0008830                        _led_driver_api_ext_end = .
                0xc0008830                        _led_strip_driver_api_list_start = .
 *(SORT_BY_NAME(SORT_BY_ALIGNMENT(._led_strip_driver_api.static.*)))
                0xc0008830                        _led_strip_driver_api_list_end = .
                0xc0008830                        _led_strip_driver_api_ext_end = .
                0xc0008830                        _lora_driver_api_list_start = .
 *(SORT_BY_NAME(SORT_BY_ALIGNMENT(._lora_driver_api.static.*)))
                0xc0008830                        _lora_driver_api_list_end = .
                0xc0008830                        _lora_driver_api_ext_end = .
                0xc0008830                        _mbox_driver_api_list_start = .
 *(SORT_BY_NAME(SORT_BY_ALIGNMENT(._mbox_driver_api.static.*)))
                0xc0008830                        _mbox_driver_api_list_end = .
                0xc0008830                        _mbox_driver_api_ext_end = .
                0xc0008830                        _mdio_driver_api_list_start = .
 *(SORT_BY_NAME(SORT_BY_ALIGNMENT(._mdio_driver_api.static.*)))
                0xc0008830                        _mdio_driver_api_list_end = .
                0xc0008830                        _mdio_driver_api_ext_end = .
                0xc0008830                        _mipi_dbi_driver_api_list_start = .
 *(SORT_BY_NAME(SORT_BY_ALIGNMENT(._mipi_dbi_driver_api.static.*)))
                0xc0008830                        _mipi_dbi_driver_api_list_end = .
                0xc0008830                        _mipi_dbi_driver_api_ext_end = .
                0xc0008830                        _mipi_dsi_driver_api_list_start = .
 *(SORT_BY_NAME(SORT_BY_ALIGNMENT(._mipi_dsi_driver_api.static.*)))
                0xc0008830                        _mipi_dsi_driver_api_list_end = .
                0xc0008830                        _mipi_dsi_driver_api_ext_end = .
                0xc0008830                        _mspi_driver_api_list_start = .
 *(SORT_BY_NAME(SORT_BY_ALIGNMENT(._mspi_driver_api.static.*)))
                0xc0008830                        _mspi_driver_api_list_end = .
                0xc0008830                        _emul_mspi_driver_api_list_start = .
 *(SORT_BY_NAME(SORT_BY_ALIGNMENT(._emul_mspi_driver_api.static.*)))
                0xc0008830                        _emul_mspi_driver_api_list_end = .
                0xc0008830                        _emul_mspi_driver_api_ext_end = .
                0xc0008830                        _mspi_driver_api_ext_end = .
                0xc0008830                        _opamp_driver_api_list_start = .
 *(SORT_BY_NAME(SORT_BY_ALIGNMENT(._opamp_driver_api.static.*)))
                0xc0008830                        _opamp_driver_api_list_end = .
                0xc0008830                        _opamp_driver_api_ext_end = .
                0xc0008830                        _otp_driver_api_list_start = .
 *(SORT_BY_NAME(SORT_BY_ALIGNMENT(._otp_driver_api.static.*)))
                0xc0008830                        _otp_driver_api_list_end = .
                0xc0008830                        _otp_driver_api_ext_end = .
                0xc0008830                        _peci_driver_api_list_start = .
 *(SORT_BY_NAME(SORT_BY_ALIGNMENT(._peci_driver_api.static.*)))
                0xc0008830                        _peci_driver_api_list_end = .
                0xc0008830                        _peci_driver_api_ext_end = .
                0xc0008830                        _ps2_driver_api_list_start = .
 *(SORT_BY_NAME(SORT_BY_ALIGNMENT(._ps2_driver_api.static.*)))
                0xc0008830                        _ps2_driver_api_list_end = .
                0xc0008830                        _ps2_driver_api_ext_end = .
                0xc0008830                        _ptp_clock_driver_api_list_start = .
 *(SORT_BY_NAME(SORT_BY_ALIGNMENT(._ptp_clock_driver_api.static.*)))
                0xc0008830                        _ptp_clock_driver_api_list_end = .
                0xc0008830                        _ptp_clock_driver_api_ext_end = .
                0xc0008830                        _pwm_driver_api_list_start = .
 *(SORT_BY_NAME(SORT_BY_ALIGNMENT(._pwm_driver_api.static.*)))
                0xc0008830                        _pwm_driver_api_list_end = .
                0xc0008830                        _pwm_driver_api_ext_end = .
                0xc0008830                        _regulator_parent_driver_api_list_start = .
 *(SORT_BY_NAME(SORT_BY_ALIGNMENT(._regulator_parent_driver_api.static.*)))
                0xc0008830                        _regulator_parent_driver_api_list_end = .
                0xc0008830                        _regulator_parent_driver_api_ext_end = .
                0xc0008830                        _regulator_driver_api_list_start = .
 *(SORT_BY_NAME(SORT_BY_ALIGNMENT(._regulator_driver_api.static.*)))
                0xc0008830                        _regulator_driver_api_list_end = .
                0xc0008830                        _regulator_driver_api_ext_end = .
                0xc0008830                        _retained_mem_driver_api_list_start = .
 *(SORT_BY_NAME(SORT_BY_ALIGNMENT(._retained_mem_driver_api.static.*)))
                0xc0008830                        _retained_mem_driver_api_list_end = .
                0xc0008830                        _retained_mem_driver_api_ext_end = .
                0xc0008830                        _rtc_driver_api_list_start = .
 *(SORT_BY_NAME(SORT_BY_ALIGNMENT(._rtc_driver_api.static.*)))
                0xc0008830                        _rtc_driver_api_list_end = .
                0xc0008830                        _rtc_driver_api_ext_end = .
                0xc0008830                        _sdhc_driver_api_list_start = .
 *(SORT_BY_NAME(SORT_BY_ALIGNMENT(._sdhc_driver_api.static.*)))
                0xc0008830                        _sdhc_driver_api_list_end = .
                0xc0008830                        _sdhc_driver_api_ext_end = .
                0xc0008830                        _sensor_driver_api_list_start = .
 *(SORT_BY_NAME(SORT_BY_ALIGNMENT(._sensor_driver_api.static.*)))
                0xc0008830                        _sensor_driver_api_list_end = .
                0xc0008830                        _sensor_driver_api_ext_end = .
                0xc0008830                        _smbus_driver_api_list_start = .
 *(SORT_BY_NAME(SORT_BY_ALIGNMENT(._smbus_driver_api.static.*)))
                0xc0008830                        _smbus_driver_api_list_end = .
                0xc0008830                        _smbus_driver_api_ext_end = .
                0xc0008830                        _spi_driver_api_list_start = .
 *(SORT_BY_NAME(SORT_BY_ALIGNMENT(._spi_driver_api.static.*)))
                0xc0008830                        _spi_driver_api_list_end = .
                0xc0008830                        _spi_driver_api_ext_end = .
                0xc0008830                        _syscon_driver_api_list_start = .
 *(SORT_BY_NAME(SORT_BY_ALIGNMENT(._syscon_driver_api.static.*)))
                0xc0008830                        _syscon_driver_api_list_end = .
                0xc0008830                        _syscon_driver_api_ext_end = .
                0xc0008830                        _tee_driver_api_list_start = .
 *(SORT_BY_NAME(SORT_BY_ALIGNMENT(._tee_driver_api.static.*)))
                0xc0008830                        _tee_driver_api_list_end = .
                0xc0008830                        _tee_driver_api_ext_end = .
                0xc0008830                        _tgpio_driver_api_list_start = .
 *(SORT_BY_NAME(SORT_BY_ALIGNMENT(._tgpio_driver_api.static.*)))
                0xc0008830                        _tgpio_driver_api_list_end = .
                0xc0008830                        _tgpio_driver_api_ext_end = .
                0xc0008830                        _uaol_driver_api_list_start = .
 *(SORT_BY_NAME(SORT_BY_ALIGNMENT(._uaol_driver_api.static.*)))
                0xc0008830                        _uaol_driver_api_list_end = .
                0xc0008830                        _uaol_driver_api_ext_end = .
                0xc0008830                        _video_driver_api_list_start = .
 *(SORT_BY_NAME(SORT_BY_ALIGNMENT(._video_driver_api.static.*)))
                0xc0008830                        _video_driver_api_list_end = .
                0xc0008830                        _video_driver_api_ext_end = .
                0xc0008830                        _virtio_driver_api_list_start = .
 *(SORT_BY_NAME(SORT_BY_ALIGNMENT(._virtio_driver_api.static.*)))
                0xc0008830                        _virtio_driver_api_list_end = .
                0xc0008830                        _virtio_driver_api_ext_end = .
                0xc0008830                        _w1_driver_api_list_start = .
 *(SORT_BY_NAME(SORT_BY_ALIGNMENT(._w1_driver_api.static.*)))
                0xc0008830                        _w1_driver_api_list_end = .
                0xc0008830                        _w1_driver_api_ext_end = .
                0xc0008830                        _wdt_driver_api_list_start = .
 *(SORT_BY_NAME(SORT_BY_ALIGNMENT(._wdt_driver_api.static.*)))
                0xc0008830                        _wdt_driver_api_list_end = .
                0xc0008830                        _wdt_driver_api_ext_end = .
                0xc0008830                        _wuc_driver_api_list_start = .
 *(SORT_BY_NAME(SORT_BY_ALIGNMENT(._wuc_driver_api.static.*)))
                0xc0008830                        _wuc_driver_api_list_end = .
                0xc0008830                        _wuc_driver_api_ext_end = .
                0xc0008830                        _can_transceiver_driver_api_list_start = .
 *(SORT_BY_NAME(SORT_BY_ALIGNMENT(._can_transceiver_driver_api.static.*)))
                0xc0008830                        _can_transceiver_driver_api_list_end = .
                0xc0008830                        _can_transceiver_driver_api_ext_end = .
                0xc0008830                        _i3c_target_driver_api_list_start = .
 *(SORT_BY_NAME(SORT_BY_ALIGNMENT(._i3c_target_driver_api.static.*)))
                0xc0008830                        _i3c_target_driver_api_list_end = .
                0xc0008830                        _i3c_target_driver_api_ext_end = .
                0xc0008830                        _its_driver_api_list_start = .
 *(SORT_BY_NAME(SORT_BY_ALIGNMENT(._its_driver_api.static.*)))
                0xc0008830                        _its_driver_api_list_end = .
                0xc0008830                        _its_driver_api_ext_end = .
                0xc0008830                        _vtd_driver_api_list_start = .
 *(SORT_BY_NAME(SORT_BY_ALIGNMENT(._vtd_driver_api.static.*)))
                0xc0008830                        _vtd_driver_api_list_end = .
                0xc0008830                        _vtd_driver_api_ext_end = .
                0xc0008830                        _renesas_elc_driver_api_list_start = .
 *(SORT_BY_NAME(SORT_BY_ALIGNMENT(._renesas_elc_driver_api.static.*)))
                0xc0008830                        _renesas_elc_driver_api_list_end = .
                0xc0008830                        _renesas_elc_driver_api_ext_end = .
                0xc0008830                        _pcie_ctrl_driver_api_list_start = .
 *(SORT_BY_NAME(SORT_BY_ALIGNMENT(._pcie_ctrl_driver_api.static.*)))
                0xc0008830                        _pcie_ctrl_driver_api_list_end = .
                0xc0008830                        _pcie_ctrl_driver_api_ext_end = .
                0xc0008830                        _pcie_ep_driver_api_list_start = .
 *(SORT_BY_NAME(SORT_BY_ALIGNMENT(._pcie_ep_driver_api.static.*)))
                0xc0008830                        _pcie_ep_driver_api_list_end = .
                0xc0008830                        _pcie_ep_driver_api_ext_end = .
                0xc0008830                        _psi5_driver_api_list_start = .
 *(SORT_BY_NAME(SORT_BY_ALIGNMENT(._psi5_driver_api.static.*)))
                0xc0008830                        _psi5_driver_api_list_end = .
                0xc0008830                        _psi5_driver_api_ext_end = .
                0xc0008830                        _sent_driver_api_list_start = .
 *(SORT_BY_NAME(SORT_BY_ALIGNMENT(._sent_driver_api.static.*)))
                0xc0008830                        _sent_driver_api_list_end = .
                0xc0008830                        _sent_driver_api_ext_end = .
                0xc0008830                        _svc_driver_api_list_start = .
 *(SORT_BY_NAME(SORT_BY_ALIGNMENT(._svc_driver_api.static.*)))
                0xc0008830                        _svc_driver_api_list_end = .
                0xc0008830                        _svc_driver_api_ext_end = .
                0xc0008830                        _stepper_driver_api_list_start = .
 *(SORT_BY_NAME(SORT_BY_ALIGNMENT(._stepper_driver_api.static.*)))
                0xc0008830                        _stepper_driver_api_list_end = .
                0xc0008830                        _stepper_driver_api_ext_end = .
                0xc0008830                        _stepper_ctrl_driver_api_list_start = .
 *(SORT_BY_NAME(SORT_BY_ALIGNMENT(._stepper_ctrl_driver_api.static.*)))
                0xc0008830                        _stepper_ctrl_driver_api_list_end = .
                0xc0008830                        _stepper_ctrl_driver_api_ext_end = .
                0xc0008830                        _uart_driver_api_list_start = .
 *(SORT_BY_NAME(SORT_BY_ALIGNMENT(._uart_driver_api.static.*)))
 ._uart_driver_api.static.uart_stm32_driver_api_
                0xc0008830       0x4c zephyr/drivers/serial/libdrivers__serial.a(uart_stm32.c.obj)
                0xc000887c                        _uart_driver_api_list_end = .
                0xc000887c                        _uart_driver_api_ext_end = .
                0xc000887c                        _bc12_emul_driver_api_list_start = .
 *(SORT_BY_NAME(SORT_BY_ALIGNMENT(._bc12_emul_driver_api.static.*)))
                0xc000887c                        _bc12_emul_driver_api_list_end = .
                0xc000887c                        _bc12_emul_driver_api_ext_end = .
                0xc000887c                        _bc12_driver_api_list_start = .
 *(SORT_BY_NAME(SORT_BY_ALIGNMENT(._bc12_driver_api.static.*)))
                0xc000887c                        _bc12_driver_api_list_end = .
                0xc000887c                        _bc12_driver_api_ext_end = .
                0xc000887c                        _usbc_ppc_driver_api_list_start = .
 *(SORT_BY_NAME(SORT_BY_ALIGNMENT(._usbc_ppc_driver_api.static.*)))
                0xc000887c                        _usbc_ppc_driver_api_list_end = .
                0xc000887c                        _usbc_ppc_driver_api_ext_end = .
                0xc000887c                        _tcpc_driver_api_list_start = .
 *(SORT_BY_NAME(SORT_BY_ALIGNMENT(._tcpc_driver_api.static.*)))
                0xc000887c                        _tcpc_driver_api_list_end = .
                0xc000887c                        _tcpc_driver_api_ext_end = .
                0xc000887c                        _usbc_vbus_driver_api_list_start = .
 *(SORT_BY_NAME(SORT_BY_ALIGNMENT(._usbc_vbus_driver_api.static.*)))
                0xc000887c                        _usbc_vbus_driver_api_list_end = .
                0xc000887c                        _usbc_vbus_driver_api_ext_end = .
                0xc000887c                        _ivshmem_driver_api_list_start = .
 *(SORT_BY_NAME(SORT_BY_ALIGNMENT(._ivshmem_driver_api.static.*)))
                0xc000887c                        _ivshmem_driver_api_list_end = .
                0xc000887c                        _ivshmem_driver_api_ext_end = .
                0xc000887c                        _ethphy_driver_api_list_start = .
 *(SORT_BY_NAME(SORT_BY_ALIGNMENT(._ethphy_driver_api.static.*)))
                0xc000887c                        _ethphy_driver_api_list_end = .
                0xc000887c                        _ethphy_driver_api_ext_end = .

ztest           0xc000887c        0x0
                0xc000887c                        _ztest_expected_result_entry_list_start = .
 *(SORT_BY_NAME(SORT_BY_ALIGNMENT(._ztest_expected_result_entry.static.*)))
                0xc000887c                        _ztest_expected_result_entry_list_end = .
                0xc000887c                        _ztest_suite_node_list_start = .
 *(SORT_BY_NAME(SORT_BY_ALIGNMENT(._ztest_suite_node.static.*)))
                0xc000887c                        _ztest_suite_node_list_end = .
                0xc000887c                        _ztest_unit_test_list_start = .
 *(SORT_BY_NAME(SORT_BY_ALIGNMENT(._ztest_unit_test.static.*)))
                0xc000887c                        _ztest_unit_test_list_end = .
                0xc000887c                        _ztest_test_rule_list_start = .
 *(SORT_BY_NAME(SORT_BY_ALIGNMENT(._ztest_test_rule.static.*)))
                0xc000887c                        _ztest_test_rule_list_end = .

init_array      0xc000887c        0x0
                0xc000887c                        __zephyr_init_array_start = .
 *(SORT_BY_INIT_PRIORITY(.init_array.*) SORT_BY_INIT_PRIORITY(.ctors.*))
 *(SORT_BY_ALIGNMENT(.init_array) SORT_BY_ALIGNMENT(.ctors))
                0xc000887c                        __zephyr_init_array_end = .
                0x00000001                        ASSERT ((__zephyr_init_array_start == __zephyr_init_array_end), GNU-style constructors required but STATIC_INIT_GNU not enabled)

bt_l2cap_fixed_chan_area
                0xc000887c        0x0
                0xc000887c                        _bt_l2cap_fixed_chan_list_start = .
 *(SORT_BY_NAME(SORT_BY_ALIGNMENT(._bt_l2cap_fixed_chan.static.*)))
                0xc000887c                        _bt_l2cap_fixed_chan_list_end = .

bt_gatt_service_static_area
                0xc000887c        0x0
                0xc000887c                        _bt_gatt_service_static_list_start = .
 *(SORT_BY_NAME(SORT_BY_ALIGNMENT(._bt_gatt_service_static.static.*)))
                0xc000887c                        _bt_gatt_service_static_list_end = .

log_strings_area
                0xc000887c        0x0
                0xc000887c                        _log_strings_list_start = .
 *(SORT_BY_NAME(SORT_BY_ALIGNMENT(._log_strings.static.*)))
                0xc000887c                        _log_strings_list_end = .

log_stmesp_ptr_area
                0xc000887c        0x0
                0xc000887c                        _log_stmesp_ptr_list_start = .
 *(SORT_BY_NAME(SORT_BY_ALIGNMENT(._log_stmesp_ptr.static.*)))
                0xc000887c                        _log_stmesp_ptr_list_end = .

log_stmesp_str_area
                0xc000887c        0x0
                0xc000887c                        _log_stmesp_str_list_start = .
 *(SORT_BY_NAME(SORT_BY_ALIGNMENT(._log_stmesp_str.static.*)))
                0xc000887c                        _log_stmesp_str_list_end = .

log_const_area  0xc000887c        0x0
                0xc000887c                        _log_const_list_start = .
 *(SORT_BY_NAME(SORT_BY_ALIGNMENT(._log_const.static.*)))
                0xc000887c                        _log_const_list_end = .

log_backend_area
                0xc000887c        0x0
                0xc000887c                        _log_backend_list_start = .
 *(SORT_BY_NAME(SORT_BY_ALIGNMENT(._log_backend.static.*)))
                0xc000887c                        _log_backend_list_end = .

log_link_area   0xc000887c        0x0
                0xc000887c                        _log_link_list_start = .
 *(SORT_BY_NAME(SORT_BY_ALIGNMENT(._log_link.static.*)))
                0xc000887c                        _log_link_list_end = .

tracing_backend_area
                0xc000887c        0x0
                0xc000887c                        _tracing_backend_list_start = .
 *(SORT_BY_NAME(SORT_BY_ALIGNMENT(._tracing_backend.static.*)))
                0xc000887c                        _tracing_backend_list_end = .

zephyr_dbg_info
 *(SORT_BY_ALIGNMENT(.dbg_thread_info))

intc_table_area
                0xc000887c        0x0
                0xc000887c                        _intc_table_list_start = .
 *(SORT_BY_NAME(SORT_BY_ALIGNMENT(._intc_table.static.*)))
                0xc000887c                        _intc_table_list_end = .

symbol_to_keep  0xc000887c        0x0
                0xc000887c                        __symbol_to_keep_start = .
 *(SORT_BY_NAME(SORT_BY_ALIGNMENT(.symbol_to_keep*)))
                0xc000887c                        __symbol_to_keep_end = .

shell_area      0xc000887c        0x0
                0xc000887c                        _shell_list_start = .
 *(SORT_BY_NAME(SORT_BY_ALIGNMENT(._shell.static.*)))
                0xc000887c                        _shell_list_end = .

shell_root_cmds_area
                0xc000887c        0x0
                0xc000887c                        _shell_root_cmds_list_start = .
 *(SORT_BY_NAME(SORT_BY_ALIGNMENT(._shell_root_cmds.static.*)))
                0xc000887c                        _shell_root_cmds_list_end = .

shell_subcmds_area
                0xc000887c        0x0
                0xc000887c                        _shell_subcmds_list_start = .
 *(SORT_BY_NAME(SORT_BY_ALIGNMENT(._shell_subcmds.static.*)))
                0xc000887c                        _shell_subcmds_list_end = .

shell_dynamic_subcmds_area
                0xc000887c        0x0
                0xc000887c                        _shell_dynamic_subcmds_list_start = .
 *(SORT_BY_NAME(SORT_BY_ALIGNMENT(._shell_dynamic_subcmds.static.*)))
                0xc000887c                        _shell_dynamic_subcmds_list_end = .

shell_remote_area
                0xc000887c        0x0
                0xc000887c                        _shell_remote_list_start = .
 *(SORT_BY_NAME(SORT_BY_ALIGNMENT(._shell_remote.static.*)))
                0xc000887c                        _shell_remote_list_end = .

cfb_font_area   0xc000887c        0x0
                0xc000887c                        _cfb_font_list_start = .
 *(SORT_BY_NAME(SORT_BY_ALIGNMENT(._cfb_font.static.*)))
                0xc000887c                        _cfb_font_list_end = .

tdata           0xc000887c        0x0
 *(SORT_BY_ALIGNMENT(.tdata) SORT_BY_ALIGNMENT(.tdata.*) SORT_BY_ALIGNMENT(.gnu.linkonce.td.*))

tbss            0xc000887c        0x4
 *(SORT_BY_ALIGNMENT(.tbss) SORT_BY_ALIGNMENT(.tbss.*) SORT_BY_ALIGNMENT(.gnu.linkonce.tb.*) SORT_BY_ALIGNMENT(.tcommon))
 .tbss.z_tls_current
                0xc000887c        0x4 zephyr/libzephyr.a(thread_entry.c.obj)
                0xc000887c                z_tls_current
                0xc000887c                        PROVIDE (__tdata_start = LOADADDR (tdata))
                0x00000001                        PROVIDE (__tdata_align = ALIGNOF (tdata))
                0x00000000                        PROVIDE (__tdata_size = (((SIZEOF (tdata) + __tdata_align) - 0x1) & ~ ((__tdata_align - 0x1))))
                [!provide]                        PROVIDE (__tdata_end = (__tdata_start + __tdata_size))
                0x00000004                        PROVIDE (__tbss_align = ALIGNOF (tbss))
                [!provide]                        PROVIDE (__tbss_start = ADDR (tbss))
                0x00000004                        PROVIDE (__tbss_size = (((SIZEOF (tbss) + __tbss_align) - 0x1) & ~ ((__tbss_align - 0x1))))
                [!provide]                        PROVIDE (__tbss_end = (__tbss_start + __tbss_size))
                [!provide]                        PROVIDE (__tls_start = __tdata_start)
                [!provide]                        PROVIDE (__tls_size = (__tbss_end - __tdata_start))
                [!provide]                        PROVIDE (__tls_end = __tbss_end)
                [!provide]                        PROVIDE (__eh_frame_start = 0x0)
                [!provide]                        PROVIDE (__eh_frame_end = 0x0)
                [!provide]                        PROVIDE (__eh_frame_hdr_start = 0x0)
                [!provide]                        PROVIDE (__eh_frame_hdr_end = 0x0)

/DISCARD/
 *(SORT_BY_ALIGNMENT(.eh_frame))
