/local/home/achraftm/STM32CubeMP13/Drivers/CMSIS/Device/ST/STM32MP13xx/Source/Templates/gcc/startup_stm32mp135c_ca7.c:76:29:RESERVED_IRQHandler	0	static
/local/home/achraftm/STM32CubeMP13/Drivers/CMSIS/Device/ST/STM32MP13xx/Source/Templates/gcc/startup_stm32mp135c_ca7.c:77:29:SGI0_IRQHandler	0	static
/local/home/achraftm/STM32CubeMP13/Drivers/CMSIS/Device/ST/STM32MP13xx/Source/Templates/gcc/startup_stm32mp135c_ca7.c:78:29:SGI1_IRQHandler	0	static
/local/home/achraftm/STM32CubeMP13/Drivers/CMSIS/Device/ST/STM32MP13xx/Source/Templates/gcc/startup_stm32mp135c_ca7.c:79:29:SGI2_IRQHandler	0	static
/local/home/achraftm/STM32CubeMP13/Drivers/CMSIS/Device/ST/STM32MP13xx/Source/Templates/gcc/startup_stm32mp135c_ca7.c:80:29:SGI3_IRQHandler	0	static
/local/home/achraftm/STM32CubeMP13/Drivers/CMSIS/Device/ST/STM32MP13xx/Source/Templates/gcc/startup_stm32mp135c_ca7.c:81:29:SGI4_IRQHandler	0	static
/local/home/achraftm/STM32CubeMP13/Drivers/CMSIS/Device/ST/STM32MP13xx/Source/Templates/gcc/startup_stm32mp135c_ca7.c:82:29:SGI5_IRQHandler	0	static
/local/home/achraftm/STM32CubeMP13/Drivers/CMSIS/Device/ST/STM32MP13xx/Source/Templates/gcc/startup_stm32mp135c_ca7.c:83:29:SGI6_IRQHandler	0	static
/local/home/achraftm/STM32CubeMP13/Drivers/CMSIS/Device/ST/STM32MP13xx/Source/Templates/gcc/startup_stm32mp135c_ca7.c:84:29:SGI7_IRQHandler	0	static
/local/home/achraftm/STM32CubeMP13/Drivers/CMSIS/Device/ST/STM32MP13xx/Source/Templates/gcc/startup_stm32mp135c_ca7.c:85:29:SGI8_IRQHandler	0	static
/local/home/achraftm/STM32CubeMP13/Drivers/CMSIS/Device/ST/STM32MP13xx/Source/Templates/gcc/startup_stm32mp135c_ca7.c:86:29:SGI9_IRQHandler	0	static
/local/home/achraftm/STM32CubeMP13/Drivers/CMSIS/Device/ST/STM32MP13xx/Source/Templates/gcc/startup_stm32mp135c_ca7.c:87:29:SGI10_IRQHandler	0	static
/local/home/achraftm/STM32CubeMP13/Drivers/CMSIS/Device/ST/STM32MP13xx/Source/Templates/gcc/startup_stm32mp135c_ca7.c:88:29:SGI11_IRQHandler	0	static
/local/home/achraftm/STM32CubeMP13/Drivers/CMSIS/Device/ST/STM32MP13xx/Source/Templates/gcc/startup_stm32mp135c_ca7.c:89:29:SGI12_IRQHandler	0	static
/local/home/achraftm/STM32CubeMP13/Drivers/CMSIS/Device/ST/STM32MP13xx/Source/Templates/gcc/startup_stm32mp135c_ca7.c:90:29:SGI13_IRQHandler	0	static
/local/home/achraftm/STM32CubeMP13/Drivers/CMSIS/Device/ST/STM32MP13xx/Source/Templates/gcc/startup_stm32mp135c_ca7.c:91:29:SGI14_IRQHandler	0	static
/local/home/achraftm/STM32CubeMP13/Drivers/CMSIS/Device/ST/STM32MP13xx/Source/Templates/gcc/startup_stm32mp135c_ca7.c:92:29:SGI15_IRQHandler	0	static
/local/home/achraftm/STM32CubeMP13/Drivers/CMSIS/Device/ST/STM32MP13xx/Source/Templates/gcc/startup_stm32mp135c_ca7.c:94:29:VirtualMaintenanceInterrupt_IRQHandler	0	static
/local/home/achraftm/STM32CubeMP13/Drivers/CMSIS/Device/ST/STM32MP13xx/Source/Templates/gcc/startup_stm32mp135c_ca7.c:95:29:HypervisorTimer_IRQHandler	0	static
/local/home/achraftm/STM32CubeMP13/Drivers/CMSIS/Device/ST/STM32MP13xx/Source/Templates/gcc/startup_stm32mp135c_ca7.c:96:29:VirtualTimer_IRQHandler	0	static
/local/home/achraftm/STM32CubeMP13/Drivers/CMSIS/Device/ST/STM32MP13xx/Source/Templates/gcc/startup_stm32mp135c_ca7.c:97:29:Legacy_nFIQ_IRQHandler	0	static
/local/home/achraftm/STM32CubeMP13/Drivers/CMSIS/Device/ST/STM32MP13xx/Source/Templates/gcc/startup_stm32mp135c_ca7.c:98:29:SecurePhysicalTimer_IRQHandler	0	static
/local/home/achraftm/STM32CubeMP13/Drivers/CMSIS/Device/ST/STM32MP13xx/Source/Templates/gcc/startup_stm32mp135c_ca7.c:99:29:NonSecurePhysicalTimer_IRQHandler	0	static
/local/home/achraftm/STM32CubeMP13/Drivers/CMSIS/Device/ST/STM32MP13xx/Source/Templates/gcc/startup_stm32mp135c_ca7.c:100:29:Legacy_nIRQ_IRQHandler	0	static
/local/home/achraftm/STM32CubeMP13/Drivers/CMSIS/Device/ST/STM32MP13xx/Source/Templates/gcc/startup_stm32mp135c_ca7.c:102:29:PVD_AVD_IRQHandler	0	static
/local/home/achraftm/STM32CubeMP13/Drivers/CMSIS/Device/ST/STM32MP13xx/Source/Templates/gcc/startup_stm32mp135c_ca7.c:103:29:TAMP_IRQHandler	0	static
/local/home/achraftm/STM32CubeMP13/Drivers/CMSIS/Device/ST/STM32MP13xx/Source/Templates/gcc/startup_stm32mp135c_ca7.c:104:29:RTC_WKUP_ALARM_IRQHandler	0	static
/local/home/achraftm/STM32CubeMP13/Drivers/CMSIS/Device/ST/STM32MP13xx/Source/Templates/gcc/startup_stm32mp135c_ca7.c:105:29:TZC_IT_IRQHandler	0	static
/local/home/achraftm/STM32CubeMP13/Drivers/CMSIS/Device/ST/STM32MP13xx/Source/Templates/gcc/startup_stm32mp135c_ca7.c:106:29:RCC_IRQHandler	0	static
/local/home/achraftm/STM32CubeMP13/Drivers/CMSIS/Device/ST/STM32MP13xx/Source/Templates/gcc/startup_stm32mp135c_ca7.c:107:29:EXTI0_IRQHandler	0	static
/local/home/achraftm/STM32CubeMP13/Drivers/CMSIS/Device/ST/STM32MP13xx/Source/Templates/gcc/startup_stm32mp135c_ca7.c:108:29:EXTI1_IRQHandler	0	static
/local/home/achraftm/STM32CubeMP13/Drivers/CMSIS/Device/ST/STM32MP13xx/Source/Templates/gcc/startup_stm32mp135c_ca7.c:109:29:EXTI2_IRQHandler	0	static
/local/home/achraftm/STM32CubeMP13/Drivers/CMSIS/Device/ST/STM32MP13xx/Source/Templates/gcc/startup_stm32mp135c_ca7.c:110:29:EXTI3_IRQHandler	0	static
/local/home/achraftm/STM32CubeMP13/Drivers/CMSIS/Device/ST/STM32MP13xx/Source/Templates/gcc/startup_stm32mp135c_ca7.c:111:29:EXTI4_IRQHandler	0	static
/local/home/achraftm/STM32CubeMP13/Drivers/CMSIS/Device/ST/STM32MP13xx/Source/Templates/gcc/startup_stm32mp135c_ca7.c:112:29:DMA1_Stream0_IRQHandler	0	static
/local/home/achraftm/STM32CubeMP13/Drivers/CMSIS/Device/ST/STM32MP13xx/Source/Templates/gcc/startup_stm32mp135c_ca7.c:113:29:DMA1_Stream1_IRQHandler	0	static
/local/home/achraftm/STM32CubeMP13/Drivers/CMSIS/Device/ST/STM32MP13xx/Source/Templates/gcc/startup_stm32mp135c_ca7.c:114:29:DMA1_Stream2_IRQHandler	0	static
/local/home/achraftm/STM32CubeMP13/Drivers/CMSIS/Device/ST/STM32MP13xx/Source/Templates/gcc/startup_stm32mp135c_ca7.c:115:29:DMA1_Stream3_IRQHandler	0	static
/local/home/achraftm/STM32CubeMP13/Drivers/CMSIS/Device/ST/STM32MP13xx/Source/Templates/gcc/startup_stm32mp135c_ca7.c:116:29:DMA1_Stream4_IRQHandler	0	static
/local/home/achraftm/STM32CubeMP13/Drivers/CMSIS/Device/ST/STM32MP13xx/Source/Templates/gcc/startup_stm32mp135c_ca7.c:117:29:DMA1_Stream5_IRQHandler	0	static
/local/home/achraftm/STM32CubeMP13/Drivers/CMSIS/Device/ST/STM32MP13xx/Source/Templates/gcc/startup_stm32mp135c_ca7.c:118:29:DMA1_Stream6_IRQHandler	0	static
/local/home/achraftm/STM32CubeMP13/Drivers/CMSIS/Device/ST/STM32MP13xx/Source/Templates/gcc/startup_stm32mp135c_ca7.c:119:29:ADC1_IRQHandler	0	static
/local/home/achraftm/STM32CubeMP13/Drivers/CMSIS/Device/ST/STM32MP13xx/Source/Templates/gcc/startup_stm32mp135c_ca7.c:120:29:ADC2_IRQHandler	0	static
/local/home/achraftm/STM32CubeMP13/Drivers/CMSIS/Device/ST/STM32MP13xx/Source/Templates/gcc/startup_stm32mp135c_ca7.c:121:29:FDCAN1_IT0_IRQHandler	0	static
/local/home/achraftm/STM32CubeMP13/Drivers/CMSIS/Device/ST/STM32MP13xx/Source/Templates/gcc/startup_stm32mp135c_ca7.c:122:29:FDCAN2_IT0_IRQHandler	0	static
/local/home/achraftm/STM32CubeMP13/Drivers/CMSIS/Device/ST/STM32MP13xx/Source/Templates/gcc/startup_stm32mp135c_ca7.c:123:29:FDCAN1_IT1_IRQHandler	0	static
/local/home/achraftm/STM32CubeMP13/Drivers/CMSIS/Device/ST/STM32MP13xx/Source/Templates/gcc/startup_stm32mp135c_ca7.c:124:29:FDCAN2_IT1_IRQHandler	0	static
/local/home/achraftm/STM32CubeMP13/Drivers/CMSIS/Device/ST/STM32MP13xx/Source/Templates/gcc/startup_stm32mp135c_ca7.c:125:29:EXTI5_IRQHandler	0	static
/local/home/achraftm/STM32CubeMP13/Drivers/CMSIS/Device/ST/STM32MP13xx/Source/Templates/gcc/startup_stm32mp135c_ca7.c:126:29:TIM1_BRK_IRQHandler	0	static
/local/home/achraftm/STM32CubeMP13/Drivers/CMSIS/Device/ST/STM32MP13xx/Source/Templates/gcc/startup_stm32mp135c_ca7.c:127:29:TIM1_UP_IRQHandler	0	static
/local/home/achraftm/STM32CubeMP13/Drivers/CMSIS/Device/ST/STM32MP13xx/Source/Templates/gcc/startup_stm32mp135c_ca7.c:128:29:TIM1_TRG_COM_IRQHandler	0	static
/local/home/achraftm/STM32CubeMP13/Drivers/CMSIS/Device/ST/STM32MP13xx/Source/Templates/gcc/startup_stm32mp135c_ca7.c:129:29:TIM1_CC_IRQHandler	0	static
/local/home/achraftm/STM32CubeMP13/Drivers/CMSIS/Device/ST/STM32MP13xx/Source/Templates/gcc/startup_stm32mp135c_ca7.c:130:29:TIM2_IRQHandler	0	static
/local/home/achraftm/STM32CubeMP13/Drivers/CMSIS/Device/ST/STM32MP13xx/Source/Templates/gcc/startup_stm32mp135c_ca7.c:131:29:TIM3_IRQHandler	0	static
/local/home/achraftm/STM32CubeMP13/Drivers/CMSIS/Device/ST/STM32MP13xx/Source/Templates/gcc/startup_stm32mp135c_ca7.c:132:29:TIM4_IRQHandler	0	static
/local/home/achraftm/STM32CubeMP13/Drivers/CMSIS/Device/ST/STM32MP13xx/Source/Templates/gcc/startup_stm32mp135c_ca7.c:133:29:I2C1_EV_IRQHandler	0	static
/local/home/achraftm/STM32CubeMP13/Drivers/CMSIS/Device/ST/STM32MP13xx/Source/Templates/gcc/startup_stm32mp135c_ca7.c:134:29:I2C1_ER_IRQHandler	0	static
/local/home/achraftm/STM32CubeMP13/Drivers/CMSIS/Device/ST/STM32MP13xx/Source/Templates/gcc/startup_stm32mp135c_ca7.c:135:29:I2C2_EV_IRQHandler	0	static
/local/home/achraftm/STM32CubeMP13/Drivers/CMSIS/Device/ST/STM32MP13xx/Source/Templates/gcc/startup_stm32mp135c_ca7.c:136:29:I2C2_ER_IRQHandler	0	static
/local/home/achraftm/STM32CubeMP13/Drivers/CMSIS/Device/ST/STM32MP13xx/Source/Templates/gcc/startup_stm32mp135c_ca7.c:137:29:SPI1_IRQHandler	0	static
/local/home/achraftm/STM32CubeMP13/Drivers/CMSIS/Device/ST/STM32MP13xx/Source/Templates/gcc/startup_stm32mp135c_ca7.c:138:29:SPI2_IRQHandler	0	static
/local/home/achraftm/STM32CubeMP13/Drivers/CMSIS/Device/ST/STM32MP13xx/Source/Templates/gcc/startup_stm32mp135c_ca7.c:139:29:USART1_IRQHandler	0	static
/local/home/achraftm/STM32CubeMP13/Drivers/CMSIS/Device/ST/STM32MP13xx/Source/Templates/gcc/startup_stm32mp135c_ca7.c:140:29:USART2_IRQHandler	0	static
/local/home/achraftm/STM32CubeMP13/Drivers/CMSIS/Device/ST/STM32MP13xx/Source/Templates/gcc/startup_stm32mp135c_ca7.c:141:29:USART3_IRQHandler	0	static
/local/home/achraftm/STM32CubeMP13/Drivers/CMSIS/Device/ST/STM32MP13xx/Source/Templates/gcc/startup_stm32mp135c_ca7.c:142:29:EXTI10_IRQHandler	0	static
/local/home/achraftm/STM32CubeMP13/Drivers/CMSIS/Device/ST/STM32MP13xx/Source/Templates/gcc/startup_stm32mp135c_ca7.c:143:29:RTC_TIMESTAMP_IRQHandler	0	static
/local/home/achraftm/STM32CubeMP13/Drivers/CMSIS/Device/ST/STM32MP13xx/Source/Templates/gcc/startup_stm32mp135c_ca7.c:144:29:EXTI11_IRQHandler	0	static
/local/home/achraftm/STM32CubeMP13/Drivers/CMSIS/Device/ST/STM32MP13xx/Source/Templates/gcc/startup_stm32mp135c_ca7.c:145:29:TIM8_BRK_IRQHandler	0	static
/local/home/achraftm/STM32CubeMP13/Drivers/CMSIS/Device/ST/STM32MP13xx/Source/Templates/gcc/startup_stm32mp135c_ca7.c:146:29:TIM8_UP_IRQHandler	0	static
/local/home/achraftm/STM32CubeMP13/Drivers/CMSIS/Device/ST/STM32MP13xx/Source/Templates/gcc/startup_stm32mp135c_ca7.c:147:29:TIM8_TRG_COM_IRQHandler	0	static
/local/home/achraftm/STM32CubeMP13/Drivers/CMSIS/Device/ST/STM32MP13xx/Source/Templates/gcc/startup_stm32mp135c_ca7.c:148:29:TIM8_CC_IRQHandler	0	static
/local/home/achraftm/STM32CubeMP13/Drivers/CMSIS/Device/ST/STM32MP13xx/Source/Templates/gcc/startup_stm32mp135c_ca7.c:149:29:DMA1_Stream7_IRQHandler	0	static
/local/home/achraftm/STM32CubeMP13/Drivers/CMSIS/Device/ST/STM32MP13xx/Source/Templates/gcc/startup_stm32mp135c_ca7.c:150:29:FMC_IRQHandler	0	static
/local/home/achraftm/STM32CubeMP13/Drivers/CMSIS/Device/ST/STM32MP13xx/Source/Templates/gcc/startup_stm32mp135c_ca7.c:151:29:SDMMC1_IRQHandler	0	static
/local/home/achraftm/STM32CubeMP13/Drivers/CMSIS/Device/ST/STM32MP13xx/Source/Templates/gcc/startup_stm32mp135c_ca7.c:152:29:TIM5_IRQHandler	0	static
/local/home/achraftm/STM32CubeMP13/Drivers/CMSIS/Device/ST/STM32MP13xx/Source/Templates/gcc/startup_stm32mp135c_ca7.c:153:29:SPI3_IRQHandler	0	static
/local/home/achraftm/STM32CubeMP13/Drivers/CMSIS/Device/ST/STM32MP13xx/Source/Templates/gcc/startup_stm32mp135c_ca7.c:154:29:UART4_IRQHandler	0	static
/local/home/achraftm/STM32CubeMP13/Drivers/CMSIS/Device/ST/STM32MP13xx/Source/Templates/gcc/startup_stm32mp135c_ca7.c:155:29:UART5_IRQHandler	0	static
/local/home/achraftm/STM32CubeMP13/Drivers/CMSIS/Device/ST/STM32MP13xx/Source/Templates/gcc/startup_stm32mp135c_ca7.c:156:29:TIM6_IRQHandler	0	static
/local/home/achraftm/STM32CubeMP13/Drivers/CMSIS/Device/ST/STM32MP13xx/Source/Templates/gcc/startup_stm32mp135c_ca7.c:157:29:TIM7_IRQHandler	0	static
/local/home/achraftm/STM32CubeMP13/Drivers/CMSIS/Device/ST/STM32MP13xx/Source/Templates/gcc/startup_stm32mp135c_ca7.c:158:29:DMA2_Stream0_IRQHandler	0	static
/local/home/achraftm/STM32CubeMP13/Drivers/CMSIS/Device/ST/STM32MP13xx/Source/Templates/gcc/startup_stm32mp135c_ca7.c:159:29:DMA2_Stream1_IRQHandler	0	static
/local/home/achraftm/STM32CubeMP13/Drivers/CMSIS/Device/ST/STM32MP13xx/Source/Templates/gcc/startup_stm32mp135c_ca7.c:160:29:DMA2_Stream2_IRQHandler	0	static
/local/home/achraftm/STM32CubeMP13/Drivers/CMSIS/Device/ST/STM32MP13xx/Source/Templates/gcc/startup_stm32mp135c_ca7.c:161:29:DMA2_Stream3_IRQHandler	0	static
/local/home/achraftm/STM32CubeMP13/Drivers/CMSIS/Device/ST/STM32MP13xx/Source/Templates/gcc/startup_stm32mp135c_ca7.c:162:29:DMA2_Stream4_IRQHandler	0	static
/local/home/achraftm/STM32CubeMP13/Drivers/CMSIS/Device/ST/STM32MP13xx/Source/Templates/gcc/startup_stm32mp135c_ca7.c:163:29:ETH1_IRQHandler	0	static
/local/home/achraftm/STM32CubeMP13/Drivers/CMSIS/Device/ST/STM32MP13xx/Source/Templates/gcc/startup_stm32mp135c_ca7.c:164:29:ETH1_WKUP_IRQHandler	0	static
/local/home/achraftm/STM32CubeMP13/Drivers/CMSIS/Device/ST/STM32MP13xx/Source/Templates/gcc/startup_stm32mp135c_ca7.c:165:29:FDCAN_CAL_IRQHandler	0	static
/local/home/achraftm/STM32CubeMP13/Drivers/CMSIS/Device/ST/STM32MP13xx/Source/Templates/gcc/startup_stm32mp135c_ca7.c:166:29:EXTI6_IRQHandler	0	static
/local/home/achraftm/STM32CubeMP13/Drivers/CMSIS/Device/ST/STM32MP13xx/Source/Templates/gcc/startup_stm32mp135c_ca7.c:167:29:EXTI7_IRQHandler	0	static
/local/home/achraftm/STM32CubeMP13/Drivers/CMSIS/Device/ST/STM32MP13xx/Source/Templates/gcc/startup_stm32mp135c_ca7.c:168:29:EXTI8_IRQHandler	0	static
/local/home/achraftm/STM32CubeMP13/Drivers/CMSIS/Device/ST/STM32MP13xx/Source/Templates/gcc/startup_stm32mp135c_ca7.c:169:29:EXTI9_IRQHandler	0	static
/local/home/achraftm/STM32CubeMP13/Drivers/CMSIS/Device/ST/STM32MP13xx/Source/Templates/gcc/startup_stm32mp135c_ca7.c:170:29:DMA2_Stream5_IRQHandler	0	static
/local/home/achraftm/STM32CubeMP13/Drivers/CMSIS/Device/ST/STM32MP13xx/Source/Templates/gcc/startup_stm32mp135c_ca7.c:171:29:DMA2_Stream6_IRQHandler	0	static
/local/home/achraftm/STM32CubeMP13/Drivers/CMSIS/Device/ST/STM32MP13xx/Source/Templates/gcc/startup_stm32mp135c_ca7.c:172:29:DMA2_Stream7_IRQHandler	0	static
/local/home/achraftm/STM32CubeMP13/Drivers/CMSIS/Device/ST/STM32MP13xx/Source/Templates/gcc/startup_stm32mp135c_ca7.c:173:29:USART6_IRQHandler	0	static
/local/home/achraftm/STM32CubeMP13/Drivers/CMSIS/Device/ST/STM32MP13xx/Source/Templates/gcc/startup_stm32mp135c_ca7.c:174:29:I2C3_EV_IRQHandler	0	static
/local/home/achraftm/STM32CubeMP13/Drivers/CMSIS/Device/ST/STM32MP13xx/Source/Templates/gcc/startup_stm32mp135c_ca7.c:175:29:I2C3_ER_IRQHandler	0	static
/local/home/achraftm/STM32CubeMP13/Drivers/CMSIS/Device/ST/STM32MP13xx/Source/Templates/gcc/startup_stm32mp135c_ca7.c:176:29:USBH_PORT1_IRQHandler	0	static
/local/home/achraftm/STM32CubeMP13/Drivers/CMSIS/Device/ST/STM32MP13xx/Source/Templates/gcc/startup_stm32mp135c_ca7.c:177:29:USBH_PORT2_IRQHandler	0	static
/local/home/achraftm/STM32CubeMP13/Drivers/CMSIS/Device/ST/STM32MP13xx/Source/Templates/gcc/startup_stm32mp135c_ca7.c:178:29:EXTI12_IRQHandler	0	static
/local/home/achraftm/STM32CubeMP13/Drivers/CMSIS/Device/ST/STM32MP13xx/Source/Templates/gcc/startup_stm32mp135c_ca7.c:179:29:EXTI13_IRQHandler	0	static
/local/home/achraftm/STM32CubeMP13/Drivers/CMSIS/Device/ST/STM32MP13xx/Source/Templates/gcc/startup_stm32mp135c_ca7.c:180:29:DCMIPP_IRQHandler	0	static
/local/home/achraftm/STM32CubeMP13/Drivers/CMSIS/Device/ST/STM32MP13xx/Source/Templates/gcc/startup_stm32mp135c_ca7.c:181:29:CRYP1_IRQHandler	0	static
/local/home/achraftm/STM32CubeMP13/Drivers/CMSIS/Device/ST/STM32MP13xx/Source/Templates/gcc/startup_stm32mp135c_ca7.c:182:29:HASH1_IRQHandler	0	static
/local/home/achraftm/STM32CubeMP13/Drivers/CMSIS/Device/ST/STM32MP13xx/Source/Templates/gcc/startup_stm32mp135c_ca7.c:183:29:SAES_IRQHandler	0	static
/local/home/achraftm/STM32CubeMP13/Drivers/CMSIS/Device/ST/STM32MP13xx/Source/Templates/gcc/startup_stm32mp135c_ca7.c:184:29:UART7_IRQHandler	0	static
/local/home/achraftm/STM32CubeMP13/Drivers/CMSIS/Device/ST/STM32MP13xx/Source/Templates/gcc/startup_stm32mp135c_ca7.c:185:29:UART8_IRQHandler	0	static
/local/home/achraftm/STM32CubeMP13/Drivers/CMSIS/Device/ST/STM32MP13xx/Source/Templates/gcc/startup_stm32mp135c_ca7.c:186:29:SPI4_IRQHandler	0	static
/local/home/achraftm/STM32CubeMP13/Drivers/CMSIS/Device/ST/STM32MP13xx/Source/Templates/gcc/startup_stm32mp135c_ca7.c:187:29:SPI5_IRQHandler	0	static
/local/home/achraftm/STM32CubeMP13/Drivers/CMSIS/Device/ST/STM32MP13xx/Source/Templates/gcc/startup_stm32mp135c_ca7.c:188:29:SAI1_IRQHandler	0	static
/local/home/achraftm/STM32CubeMP13/Drivers/CMSIS/Device/ST/STM32MP13xx/Source/Templates/gcc/startup_stm32mp135c_ca7.c:189:29:LTDC_IRQHandler	0	static
/local/home/achraftm/STM32CubeMP13/Drivers/CMSIS/Device/ST/STM32MP13xx/Source/Templates/gcc/startup_stm32mp135c_ca7.c:190:29:LTDC_ER_IRQHandler	0	static
/local/home/achraftm/STM32CubeMP13/Drivers/CMSIS/Device/ST/STM32MP13xx/Source/Templates/gcc/startup_stm32mp135c_ca7.c:191:29:SAI2_IRQHandler	0	static
/local/home/achraftm/STM32CubeMP13/Drivers/CMSIS/Device/ST/STM32MP13xx/Source/Templates/gcc/startup_stm32mp135c_ca7.c:192:29:QUADSPI_IRQHandler	0	static
/local/home/achraftm/STM32CubeMP13/Drivers/CMSIS/Device/ST/STM32MP13xx/Source/Templates/gcc/startup_stm32mp135c_ca7.c:193:29:LPTIM1_IRQHandler	0	static
/local/home/achraftm/STM32CubeMP13/Drivers/CMSIS/Device/ST/STM32MP13xx/Source/Templates/gcc/startup_stm32mp135c_ca7.c:194:29:I2C4_EV_IRQHandler	0	static
/local/home/achraftm/STM32CubeMP13/Drivers/CMSIS/Device/ST/STM32MP13xx/Source/Templates/gcc/startup_stm32mp135c_ca7.c:195:29:I2C4_ER_IRQHandler	0	static
/local/home/achraftm/STM32CubeMP13/Drivers/CMSIS/Device/ST/STM32MP13xx/Source/Templates/gcc/startup_stm32mp135c_ca7.c:196:29:SPDIF_RX_IRQHandler	0	static
/local/home/achraftm/STM32CubeMP13/Drivers/CMSIS/Device/ST/STM32MP13xx/Source/Templates/gcc/startup_stm32mp135c_ca7.c:197:29:OTG_IRQHandler	0	static
/local/home/achraftm/STM32CubeMP13/Drivers/CMSIS/Device/ST/STM32MP13xx/Source/Templates/gcc/startup_stm32mp135c_ca7.c:198:29:ETH2_IRQHandler	0	static
/local/home/achraftm/STM32CubeMP13/Drivers/CMSIS/Device/ST/STM32MP13xx/Source/Templates/gcc/startup_stm32mp135c_ca7.c:199:29:ETH2_WKUP_IRQHandler	0	static
/local/home/achraftm/STM32CubeMP13/Drivers/CMSIS/Device/ST/STM32MP13xx/Source/Templates/gcc/startup_stm32mp135c_ca7.c:200:29:DMAMUX1_OVR_IRQHandler	0	static
/local/home/achraftm/STM32CubeMP13/Drivers/CMSIS/Device/ST/STM32MP13xx/Source/Templates/gcc/startup_stm32mp135c_ca7.c:201:29:DMAMUX2_OVR_IRQHandler	0	static
/local/home/achraftm/STM32CubeMP13/Drivers/CMSIS/Device/ST/STM32MP13xx/Source/Templates/gcc/startup_stm32mp135c_ca7.c:202:29:TIM15_IRQHandler	0	static
/local/home/achraftm/STM32CubeMP13/Drivers/CMSIS/Device/ST/STM32MP13xx/Source/Templates/gcc/startup_stm32mp135c_ca7.c:203:29:TIM16_IRQHandler	0	static
/local/home/achraftm/STM32CubeMP13/Drivers/CMSIS/Device/ST/STM32MP13xx/Source/Templates/gcc/startup_stm32mp135c_ca7.c:204:29:TIM17_IRQHandler	0	static
/local/home/achraftm/STM32CubeMP13/Drivers/CMSIS/Device/ST/STM32MP13xx/Source/Templates/gcc/startup_stm32mp135c_ca7.c:205:29:TIM12_IRQHandler	0	static
/local/home/achraftm/STM32CubeMP13/Drivers/CMSIS/Device/ST/STM32MP13xx/Source/Templates/gcc/startup_stm32mp135c_ca7.c:206:29:PKA_IRQHandler	0	static
/local/home/achraftm/STM32CubeMP13/Drivers/CMSIS/Device/ST/STM32MP13xx/Source/Templates/gcc/startup_stm32mp135c_ca7.c:207:29:EXTI14_IRQHandler	0	static
/local/home/achraftm/STM32CubeMP13/Drivers/CMSIS/Device/ST/STM32MP13xx/Source/Templates/gcc/startup_stm32mp135c_ca7.c:208:29:MDMA_IRQHandler	0	static
/local/home/achraftm/STM32CubeMP13/Drivers/CMSIS/Device/ST/STM32MP13xx/Source/Templates/gcc/startup_stm32mp135c_ca7.c:209:29:SDMMC2_IRQHandler	0	static
/local/home/achraftm/STM32CubeMP13/Drivers/CMSIS/Device/ST/STM32MP13xx/Source/Templates/gcc/startup_stm32mp135c_ca7.c:210:29:EXTI15_IRQHandler	0	static
/local/home/achraftm/STM32CubeMP13/Drivers/CMSIS/Device/ST/STM32MP13xx/Source/Templates/gcc/startup_stm32mp135c_ca7.c:211:29:MDMA_SEC_IT_IRQHandler	0	static
/local/home/achraftm/STM32CubeMP13/Drivers/CMSIS/Device/ST/STM32MP13xx/Source/Templates/gcc/startup_stm32mp135c_ca7.c:212:29:TIM13_IRQHandler	0	static
/local/home/achraftm/STM32CubeMP13/Drivers/CMSIS/Device/ST/STM32MP13xx/Source/Templates/gcc/startup_stm32mp135c_ca7.c:213:29:TIM14_IRQHandler	0	static
/local/home/achraftm/STM32CubeMP13/Drivers/CMSIS/Device/ST/STM32MP13xx/Source/Templates/gcc/startup_stm32mp135c_ca7.c:214:29:RNG1_IRQHandler	0	static
/local/home/achraftm/STM32CubeMP13/Drivers/CMSIS/Device/ST/STM32MP13xx/Source/Templates/gcc/startup_stm32mp135c_ca7.c:215:29:I2C5_EV_IRQHandler	0	static
/local/home/achraftm/STM32CubeMP13/Drivers/CMSIS/Device/ST/STM32MP13xx/Source/Templates/gcc/startup_stm32mp135c_ca7.c:216:29:I2C5_ER_IRQHandler	0	static
/local/home/achraftm/STM32CubeMP13/Drivers/CMSIS/Device/ST/STM32MP13xx/Source/Templates/gcc/startup_stm32mp135c_ca7.c:217:29:LPTIM2_IRQHandler	0	static
/local/home/achraftm/STM32CubeMP13/Drivers/CMSIS/Device/ST/STM32MP13xx/Source/Templates/gcc/startup_stm32mp135c_ca7.c:218:29:LPTIM3_IRQHandler	0	static
/local/home/achraftm/STM32CubeMP13/Drivers/CMSIS/Device/ST/STM32MP13xx/Source/Templates/gcc/startup_stm32mp135c_ca7.c:219:29:LPTIM4_IRQHandler	0	static
/local/home/achraftm/STM32CubeMP13/Drivers/CMSIS/Device/ST/STM32MP13xx/Source/Templates/gcc/startup_stm32mp135c_ca7.c:220:29:LPTIM5_IRQHandler	0	static
/local/home/achraftm/STM32CubeMP13/Drivers/CMSIS/Device/ST/STM32MP13xx/Source/Templates/gcc/startup_stm32mp135c_ca7.c:221:29:ETH1_LPI_IRQHandler	0	static
/local/home/achraftm/STM32CubeMP13/Drivers/CMSIS/Device/ST/STM32MP13xx/Source/Templates/gcc/startup_stm32mp135c_ca7.c:222:29:ETH2_LPI_IRQHandler	0	static
/local/home/achraftm/STM32CubeMP13/Drivers/CMSIS/Device/ST/STM32MP13xx/Source/Templates/gcc/startup_stm32mp135c_ca7.c:223:29:RCC_WAKEUP_IRQHandler	0	static
/local/home/achraftm/STM32CubeMP13/Drivers/CMSIS/Device/ST/STM32MP13xx/Source/Templates/gcc/startup_stm32mp135c_ca7.c:224:29:DTS_IRQHandler	0	static
/local/home/achraftm/STM32CubeMP13/Drivers/CMSIS/Device/ST/STM32MP13xx/Source/Templates/gcc/startup_stm32mp135c_ca7.c:225:29:MPU_WAKEUP_PIN_IRQHandler	0	static
/local/home/achraftm/STM32CubeMP13/Drivers/CMSIS/Device/ST/STM32MP13xx/Source/Templates/gcc/startup_stm32mp135c_ca7.c:226:29:IWDG1_IRQHandler	0	static
/local/home/achraftm/STM32CubeMP13/Drivers/CMSIS/Device/ST/STM32MP13xx/Source/Templates/gcc/startup_stm32mp135c_ca7.c:227:29:IWDG2_IRQHandler	0	static
/local/home/achraftm/STM32CubeMP13/Drivers/CMSIS/Device/ST/STM32MP13xx/Source/Templates/gcc/startup_stm32mp135c_ca7.c:228:29:TAMP_SIRQHandler	0	static
/local/home/achraftm/STM32CubeMP13/Drivers/CMSIS/Device/ST/STM32MP13xx/Source/Templates/gcc/startup_stm32mp135c_ca7.c:229:29:RTC_WKUP_ALARM_S_IRQHandler	0	static
/local/home/achraftm/STM32CubeMP13/Drivers/CMSIS/Device/ST/STM32MP13xx/Source/Templates/gcc/startup_stm32mp135c_ca7.c:230:29:RTC_TS_S_IRQHandler	0	static
/local/home/achraftm/STM32CubeMP13/Drivers/CMSIS/Device/ST/STM32MP13xx/Source/Templates/gcc/startup_stm32mp135c_ca7.c:231:29:LTDC_SEC_IRQHandler	0	static
/local/home/achraftm/STM32CubeMP13/Drivers/CMSIS/Device/ST/STM32MP13xx/Source/Templates/gcc/startup_stm32mp135c_ca7.c:232:29:LTDC_SEC_ER_IRQHandler	0	static
/local/home/achraftm/STM32CubeMP13/Drivers/CMSIS/Device/ST/STM32MP13xx/Source/Templates/gcc/startup_stm32mp135c_ca7.c:233:29:PMUIRQ0_IRQHandler	0	static
/local/home/achraftm/STM32CubeMP13/Drivers/CMSIS/Device/ST/STM32MP13xx/Source/Templates/gcc/startup_stm32mp135c_ca7.c:234:29:COMMRX0_IRQHandler	0	static
/local/home/achraftm/STM32CubeMP13/Drivers/CMSIS/Device/ST/STM32MP13xx/Source/Templates/gcc/startup_stm32mp135c_ca7.c:235:29:COMMTX0_IRQHandler	0	static
/local/home/achraftm/STM32CubeMP13/Drivers/CMSIS/Device/ST/STM32MP13xx/Source/Templates/gcc/startup_stm32mp135c_ca7.c:236:29:AXIERRIRQ_IRQHandler	0	static
/local/home/achraftm/STM32CubeMP13/Drivers/CMSIS/Device/ST/STM32MP13xx/Source/Templates/gcc/startup_stm32mp135c_ca7.c:237:29:DDRPERFM_IRQHandler	0	static
/local/home/achraftm/STM32CubeMP13/Drivers/CMSIS/Device/ST/STM32MP13xx/Source/Templates/gcc/startup_stm32mp135c_ca7.c:238:29:nCTIIRQ0_IRQHandler	0	static
/local/home/achraftm/STM32CubeMP13/Drivers/CMSIS/Device/ST/STM32MP13xx/Source/Templates/gcc/startup_stm32mp135c_ca7.c:239:29:MCE_IRQHandler	0	static
/local/home/achraftm/STM32CubeMP13/Drivers/CMSIS/Device/ST/STM32MP13xx/Source/Templates/gcc/startup_stm32mp135c_ca7.c:240:29:DFSDM1_IRQHandler	0	static
/local/home/achraftm/STM32CubeMP13/Drivers/CMSIS/Device/ST/STM32MP13xx/Source/Templates/gcc/startup_stm32mp135c_ca7.c:241:29:DFSDM2_IRQHandler	0	static
/local/home/achraftm/STM32CubeMP13/Drivers/CMSIS/Device/ST/STM32MP13xx/Source/Templates/gcc/startup_stm32mp135c_ca7.c:242:29:DMA3_Stream0_IRQHandler	0	static
/local/home/achraftm/STM32CubeMP13/Drivers/CMSIS/Device/ST/STM32MP13xx/Source/Templates/gcc/startup_stm32mp135c_ca7.c:243:29:DMA3_Stream1_IRQHandler	0	static
/local/home/achraftm/STM32CubeMP13/Drivers/CMSIS/Device/ST/STM32MP13xx/Source/Templates/gcc/startup_stm32mp135c_ca7.c:244:29:DMA3_Stream2_IRQHandler	0	static
/local/home/achraftm/STM32CubeMP13/Drivers/CMSIS/Device/ST/STM32MP13xx/Source/Templates/gcc/startup_stm32mp135c_ca7.c:245:29:DMA3_Stream3_IRQHandler	0	static
/local/home/achraftm/STM32CubeMP13/Drivers/CMSIS/Device/ST/STM32MP13xx/Source/Templates/gcc/startup_stm32mp135c_ca7.c:246:29:DMA3_Stream4_IRQHandler	0	static
/local/home/achraftm/STM32CubeMP13/Drivers/CMSIS/Device/ST/STM32MP13xx/Source/Templates/gcc/startup_stm32mp135c_ca7.c:247:29:DMA3_Stream5_IRQHandler	0	static
/local/home/achraftm/STM32CubeMP13/Drivers/CMSIS/Device/ST/STM32MP13xx/Source/Templates/gcc/startup_stm32mp135c_ca7.c:248:29:DMA3_Stream6_IRQHandler	0	static
/local/home/achraftm/STM32CubeMP13/Drivers/CMSIS/Device/ST/STM32MP13xx/Source/Templates/gcc/startup_stm32mp135c_ca7.c:249:29:DMA3_Stream7_IRQHandler	0	static
/local/home/achraftm/STM32CubeMP13/Drivers/CMSIS/Device/ST/STM32MP13xx/Source/Templates/gcc/startup_stm32mp135c_ca7.c:443:6:Vectors	0	static,ignoring_inline_asm
/local/home/achraftm/STM32CubeMP13/Drivers/CMSIS/Device/ST/STM32MP13xx/Source/Templates/gcc/startup_stm32mp135c_ca7.c:460:6:Default_Handler	0	static
/local/home/achraftm/STM32CubeMP13/Drivers/CMSIS/Device/ST/STM32MP13xx/Source/Templates/gcc/startup_stm32mp135c_ca7.c:467:6:Reset_Handler	0	static,ignoring_inline_asm
