/local/home/achraftm/STM32CubeMP13/Drivers/STM32MP13xx_HAL_Driver/Src/stm32mp13xx_hal_pwr_ex.c:170:19:HAL_PWREx_EnableBkUpReg	8	static
/local/home/achraftm/STM32CubeMP13/Drivers/STM32MP13xx_HAL_Driver/Src/stm32mp13xx_hal_pwr_ex.c:199:19:HAL_PWREx_DisableBkUpReg	8	static
/local/home/achraftm/STM32CubeMP13/Drivers/STM32MP13xx_HAL_Driver/Src/stm32mp13xx_hal_pwr_ex.c:225:19:HAL_PWREx_Enable1V1Reg	8	static
/local/home/achraftm/STM32CubeMP13/Drivers/STM32MP13xx_HAL_Driver/Src/stm32mp13xx_hal_pwr_ex.c:252:19:HAL_PWREx_Disable1V1Reg	8	static
/local/home/achraftm/STM32CubeMP13/Drivers/STM32MP13xx_HAL_Driver/Src/stm32mp13xx_hal_pwr_ex.c:278:19:HAL_PWREx_Enable1V8Reg	8	static
/local/home/achraftm/STM32CubeMP13/Drivers/STM32MP13xx_HAL_Driver/Src/stm32mp13xx_hal_pwr_ex.c:304:19:HAL_PWREx_Disable1V8Reg	8	static
/local/home/achraftm/STM32CubeMP13/Drivers/STM32MP13xx_HAL_Driver/Src/stm32mp13xx_hal_pwr_ex.c:330:19:HAL_PWREx_EnableUSBVoltageDetector	8	static
/local/home/achraftm/STM32CubeMP13/Drivers/STM32MP13xx_HAL_Driver/Src/stm32mp13xx_hal_pwr_ex.c:355:19:HAL_PWREx_DisableUSBVoltageDetector	8	static
/local/home/achraftm/STM32CubeMP13/Drivers/STM32MP13xx_HAL_Driver/Src/stm32mp13xx_hal_pwr_ex.c:386:6:HAL_PWREx_EnableBatteryCharging	8	static
/local/home/achraftm/STM32CubeMP13/Drivers/STM32MP13xx_HAL_Driver/Src/stm32mp13xx_hal_pwr_ex.c:402:6:HAL_PWREx_DisableBatteryCharging	0	static
/local/home/achraftm/STM32CubeMP13/Drivers/STM32MP13xx_HAL_Driver/Src/stm32mp13xx_hal_pwr_ex.c:416:6:HAL_PWREx_EnableMonitoring	0	static
/local/home/achraftm/STM32CubeMP13/Drivers/STM32MP13xx_HAL_Driver/Src/stm32mp13xx_hal_pwr_ex.c:429:6:HAL_PWREx_DisableMonitoring	0	static
/local/home/achraftm/STM32CubeMP13/Drivers/STM32MP13xx_HAL_Driver/Src/stm32mp13xx_hal_pwr_ex.c:439:10:HAL_PWREx_GetTemperatureLevel	0	static
/local/home/achraftm/STM32CubeMP13/Drivers/STM32MP13xx_HAL_Driver/Src/stm32mp13xx_hal_pwr_ex.c:469:10:HAL_PWREx_GetVBATLevel	0	static
/local/home/achraftm/STM32CubeMP13/Drivers/STM32MP13xx_HAL_Driver/Src/stm32mp13xx_hal_pwr_ex.c:503:6:HAL_PWREx_ConfigAVD	8	static
/local/home/achraftm/STM32CubeMP13/Drivers/STM32MP13xx_HAL_Driver/Src/stm32mp13xx_hal_pwr_ex.c:540:6:HAL_PWREx_EnableAVD	0	static
/local/home/achraftm/STM32CubeMP13/Drivers/STM32MP13xx_HAL_Driver/Src/stm32mp13xx_hal_pwr_ex.c:550:6:HAL_PWREx_DisableAVD	0	static
/local/home/achraftm/STM32CubeMP13/Drivers/STM32MP13xx_HAL_Driver/Src/stm32mp13xx_hal_pwr_ex.c:586:13:HAL_PWREx_AVDCallback	0	static
/local/home/achraftm/STM32CubeMP13/Drivers/STM32MP13xx_HAL_Driver/Src/stm32mp13xx_hal_pwr_ex.c:562:6:HAL_PWREx_PVD_AVD_IRQHandler	8	static
/local/home/achraftm/STM32CubeMP13/Drivers/STM32MP13xx_HAL_Driver/Src/stm32mp13xx_hal_pwr_ex.c:658:13:HAL_PWREx_WKUP1_Callback	0	static
/local/home/achraftm/STM32CubeMP13/Drivers/STM32MP13xx_HAL_Driver/Src/stm32mp13xx_hal_pwr_ex.c:669:13:HAL_PWREx_WKUP2_Callback	0	static
/local/home/achraftm/STM32CubeMP13/Drivers/STM32MP13xx_HAL_Driver/Src/stm32mp13xx_hal_pwr_ex.c:680:13:HAL_PWREx_WKUP3_Callback	0	static
/local/home/achraftm/STM32CubeMP13/Drivers/STM32MP13xx_HAL_Driver/Src/stm32mp13xx_hal_pwr_ex.c:691:13:HAL_PWREx_WKUP4_Callback	0	static
/local/home/achraftm/STM32CubeMP13/Drivers/STM32MP13xx_HAL_Driver/Src/stm32mp13xx_hal_pwr_ex.c:702:13:HAL_PWREx_WKUP5_Callback	0	static
/local/home/achraftm/STM32CubeMP13/Drivers/STM32MP13xx_HAL_Driver/Src/stm32mp13xx_hal_pwr_ex.c:713:13:HAL_PWREx_WKUP6_Callback	0	static
/local/home/achraftm/STM32CubeMP13/Drivers/STM32MP13xx_HAL_Driver/Src/stm32mp13xx_hal_pwr_ex.c:594:6:HAL_PWREx_WAKEUP_PIN_IRQHandler	8	static
