/local/home/achraftm/STM32CubeMP13/Drivers/STM32MP13xx_HAL_Driver/Src/stm32mp13xx_hal_bsec.c:166:26:BSEC_UtilReadRegisterBit	4	static
/local/home/achraftm/STM32CubeMP13/Drivers/STM32MP13xx_HAL_Driver/Src/stm32mp13xx_hal_bsec.c:243:6:HAL_BSEC_Init	0	static
/local/home/achraftm/STM32CubeMP13/Drivers/STM32MP13xx_HAL_Driver/Src/stm32mp13xx_hal_bsec.c:290:19:HAL_BSEC_SafMemPwrUp	16	static
/local/home/achraftm/STM32CubeMP13/Drivers/STM32MP13xx_HAL_Driver/Src/stm32mp13xx_hal_bsec.c:364:6:HAL_BSEC_SafMemPwrDown	0	static
/local/home/achraftm/STM32CubeMP13/Drivers/STM32MP13xx_HAL_Driver/Src/stm32mp13xx_hal_bsec.c:265:6:HAL_BSEC_DeInit	16	static
/local/home/achraftm/STM32CubeMP13/Drivers/STM32MP13xx_HAL_Driver/Src/stm32mp13xx_hal_bsec.c:421:19:HAL_BSEC_OtpShadowRead	0	static
/local/home/achraftm/STM32CubeMP13/Drivers/STM32MP13xx_HAL_Driver/Src/stm32mp13xx_hal_bsec.c:645:19:HAL_BSEC_GetSecurityStatus	8	static
/local/home/achraftm/STM32CubeMP13/Drivers/STM32MP13xx_HAL_Driver/Src/stm32mp13xx_hal_bsec.c:1038:19:HAL_BSEC_ReadScratch	0	static
/local/home/achraftm/STM32CubeMP13/Drivers/STM32MP13xx_HAL_Driver/Src/stm32mp13xx_hal_bsec.c:1077:19:HAL_BSEC_WriteScratch	0	static
/local/home/achraftm/STM32CubeMP13/Drivers/STM32MP13xx_HAL_Driver/Src/stm32mp13xx_hal_bsec.c:1114:19:HAL_BSEC_JtagInRead	0	static
/local/home/achraftm/STM32CubeMP13/Drivers/STM32MP13xx_HAL_Driver/Src/stm32mp13xx_hal_bsec.c:1152:19:HAL_BSEC_JtagOutWrite	0	static
/local/home/achraftm/STM32CubeMP13/Drivers/STM32MP13xx_HAL_Driver/Src/stm32mp13xx_hal_bsec.c:1202:19:HAL_BSEC_FunctionSetLock	0	static
/local/home/achraftm/STM32CubeMP13/Drivers/STM32MP13xx_HAL_Driver/Src/stm32mp13xx_hal_bsec.c:1259:19:HAL_BSEC_FunctionGetLock	0	static
/local/home/achraftm/STM32CubeMP13/Drivers/STM32MP13xx_HAL_Driver/Src/stm32mp13xx_hal_bsec.c:1795:19:HAL_BSEC_GetFeatureDisabled	16	static
/local/home/achraftm/STM32CubeMP13/Drivers/STM32MP13xx_HAL_Driver/Src/stm32mp13xx_hal_bsec.c:1828:19:HAL_BSEC_GetFdisTkValue	16	static
/local/home/achraftm/STM32CubeMP13/Drivers/STM32MP13xx_HAL_Driver/Src/stm32mp13xx_hal_bsec.c:1859:19:HAL_BSEC_GetTk	16	static
/local/home/achraftm/STM32CubeMP13/Drivers/STM32MP13xx_HAL_Driver/Src/stm32mp13xx_hal_bsec.c:1903:19:HAL_BSEC_GetDebugEnabled	0	static
/local/home/achraftm/STM32CubeMP13/Drivers/STM32MP13xx_HAL_Driver/Src/stm32mp13xx_hal_bsec.c:1941:19:HAL_BSEC_SetDebugEnabled	0	static
/local/home/achraftm/STM32CubeMP13/Drivers/STM32MP13xx_HAL_Driver/Src/stm32mp13xx_hal_bsec.c:2098:6:HAL_BSEC_Div	4	static
/local/home/achraftm/STM32CubeMP13/Drivers/STM32MP13xx_HAL_Driver/Src/stm32mp13xx_hal_bsec.c:395:19:HAL_BSEC_ReadRegisterBit	32	static
/local/home/achraftm/STM32CubeMP13/Drivers/STM32MP13xx_HAL_Driver/Src/stm32mp13xx_hal_bsec.c:708:19:HAL_BSEC_OtpShadowWrite	24	static
/local/home/achraftm/STM32CubeMP13/Drivers/STM32MP13xx_HAL_Driver/Src/stm32mp13xx_hal_bsec.c:1442:19:HAL_BSEC_GetOtpPermanentProgLockStatus	24	static
/local/home/achraftm/STM32CubeMP13/Drivers/STM32MP13xx_HAL_Driver/Src/stm32mp13xx_hal_bsec.c:1692:19:HAL_BSEC_GetOtpErrorStatus	8	static
/local/home/achraftm/STM32CubeMP13/Drivers/STM32MP13xx_HAL_Driver/Src/stm32mp13xx_hal_bsec.c:1739:19:HAL_BSEC_GetOtpDisturbStatus	8	static
/local/home/achraftm/STM32CubeMP13/Drivers/STM32MP13xx_HAL_Driver/Src/stm32mp13xx_hal_bsec.c:1518:19:HAL_BSEC_SetOtpStickyLock	24	static
/local/home/achraftm/STM32CubeMP13/Drivers/STM32MP13xx_HAL_Driver/Src/stm32mp13xx_hal_bsec.c:1603:19:HAL_BSEC_GetOtpStickyLockStatus	40	static
/local/home/achraftm/STM32CubeMP13/Drivers/STM32MP13xx_HAL_Driver/Src/stm32mp13xx_hal_bsec.c:2124:10:HAL_BSEC_WaitBusyClearWithTimeout	16	static
/local/home/achraftm/STM32CubeMP13/Drivers/STM32MP13xx_HAL_Driver/Src/stm32mp13xx_hal_bsec.c:490:19:HAL_BSEC_OtpRead	40	static
/local/home/achraftm/STM32CubeMP13/Drivers/STM32MP13xx_HAL_Driver/Src/stm32mp13xx_hal_bsec.c:2001:19:HAL_BSEC_GetPKH	24	static
/local/home/achraftm/STM32CubeMP13/Drivers/STM32MP13xx_HAL_Driver/Src/stm32mp13xx_hal_bsec.c:794:19:HAL_BSEC_OtpProgram	64	static
/local/home/achraftm/STM32CubeMP13/Drivers/STM32MP13xx_HAL_Driver/Src/stm32mp13xx_hal_bsec.c:1303:19:HAL_BSEC_SetOtpPermanentProgLock	40	static
