/local/home/achraftm/STM32CubeMP13/Drivers/STM32MP13xx_HAL_Driver/Src/stm32mp13xx_hal_i2c.c:6728:13:I2C_Flush_TXDR	0	static
/local/home/achraftm/STM32CubeMP13/Drivers/STM32MP13xx_HAL_Driver/Src/stm32mp13xx_hal_i2c.c:7345:13:I2C_Enable_IRQ	0	static
/local/home/achraftm/STM32CubeMP13/Drivers/STM32MP13xx_HAL_Driver/Src/stm32mp13xx_hal_i2c.c:7440:13:I2C_Disable_IRQ	0	static
/local/home/achraftm/STM32CubeMP13/Drivers/STM32MP13xx_HAL_Driver/Src/stm32mp13xx_hal_i2c.c:7503:13:I2C_ConvertOtherXferOptions	0	static
/local/home/achraftm/STM32CubeMP13/Drivers/STM32MP13xx_HAL_Driver/Src/stm32mp13xx_hal_i2c.c:7318:13:I2C_TransferConfig	24	static
/local/home/achraftm/STM32CubeMP13/Drivers/STM32MP13xx_HAL_Driver/Src/stm32mp13xx_hal_i2c.c:7177:26:I2C_IsErrorOccurred	24	static
/local/home/achraftm/STM32CubeMP13/Drivers/STM32MP13xx_HAL_Driver/Src/stm32mp13xx_hal_i2c.c:7021:26:I2C_WaitOnTXISFlagUntilTimeout	16	static
/local/home/achraftm/STM32CubeMP13/Drivers/STM32MP13xx_HAL_Driver/Src/stm32mp13xx_hal_i2c.c:6981:26:I2C_WaitOnFlagUntilTimeout	32	static
/local/home/achraftm/STM32CubeMP13/Drivers/STM32MP13xx_HAL_Driver/Src/stm32mp13xx_hal_i2c.c:5815:26:I2C_RequestMemoryWrite	32	static
/local/home/achraftm/STM32CubeMP13/Drivers/STM32MP13xx_HAL_Driver/Src/stm32mp13xx_hal_i2c.c:5870:26:I2C_RequestMemoryRead	32	static
/local/home/achraftm/STM32CubeMP13/Drivers/STM32MP13xx_HAL_Driver/Src/stm32mp13xx_hal_i2c.c:7062:26:I2C_WaitOnSTOPFlagUntilTimeout	16	static
/local/home/achraftm/STM32CubeMP13/Drivers/STM32MP13xx_HAL_Driver/Src/stm32mp13xx_hal_i2c.c:7100:26:I2C_WaitOnRXNEFlagUntilTimeout	24	static
/local/home/achraftm/STM32CubeMP13/Drivers/STM32MP13xx_HAL_Driver/Src/stm32mp13xx_hal_i2c.c:702:13:HAL_I2C_MspInit	0	static
/local/home/achraftm/STM32CubeMP13/Drivers/STM32MP13xx_HAL_Driver/Src/stm32mp13xx_hal_i2c.c:541:19:HAL_I2C_Init	8	static
/local/home/achraftm/STM32CubeMP13/Drivers/STM32MP13xx_HAL_Driver/Src/stm32mp13xx_hal_i2c.c:718:13:HAL_I2C_MspDeInit	0	static
/local/home/achraftm/STM32CubeMP13/Drivers/STM32MP13xx_HAL_Driver/Src/stm32mp13xx_hal_i2c.c:656:19:HAL_I2C_DeInit	8	static
/local/home/achraftm/STM32CubeMP13/Drivers/STM32MP13xx_HAL_Driver/Src/stm32mp13xx_hal_i2c.c:1125:19:HAL_I2C_Master_Transmit	40	static
/local/home/achraftm/STM32CubeMP13/Drivers/STM32MP13xx_HAL_Driver/Src/stm32mp13xx_hal_i2c.c:1266:19:HAL_I2C_Master_Receive	40	static
/local/home/achraftm/STM32CubeMP13/Drivers/STM32MP13xx_HAL_Driver/Src/stm32mp13xx_hal_i2c.c:1384:19:HAL_I2C_Slave_Transmit	32	static
/local/home/achraftm/STM32CubeMP13/Drivers/STM32MP13xx_HAL_Driver/Src/stm32mp13xx_hal_i2c.c:1559:19:HAL_I2C_Slave_Receive	32	static
/local/home/achraftm/STM32CubeMP13/Drivers/STM32MP13xx_HAL_Driver/Src/stm32mp13xx_hal_i2c.c:1689:19:HAL_I2C_Master_Transmit_IT	24	static
/local/home/achraftm/STM32CubeMP13/Drivers/STM32MP13xx_HAL_Driver/Src/stm32mp13xx_hal_i2c.c:1779:19:HAL_I2C_Master_Receive_IT	24	static
/local/home/achraftm/STM32CubeMP13/Drivers/STM32MP13xx_HAL_Driver/Src/stm32mp13xx_hal_i2c.c:1848:19:HAL_I2C_Slave_Transmit_IT	8	static
/local/home/achraftm/STM32CubeMP13/Drivers/STM32MP13xx_HAL_Driver/Src/stm32mp13xx_hal_i2c.c:1912:19:HAL_I2C_Slave_Receive_IT	16	static
/local/home/achraftm/STM32CubeMP13/Drivers/STM32MP13xx_HAL_Driver/Src/stm32mp13xx_hal_i2c.c:1965:19:HAL_I2C_Master_Transmit_DMA	24	static
/local/home/achraftm/STM32CubeMP13/Drivers/STM32MP13xx_HAL_Driver/Src/stm32mp13xx_hal_i2c.c:2128:19:HAL_I2C_Master_Receive_DMA	24	static
/local/home/achraftm/STM32CubeMP13/Drivers/STM32MP13xx_HAL_Driver/Src/stm32mp13xx_hal_i2c.c:2273:19:HAL_I2C_Slave_Transmit_DMA	8	static
/local/home/achraftm/STM32CubeMP13/Drivers/STM32MP13xx_HAL_Driver/Src/stm32mp13xx_hal_i2c.c:2409:19:HAL_I2C_Slave_Receive_DMA	16	static
/local/home/achraftm/STM32CubeMP13/Drivers/STM32MP13xx_HAL_Driver/Src/stm32mp13xx_hal_i2c.c:2519:19:HAL_I2C_Mem_Write	48	static
/local/home/achraftm/STM32CubeMP13/Drivers/STM32MP13xx_HAL_Driver/Src/stm32mp13xx_hal_i2c.c:2656:19:HAL_I2C_Mem_Read	48	static
/local/home/achraftm/STM32CubeMP13/Drivers/STM32MP13xx_HAL_Driver/Src/stm32mp13xx_hal_i2c.c:2793:19:HAL_I2C_Mem_Write_IT	32	static
/local/home/achraftm/STM32CubeMP13/Drivers/STM32MP13xx_HAL_Driver/Src/stm32mp13xx_hal_i2c.c:2881:19:HAL_I2C_Mem_Read_IT	32	static
/local/home/achraftm/STM32CubeMP13/Drivers/STM32MP13xx_HAL_Driver/Src/stm32mp13xx_hal_i2c.c:2969:19:HAL_I2C_Mem_Write_DMA	40	static
/local/home/achraftm/STM32CubeMP13/Drivers/STM32MP13xx_HAL_Driver/Src/stm32mp13xx_hal_i2c.c:3115:19:HAL_I2C_Mem_Read_DMA	40	static
/local/home/achraftm/STM32CubeMP13/Drivers/STM32MP13xx_HAL_Driver/Src/stm32mp13xx_hal_i2c.c:3261:19:HAL_I2C_IsDeviceReady	48	static
/local/home/achraftm/STM32CubeMP13/Drivers/STM32MP13xx_HAL_Driver/Src/stm32mp13xx_hal_i2c.c:3387:19:HAL_I2C_Master_Seq_Transmit_IT	32	static
/local/home/achraftm/STM32CubeMP13/Drivers/STM32MP13xx_HAL_Driver/Src/stm32mp13xx_hal_i2c.c:3502:19:HAL_I2C_Master_Seq_Transmit_DMA	40	static
/local/home/achraftm/STM32CubeMP13/Drivers/STM32MP13xx_HAL_Driver/Src/stm32mp13xx_hal_i2c.c:3700:19:HAL_I2C_Master_Seq_Receive_IT	32	static
/local/home/achraftm/STM32CubeMP13/Drivers/STM32MP13xx_HAL_Driver/Src/stm32mp13xx_hal_i2c.c:3788:19:HAL_I2C_Master_Seq_Receive_DMA	32	static
/local/home/achraftm/STM32CubeMP13/Drivers/STM32MP13xx_HAL_Driver/Src/stm32mp13xx_hal_i2c.c:3955:19:HAL_I2C_Slave_Seq_Transmit_IT	24	static
/local/home/achraftm/STM32CubeMP13/Drivers/STM32MP13xx_HAL_Driver/Src/stm32mp13xx_hal_i2c.c:4058:19:HAL_I2C_Slave_Seq_Transmit_DMA	24	static
/local/home/achraftm/STM32CubeMP13/Drivers/STM32MP13xx_HAL_Driver/Src/stm32mp13xx_hal_i2c.c:4243:19:HAL_I2C_Slave_Seq_Receive_IT	24	static
/local/home/achraftm/STM32CubeMP13/Drivers/STM32MP13xx_HAL_Driver/Src/stm32mp13xx_hal_i2c.c:4346:19:HAL_I2C_Slave_Seq_Receive_DMA	24	static
/local/home/achraftm/STM32CubeMP13/Drivers/STM32MP13xx_HAL_Driver/Src/stm32mp13xx_hal_i2c.c:4527:19:HAL_I2C_EnableListen_IT	8	static
/local/home/achraftm/STM32CubeMP13/Drivers/STM32MP13xx_HAL_Driver/Src/stm32mp13xx_hal_i2c.c:4551:19:HAL_I2C_DisableListen_IT	8	static
/local/home/achraftm/STM32CubeMP13/Drivers/STM32MP13xx_HAL_Driver/Src/stm32mp13xx_hal_i2c.c:4584:19:HAL_I2C_Master_Abort_IT	24	static
/local/home/achraftm/STM32CubeMP13/Drivers/STM32MP13xx_HAL_Driver/Src/stm32mp13xx_hal_i2c.c:4646:6:HAL_I2C_EV_IRQHandler	8	static
/local/home/achraftm/STM32CubeMP13/Drivers/STM32MP13xx_HAL_Driver/Src/stm32mp13xx_hal_i2c.c:4717:13:HAL_I2C_MasterTxCpltCallback	0	static
/local/home/achraftm/STM32CubeMP13/Drivers/STM32MP13xx_HAL_Driver/Src/stm32mp13xx_hal_i2c.c:4733:13:HAL_I2C_MasterRxCpltCallback	0	static
/local/home/achraftm/STM32CubeMP13/Drivers/STM32MP13xx_HAL_Driver/Src/stm32mp13xx_hal_i2c.c:6014:13:I2C_ITMasterSeqCplt	16	static
/local/home/achraftm/STM32CubeMP13/Drivers/STM32MP13xx_HAL_Driver/Src/stm32mp13xx_hal_i2c.c:4748:13:HAL_I2C_SlaveTxCpltCallback	0	static
/local/home/achraftm/STM32CubeMP13/Drivers/STM32MP13xx_HAL_Driver/Src/stm32mp13xx_hal_i2c.c:4764:13:HAL_I2C_SlaveRxCpltCallback	0	static
/local/home/achraftm/STM32CubeMP13/Drivers/STM32MP13xx_HAL_Driver/Src/stm32mp13xx_hal_i2c.c:6067:13:I2C_ITSlaveSeqCplt	8	static
/local/home/achraftm/STM32CubeMP13/Drivers/STM32MP13xx_HAL_Driver/Src/stm32mp13xx_hal_i2c.c:6801:13:I2C_DMASlaveTransmitCplt	8	static
/local/home/achraftm/STM32CubeMP13/Drivers/STM32MP13xx_HAL_Driver/Src/stm32mp13xx_hal_i2c.c:6881:13:I2C_DMASlaveReceiveCplt	8	static
/local/home/achraftm/STM32CubeMP13/Drivers/STM32MP13xx_HAL_Driver/Src/stm32mp13xx_hal_i2c.c:4782:13:HAL_I2C_AddrCallback	0	static
/local/home/achraftm/STM32CubeMP13/Drivers/STM32MP13xx_HAL_Driver/Src/stm32mp13xx_hal_i2c.c:5919:13:I2C_ITAddrCplt	24	static
/local/home/achraftm/STM32CubeMP13/Drivers/STM32MP13xx_HAL_Driver/Src/stm32mp13xx_hal_i2c.c:4800:13:HAL_I2C_ListenCpltCallback	0	static
/local/home/achraftm/STM32CubeMP13/Drivers/STM32MP13xx_HAL_Driver/Src/stm32mp13xx_hal_i2c.c:6504:13:I2C_ITListenCplt	8	static
/local/home/achraftm/STM32CubeMP13/Drivers/STM32MP13xx_HAL_Driver/Src/stm32mp13xx_hal_i2c.c:4816:13:HAL_I2C_MemTxCpltCallback	0	static
/local/home/achraftm/STM32CubeMP13/Drivers/STM32MP13xx_HAL_Driver/Src/stm32mp13xx_hal_i2c.c:4832:13:HAL_I2C_MemRxCpltCallback	0	static
/local/home/achraftm/STM32CubeMP13/Drivers/STM32MP13xx_HAL_Driver/Src/stm32mp13xx_hal_i2c.c:4848:13:HAL_I2C_ErrorCallback	0	static
/local/home/achraftm/STM32CubeMP13/Drivers/STM32MP13xx_HAL_Driver/Src/stm32mp13xx_hal_i2c.c:4864:13:HAL_I2C_AbortCpltCallback	0	static
/local/home/achraftm/STM32CubeMP13/Drivers/STM32MP13xx_HAL_Driver/Src/stm32mp13xx_hal_i2c.c:6690:13:I2C_TreatErrorCallback	8	static
/local/home/achraftm/STM32CubeMP13/Drivers/STM32MP13xx_HAL_Driver/Src/stm32mp13xx_hal_i2c.c:6555:13:I2C_ITError	8	static
/local/home/achraftm/STM32CubeMP13/Drivers/STM32MP13xx_HAL_Driver/Src/stm32mp13xx_hal_i2c.c:6286:13:I2C_ITSlaveCplt	24	static
/local/home/achraftm/STM32CubeMP13/Drivers/STM32MP13xx_HAL_Driver/Src/stm32mp13xx_hal_i2c.c:5241:26:I2C_Slave_ISR_IT	8	static
/local/home/achraftm/STM32CubeMP13/Drivers/STM32MP13xx_HAL_Driver/Src/stm32mp13xx_hal_i2c.c:6143:13:I2C_ITMasterCplt	24	static
/local/home/achraftm/STM32CubeMP13/Drivers/STM32MP13xx_HAL_Driver/Src/stm32mp13xx_hal_i2c.c:4947:26:I2C_Master_ISR_IT	24	static
/local/home/achraftm/STM32CubeMP13/Drivers/STM32MP13xx_HAL_Driver/Src/stm32mp13xx_hal_i2c.c:5522:26:I2C_Mem_ISR_DMA	16	static
/local/home/achraftm/STM32CubeMP13/Drivers/STM32MP13xx_HAL_Driver/Src/stm32mp13xx_hal_i2c.c:5670:26:I2C_Slave_ISR_DMA	16	static
/local/home/achraftm/STM32CubeMP13/Drivers/STM32MP13xx_HAL_Driver/Src/stm32mp13xx_hal_i2c.c:5382:26:I2C_Master_ISR_DMA	16	static
/local/home/achraftm/STM32CubeMP13/Drivers/STM32MP13xx_HAL_Driver/Src/stm32mp13xx_hal_i2c.c:6910:13:I2C_DMAError	16	static
/local/home/achraftm/STM32CubeMP13/Drivers/STM32MP13xx_HAL_Driver/Src/stm32mp13xx_hal_i2c.c:6750:13:I2C_DMAMasterTransmitCplt	8	static
/local/home/achraftm/STM32CubeMP13/Drivers/STM32MP13xx_HAL_Driver/Src/stm32mp13xx_hal_i2c.c:6830:13:I2C_DMAMasterReceiveCplt	8	static
/local/home/achraftm/STM32CubeMP13/Drivers/STM32MP13xx_HAL_Driver/Src/stm32mp13xx_hal_i2c.c:5098:26:I2C_Mem_ISR_IT	24	static
/local/home/achraftm/STM32CubeMP13/Drivers/STM32MP13xx_HAL_Driver/Src/stm32mp13xx_hal_i2c.c:4665:6:HAL_I2C_ER_IRQHandler	8	static
/local/home/achraftm/STM32CubeMP13/Drivers/STM32MP13xx_HAL_Driver/Src/stm32mp13xx_hal_i2c.c:6950:13:I2C_DMAAbort	8	static
/local/home/achraftm/STM32CubeMP13/Drivers/STM32MP13xx_HAL_Driver/Src/stm32mp13xx_hal_i2c.c:4899:22:HAL_I2C_GetState	0	static
/local/home/achraftm/STM32CubeMP13/Drivers/STM32MP13xx_HAL_Driver/Src/stm32mp13xx_hal_i2c.c:4911:21:HAL_I2C_GetMode	0	static
/local/home/achraftm/STM32CubeMP13/Drivers/STM32MP13xx_HAL_Driver/Src/stm32mp13xx_hal_i2c.c:4922:10:HAL_I2C_GetError	0	static
