/local/home/achraftm/STM32CubeMP13/Drivers/STM32MP13xx_HAL_Driver/Src/stm32mp13xx_hal_rtc_ex.c:174:19:HAL_RTCEx_SetTimeStamp	16	static
/local/home/achraftm/STM32CubeMP13/Drivers/STM32MP13xx_HAL_Driver/Src/stm32mp13xx_hal_rtc_ex.c:225:19:HAL_RTCEx_SetTimeStamp_IT	16	static
/local/home/achraftm/STM32CubeMP13/Drivers/STM32MP13xx_HAL_Driver/Src/stm32mp13xx_hal_rtc_ex.c:268:19:HAL_RTCEx_DeactivateTimeStamp	0	static
/local/home/achraftm/STM32CubeMP13/Drivers/STM32MP13xx_HAL_Driver/Src/stm32mp13xx_hal_rtc_ex.c:298:19:HAL_RTCEx_SetInternalTimeStamp	0	static
/local/home/achraftm/STM32CubeMP13/Drivers/STM32MP13xx_HAL_Driver/Src/stm32mp13xx_hal_rtc_ex.c:328:19:HAL_RTCEx_DeactivateInternalTimeStamp	0	static
/local/home/achraftm/STM32CubeMP13/Drivers/STM32MP13xx_HAL_Driver/Src/stm32mp13xx_hal_rtc_ex.c:363:19:HAL_RTCEx_GetTimeStamp	16	static
/local/home/achraftm/STM32CubeMP13/Drivers/STM32MP13xx_HAL_Driver/Src/stm32mp13xx_hal_rtc_ex.c:467:13:HAL_RTCEx_TimeStampEventCallback	0	static
/local/home/achraftm/STM32CubeMP13/Drivers/STM32MP13xx_HAL_Driver/Src/stm32mp13xx_hal_rtc_ex.c:442:6:HAL_RTCEx_TimeStampIRQHandler	8	static
/local/home/achraftm/STM32CubeMP13/Drivers/STM32MP13xx_HAL_Driver/Src/stm32mp13xx_hal_rtc_ex.c:483:19:HAL_RTCEx_PollForTimeStampEvent	16	static
/local/home/achraftm/STM32CubeMP13/Drivers/STM32MP13xx_HAL_Driver/Src/stm32mp13xx_hal_rtc_ex.c:541:19:HAL_RTCEx_SetWakeUpTimer	24	static
/local/home/achraftm/STM32CubeMP13/Drivers/STM32MP13xx_HAL_Driver/Src/stm32mp13xx_hal_rtc_ex.c:615:19:HAL_RTCEx_SetWakeUpTimer_IT	24	static
/local/home/achraftm/STM32CubeMP13/Drivers/STM32MP13xx_HAL_Driver/Src/stm32mp13xx_hal_rtc_ex.c:700:19:HAL_RTCEx_DeactivateWakeUpTimer	16	static
/local/home/achraftm/STM32CubeMP13/Drivers/STM32MP13xx_HAL_Driver/Src/stm32mp13xx_hal_rtc_ex.c:750:10:HAL_RTCEx_GetWakeUpTimer	0	static
/local/home/achraftm/STM32CubeMP13/Drivers/STM32MP13xx_HAL_Driver/Src/stm32mp13xx_hal_rtc_ex.c:815:13:HAL_RTCEx_WakeUpTimerEventCallback	0	static
/local/home/achraftm/STM32CubeMP13/Drivers/STM32MP13xx_HAL_Driver/Src/stm32mp13xx_hal_rtc_ex.c:788:6:HAL_RTCEx_WakeUpTimerIRQHandler	8	static
/local/home/achraftm/STM32CubeMP13/Drivers/STM32MP13xx_HAL_Driver/Src/stm32mp13xx_hal_rtc_ex.c:831:19:HAL_RTCEx_PollForWakeUpTimerEvent	16	static
/local/home/achraftm/STM32CubeMP13/Drivers/STM32MP13xx_HAL_Driver/Src/stm32mp13xx_hal_rtc_ex.c:906:19:HAL_RTCEx_SetSmoothCalib	24	static
/local/home/achraftm/STM32CubeMP13/Drivers/STM32MP13xx_HAL_Driver/Src/stm32mp13xx_hal_rtc_ex.c:973:19:HAL_RTCEx_SetLowPowerCalib	16	static
/local/home/achraftm/STM32CubeMP13/Drivers/STM32MP13xx_HAL_Driver/Src/stm32mp13xx_hal_rtc_ex.c:1013:19:HAL_RTCEx_SetSynchroShift	24	static
/local/home/achraftm/STM32CubeMP13/Drivers/STM32MP13xx_HAL_Driver/Src/stm32mp13xx_hal_rtc_ex.c:1106:19:HAL_RTCEx_SetCalibrationOutPut	16	static
/local/home/achraftm/STM32CubeMP13/Drivers/STM32MP13xx_HAL_Driver/Src/stm32mp13xx_hal_rtc_ex.c:1142:19:HAL_RTCEx_DeactivateCalibrationOutPut	0	static
/local/home/achraftm/STM32CubeMP13/Drivers/STM32MP13xx_HAL_Driver/Src/stm32mp13xx_hal_rtc_ex.c:1172:19:HAL_RTCEx_SetRefClock	16	static
/local/home/achraftm/STM32CubeMP13/Drivers/STM32MP13xx_HAL_Driver/Src/stm32mp13xx_hal_rtc_ex.c:1214:19:HAL_RTCEx_DeactivateRefClock	16	static
/local/home/achraftm/STM32CubeMP13/Drivers/STM32MP13xx_HAL_Driver/Src/stm32mp13xx_hal_rtc_ex.c:1258:19:HAL_RTCEx_EnableBypassShadow	0	static
/local/home/achraftm/STM32CubeMP13/Drivers/STM32MP13xx_HAL_Driver/Src/stm32mp13xx_hal_rtc_ex.c:1290:19:HAL_RTCEx_DisableBypassShadow	0	static
/local/home/achraftm/STM32CubeMP13/Drivers/STM32MP13xx_HAL_Driver/Src/stm32mp13xx_hal_rtc_ex.c:1323:19:HAL_RTCEx_MonotonicCounterIncrement	0	static
/local/home/achraftm/STM32CubeMP13/Drivers/STM32MP13xx_HAL_Driver/Src/stm32mp13xx_hal_rtc_ex.c:1343:19:HAL_RTCEx_MonotonicCounterGet	0	static
/local/home/achraftm/STM32CubeMP13/Drivers/STM32MP13xx_HAL_Driver/Src/stm32mp13xx_hal_rtc_ex.c:1378:13:HAL_RTCEx_AlarmBEventCallback	0	static
/local/home/achraftm/STM32CubeMP13/Drivers/STM32MP13xx_HAL_Driver/Src/stm32mp13xx_hal_rtc_ex.c:1394:19:HAL_RTCEx_PollForAlarmBEvent	16	static
/local/home/achraftm/STM32CubeMP13/Drivers/STM32MP13xx_HAL_Driver/Src/stm32mp13xx_hal_rtc_ex.c:1457:19:HAL_RTCEx_SetTamper	8	static
/local/home/achraftm/STM32CubeMP13/Drivers/STM32MP13xx_HAL_Driver/Src/stm32mp13xx_hal_rtc_ex.c:1529:19:HAL_RTCEx_SetTamper_IT	8	static
/local/home/achraftm/STM32CubeMP13/Drivers/STM32MP13xx_HAL_Driver/Src/stm32mp13xx_hal_rtc_ex.c:1615:19:HAL_RTCEx_DeactivateTamper	8	static
/local/home/achraftm/STM32CubeMP13/Drivers/STM32MP13xx_HAL_Driver/Src/stm32mp13xx_hal_rtc_ex.c:1762:19:HAL_RTCEx_SetActiveSeed	16	static
/local/home/achraftm/STM32CubeMP13/Drivers/STM32MP13xx_HAL_Driver/Src/stm32mp13xx_hal_rtc_ex.c:1797:19:HAL_RTCEx_DeactivateActiveTampers	0	static
/local/home/achraftm/STM32CubeMP13/Drivers/STM32MP13xx_HAL_Driver/Src/stm32mp13xx_hal_rtc_ex.c:1642:19:HAL_RTCEx_SetActiveTampers	24	static
/local/home/achraftm/STM32CubeMP13/Drivers/STM32MP13xx_HAL_Driver/Src/stm32mp13xx_hal_rtc_ex.c:1843:19:HAL_RTCEx_PollForTamperEvent	16	static
/local/home/achraftm/STM32CubeMP13/Drivers/STM32MP13xx_HAL_Driver/Src/stm32mp13xx_hal_rtc_ex.c:1875:19:HAL_RTCEx_SetInternalTamper	8	static
/local/home/achraftm/STM32CubeMP13/Drivers/STM32MP13xx_HAL_Driver/Src/stm32mp13xx_hal_rtc_ex.c:1916:19:HAL_RTCEx_SetInternalTamper_IT	8	static
/local/home/achraftm/STM32CubeMP13/Drivers/STM32MP13xx_HAL_Driver/Src/stm32mp13xx_hal_rtc_ex.c:1963:19:HAL_RTCEx_DeactivateInternalTamper	8	static
/local/home/achraftm/STM32CubeMP13/Drivers/STM32MP13xx_HAL_Driver/Src/stm32mp13xx_hal_rtc_ex.c:1992:19:HAL_RTCEx_PollForInternalTamperEvent	16	static
/local/home/achraftm/STM32CubeMP13/Drivers/STM32MP13xx_HAL_Driver/Src/stm32mp13xx_hal_rtc_ex.c:2549:13:HAL_RTCEx_Tamper1EventCallback	0	static
/local/home/achraftm/STM32CubeMP13/Drivers/STM32MP13xx_HAL_Driver/Src/stm32mp13xx_hal_rtc_ex.c:2564:13:HAL_RTCEx_Tamper2EventCallback	0	static
/local/home/achraftm/STM32CubeMP13/Drivers/STM32MP13xx_HAL_Driver/Src/stm32mp13xx_hal_rtc_ex.c:2579:13:HAL_RTCEx_Tamper3EventCallback	0	static
/local/home/achraftm/STM32CubeMP13/Drivers/STM32MP13xx_HAL_Driver/Src/stm32mp13xx_hal_rtc_ex.c:2594:13:HAL_RTCEx_Tamper4EventCallback	0	static
/local/home/achraftm/STM32CubeMP13/Drivers/STM32MP13xx_HAL_Driver/Src/stm32mp13xx_hal_rtc_ex.c:2609:13:HAL_RTCEx_Tamper5EventCallback	0	static
/local/home/achraftm/STM32CubeMP13/Drivers/STM32MP13xx_HAL_Driver/Src/stm32mp13xx_hal_rtc_ex.c:2624:13:HAL_RTCEx_Tamper6EventCallback	0	static
/local/home/achraftm/STM32CubeMP13/Drivers/STM32MP13xx_HAL_Driver/Src/stm32mp13xx_hal_rtc_ex.c:2639:13:HAL_RTCEx_Tamper7EventCallback	0	static
/local/home/achraftm/STM32CubeMP13/Drivers/STM32MP13xx_HAL_Driver/Src/stm32mp13xx_hal_rtc_ex.c:2654:13:HAL_RTCEx_Tamper8EventCallback	0	static
/local/home/achraftm/STM32CubeMP13/Drivers/STM32MP13xx_HAL_Driver/Src/stm32mp13xx_hal_rtc_ex.c:2670:13:HAL_RTCEx_InternalTamper1EventCallback	0	static
/local/home/achraftm/STM32CubeMP13/Drivers/STM32MP13xx_HAL_Driver/Src/stm32mp13xx_hal_rtc_ex.c:2685:13:HAL_RTCEx_InternalTamper2EventCallback	0	static
/local/home/achraftm/STM32CubeMP13/Drivers/STM32MP13xx_HAL_Driver/Src/stm32mp13xx_hal_rtc_ex.c:2700:13:HAL_RTCEx_InternalTamper3EventCallback	0	static
/local/home/achraftm/STM32CubeMP13/Drivers/STM32MP13xx_HAL_Driver/Src/stm32mp13xx_hal_rtc_ex.c:2715:13:HAL_RTCEx_InternalTamper4EventCallback	0	static
/local/home/achraftm/STM32CubeMP13/Drivers/STM32MP13xx_HAL_Driver/Src/stm32mp13xx_hal_rtc_ex.c:2730:13:HAL_RTCEx_InternalTamper5EventCallback	0	static
/local/home/achraftm/STM32CubeMP13/Drivers/STM32MP13xx_HAL_Driver/Src/stm32mp13xx_hal_rtc_ex.c:2745:13:HAL_RTCEx_InternalTamper6EventCallback	0	static
/local/home/achraftm/STM32CubeMP13/Drivers/STM32MP13xx_HAL_Driver/Src/stm32mp13xx_hal_rtc_ex.c:2760:13:HAL_RTCEx_InternalTamper7EventCallback	0	static
/local/home/achraftm/STM32CubeMP13/Drivers/STM32MP13xx_HAL_Driver/Src/stm32mp13xx_hal_rtc_ex.c:2775:13:HAL_RTCEx_InternalTamper8EventCallback	0	static
/local/home/achraftm/STM32CubeMP13/Drivers/STM32MP13xx_HAL_Driver/Src/stm32mp13xx_hal_rtc_ex.c:2790:13:HAL_RTCEx_InternalTamper9EventCallback	0	static
/local/home/achraftm/STM32CubeMP13/Drivers/STM32MP13xx_HAL_Driver/Src/stm32mp13xx_hal_rtc_ex.c:2805:13:HAL_RTCEx_InternalTamper10EventCallback	0	static
/local/home/achraftm/STM32CubeMP13/Drivers/STM32MP13xx_HAL_Driver/Src/stm32mp13xx_hal_rtc_ex.c:2820:13:HAL_RTCEx_InternalTamper11EventCallback	0	static
/local/home/achraftm/STM32CubeMP13/Drivers/STM32MP13xx_HAL_Driver/Src/stm32mp13xx_hal_rtc_ex.c:2835:13:HAL_RTCEx_InternalTamper12EventCallback	0	static
/local/home/achraftm/STM32CubeMP13/Drivers/STM32MP13xx_HAL_Driver/Src/stm32mp13xx_hal_rtc_ex.c:2850:13:HAL_RTCEx_InternalTamper13EventCallback	0	static
/local/home/achraftm/STM32CubeMP13/Drivers/STM32MP13xx_HAL_Driver/Src/stm32mp13xx_hal_rtc_ex.c:2295:6:HAL_RTCEx_TamperIRQHandler	16	static
/local/home/achraftm/STM32CubeMP13/Drivers/STM32MP13xx_HAL_Driver/Src/stm32mp13xx_hal_rtc_ex.c:2893:6:HAL_RTCEx_BKUPWrite	16	static
/local/home/achraftm/STM32CubeMP13/Drivers/STM32MP13xx_HAL_Driver/Src/stm32mp13xx_hal_rtc_ex.c:2916:10:HAL_RTCEx_BKUPRead	8	static
/local/home/achraftm/STM32CubeMP13/Drivers/STM32MP13xx_HAL_Driver/Src/stm32mp13xx_hal_rtc_ex.c:2957:19:HAL_RTCEx_SecureModeGet	0	static
/local/home/achraftm/STM32CubeMP13/Drivers/STM32MP13xx_HAL_Driver/Src/stm32mp13xx_hal_rtc_ex.c:3045:19:HAL_RTCEx_PrivilegeModeSet	8	static
/local/home/achraftm/STM32CubeMP13/Drivers/STM32MP13xx_HAL_Driver/Src/stm32mp13xx_hal_rtc_ex.c:3086:19:HAL_RTCEx_PrivilegeModeGet	4	static
