/local/home/achraftm/STM32CubeMP13/Drivers/STM32MP13xx_HAL_Driver/Src/stm32mp13xx_hal_gpio.c:165:6:HAL_GPIO_Init	32	static
/local/home/achraftm/STM32CubeMP13/Drivers/STM32MP13xx_HAL_Driver/Src/stm32mp13xx_hal_gpio.c:294:6:HAL_GPIO_DeInit	24	static
/local/home/achraftm/STM32CubeMP13/Drivers/STM32MP13xx_HAL_Driver/Src/stm32mp13xx_hal_gpio.c:380:15:HAL_GPIO_ReadPin	16	static
/local/home/achraftm/STM32CubeMP13/Drivers/STM32MP13xx_HAL_Driver/Src/stm32mp13xx_hal_gpio.c:414:6:HAL_GPIO_WritePin	16	static
/local/home/achraftm/STM32CubeMP13/Drivers/STM32MP13xx_HAL_Driver/Src/stm32mp13xx_hal_gpio.c:444:6:HAL_GPIO_WriteMultipleStatePin	16	static
/local/home/achraftm/STM32CubeMP13/Drivers/STM32MP13xx_HAL_Driver/Src/stm32mp13xx_hal_gpio.c:463:6:HAL_GPIO_TogglePin	16	static
/local/home/achraftm/STM32CubeMP13/Drivers/STM32MP13xx_HAL_Driver/Src/stm32mp13xx_hal_gpio.c:488:19:HAL_GPIO_LockPin	24	static
/local/home/achraftm/STM32CubeMP13/Drivers/STM32MP13xx_HAL_Driver/Src/stm32mp13xx_hal_gpio.c:544:13:HAL_GPIO_EXTI_Rising_Callback	0	static
/local/home/achraftm/STM32CubeMP13/Drivers/STM32MP13xx_HAL_Driver/Src/stm32mp13xx_hal_gpio.c:559:13:HAL_GPIO_EXTI_Falling_Callback	0	static
/local/home/achraftm/STM32CubeMP13/Drivers/STM32MP13xx_HAL_Driver/Src/stm32mp13xx_hal_gpio.c:523:6:HAL_GPIO_EXTI_IRQHandler	8	static
