/local/home/achraftm/STM32CubeMP13/Drivers/STM32MP13xx_HAL_Driver/Src/stm32mp13xx_hal_rcc.c:180:19:HAL_RCC_DeInit	16	static
/local/home/achraftm/STM32CubeMP13/Drivers/STM32MP13xx_HAL_Driver/Src/stm32mp13xx_hal_rcc.c:806:19:HAL_RCC_HSEConfig	16	static
/local/home/achraftm/STM32CubeMP13/Drivers/STM32MP13xx_HAL_Driver/Src/stm32mp13xx_hal_rcc.c:887:19:HAL_RCC_LSEConfig	16	static
/local/home/achraftm/STM32CubeMP13/Drivers/STM32MP13xx_HAL_Driver/Src/stm32mp13xx_hal_rcc.c:947:19:RCC_PLL1_Config	16	static
/local/home/achraftm/STM32CubeMP13/Drivers/STM32MP13xx_HAL_Driver/Src/stm32mp13xx_hal_rcc.c:1399:19:RCC_AXISSConfig	16	static
/local/home/achraftm/STM32CubeMP13/Drivers/STM32MP13xx_HAL_Driver/Src/stm32mp13xx_hal_rcc.c:1496:19:RCC_MLAHBConfig	16	static
/local/home/achraftm/STM32CubeMP13/Drivers/STM32MP13xx_HAL_Driver/Src/stm32mp13xx_hal_rcc.c:1629:6:HAL_RCC_MCOConfig	16	static
/local/home/achraftm/STM32CubeMP13/Drivers/STM32MP13xx_HAL_Driver/Src/stm32mp13xx_hal_rcc.c:1678:6:HAL_RCC_EnableHSECSS	0	static
/local/home/achraftm/STM32CubeMP13/Drivers/STM32MP13xx_HAL_Driver/Src/stm32mp13xx_hal_rcc.c:1690:6:HAL_RCC_GetOscConfig	0	static
/local/home/achraftm/STM32CubeMP13/Drivers/STM32MP13xx_HAL_Driver/Src/stm32mp13xx_hal_rcc.c:1947:6:HAL_RCC_GetClockConfig	0	static
/local/home/achraftm/STM32CubeMP13/Drivers/STM32MP13xx_HAL_Driver/Src/stm32mp13xx_hal_rcc.c:1992:13:HAL_RCC_GetPLL1ClockFreq	4	static
/local/home/achraftm/STM32CubeMP13/Drivers/STM32MP13xx_HAL_Driver/Src/stm32mp13xx_hal_rcc.c:2074:13:HAL_RCC_GetPLL2ClockFreq	4	static
/local/home/achraftm/STM32CubeMP13/Drivers/STM32MP13xx_HAL_Driver/Src/stm32mp13xx_hal_rcc.c:2157:13:HAL_RCC_GetPLL3ClockFreq	4	static
/local/home/achraftm/STM32CubeMP13/Drivers/STM32MP13xx_HAL_Driver/Src/stm32mp13xx_hal_rcc.c:2244:13:HAL_RCC_GetPLL4ClockFreq	4	static
/local/home/achraftm/STM32CubeMP13/Drivers/STM32MP13xx_HAL_Driver/Src/stm32mp13xx_hal_rcc.c:2576:10:RCC_GetCKPERFreq	0	static
/local/home/achraftm/STM32CubeMP13/Drivers/STM32MP13xx_HAL_Driver/Src/stm32mp13xx_hal_rcc.c:2623:10:HAL_RCC_GetMPUSSFreq	24	static
/local/home/achraftm/STM32CubeMP13/Drivers/STM32MP13xx_HAL_Driver/Src/stm32mp13xx_hal_rcc.c:2616:10:HAL_RCC_GetSystemCoreClockFreq	8	static
/local/home/achraftm/STM32CubeMP13/Drivers/STM32MP13xx_HAL_Driver/Src/stm32mp13xx_hal_rcc.c:464:26:HAL_RCC_OscConfig	16	static
/local/home/achraftm/STM32CubeMP13/Drivers/STM32MP13xx_HAL_Driver/Src/stm32mp13xx_hal_rcc.c:1312:19:RCC_MPUConfig	8	static
/local/home/achraftm/STM32CubeMP13/Drivers/STM32MP13xx_HAL_Driver/Src/stm32mp13xx_hal_rcc.c:1144:19:HAL_RCC_ClockConfig	16	static
/local/home/achraftm/STM32CubeMP13/Drivers/STM32MP13xx_HAL_Driver/Src/stm32mp13xx_hal_rcc.c:2677:10:HAL_RCC_GetAXISSFreq	24	static
/local/home/achraftm/STM32CubeMP13/Drivers/STM32MP13xx_HAL_Driver/Src/stm32mp13xx_hal_rcc.c:2445:10:HAL_RCC_GetACLKFreq	8	static
/local/home/achraftm/STM32CubeMP13/Drivers/STM32MP13xx_HAL_Driver/Src/stm32mp13xx_hal_rcc.c:2405:10:HAL_RCC_GetPCLK4Freq	8	static
/local/home/achraftm/STM32CubeMP13/Drivers/STM32MP13xx_HAL_Driver/Src/stm32mp13xx_hal_rcc.c:2425:10:HAL_RCC_GetPCLK5Freq	8	static
/local/home/achraftm/STM32CubeMP13/Drivers/STM32MP13xx_HAL_Driver/Src/stm32mp13xx_hal_rcc.c:2466:10:HAL_RCC_GetHCLK5Freq	8	static
/local/home/achraftm/STM32CubeMP13/Drivers/STM32MP13xx_HAL_Driver/Src/stm32mp13xx_hal_rcc.c:2477:10:HAL_RCC_GetHCLK6Freq	8	static
/local/home/achraftm/STM32CubeMP13/Drivers/STM32MP13xx_HAL_Driver/Src/stm32mp13xx_hal_rcc.c:2713:10:HAL_RCC_GetMLAHBSSFreq	24	static
/local/home/achraftm/STM32CubeMP13/Drivers/STM32MP13xx_HAL_Driver/Src/stm32mp13xx_hal_rcc.c:2544:10:HAL_RCC_GetMLAHBFreq	8	static
/local/home/achraftm/STM32CubeMP13/Drivers/STM32MP13xx_HAL_Driver/Src/stm32mp13xx_hal_rcc.c:2321:10:HAL_RCC_GetPCLK1Freq	8	static
/local/home/achraftm/STM32CubeMP13/Drivers/STM32MP13xx_HAL_Driver/Src/stm32mp13xx_hal_rcc.c:2342:10:HAL_RCC_GetPCLK2Freq	8	static
/local/home/achraftm/STM32CubeMP13/Drivers/STM32MP13xx_HAL_Driver/Src/stm32mp13xx_hal_rcc.c:2362:10:HAL_RCC_GetPCLK3Freq	8	static
/local/home/achraftm/STM32CubeMP13/Drivers/STM32MP13xx_HAL_Driver/Src/stm32mp13xx_hal_rcc.c:2383:10:HAL_RCC_GetPCLK6Freq	8	static
/local/home/achraftm/STM32CubeMP13/Drivers/STM32MP13xx_HAL_Driver/Src/stm32mp13xx_hal_rcc.c:2488:10:HAL_RCC_GetHCLK1Freq	8	static
/local/home/achraftm/STM32CubeMP13/Drivers/STM32MP13xx_HAL_Driver/Src/stm32mp13xx_hal_rcc.c:2499:10:HAL_RCC_GetHCLK2Freq	8	static
/local/home/achraftm/STM32CubeMP13/Drivers/STM32MP13xx_HAL_Driver/Src/stm32mp13xx_hal_rcc.c:2510:10:HAL_RCC_GetHCLK3Freq	8	static
/local/home/achraftm/STM32CubeMP13/Drivers/STM32MP13xx_HAL_Driver/Src/stm32mp13xx_hal_rcc.c:2521:10:HAL_RCC_GetHCLK4Freq	8	static
/local/home/achraftm/STM32CubeMP13/Drivers/STM32MP13xx_HAL_Driver/Src/stm32mp13xx_hal_rcc.c:2532:10:HAL_RCC_GetMLHCLKFreq	8	static
/local/home/achraftm/STM32CubeMP13/Drivers/STM32MP13xx_HAL_Driver/Src/stm32mp13xx_hal_rcc.c:2565:10:HAL_RCC_GetFCLKFreq	8	static
/local/home/achraftm/STM32CubeMP13/Drivers/STM32MP13xx_HAL_Driver/Src/stm32mp13xx_hal_rcc.c:2781:13:HAL_RCC_Callback	0	static
/local/home/achraftm/STM32CubeMP13/Drivers/STM32MP13xx_HAL_Driver/Src/stm32mp13xx_hal_rcc.c:2751:6:HAL_RCC_IRQHandler	8	static
/local/home/achraftm/STM32CubeMP13/Drivers/STM32MP13xx_HAL_Driver/Src/stm32mp13xx_hal_rcc.c:2815:13:HAL_RCC_WAKEUP_Callback	0	static
/local/home/achraftm/STM32CubeMP13/Drivers/STM32MP13xx_HAL_Driver/Src/stm32mp13xx_hal_rcc.c:2797:6:HAL_RCC_WAKEUP_IRQHandler	8	static
