/local/home/achraftm/STM32CubeMP13/Drivers/STM32MP13xx_HAL_Driver/Src/stm32mp13xx_hal_dma.c:1357:13:DMA_SetConfig	12	static
/local/home/achraftm/STM32CubeMP13/Drivers/STM32MP13xx_HAL_Driver/Src/stm32mp13xx_hal_dma.c:1405:17:DMA_CalcBaseAndBitshift	0	static
/local/home/achraftm/STM32CubeMP13/Drivers/STM32MP13xx_HAL_Driver/Src/stm32mp13xx_hal_dma.c:1433:26:DMA_CheckFifoParam	0	static
/local/home/achraftm/STM32CubeMP13/Drivers/STM32MP13xx_HAL_Driver/Src/stm32mp13xx_hal_dma.c:1527:13:DMA_CalcDMAMUXChannelBaseAndMask	0	static
/local/home/achraftm/STM32CubeMP13/Drivers/STM32MP13xx_HAL_Driver/Src/stm32mp13xx_hal_dma.c:1562:13:DMA_CalcDMAMUXRequestGenBaseAndMask	0	static
/local/home/achraftm/STM32CubeMP13/Drivers/STM32MP13xx_HAL_Driver/Src/stm32mp13xx_hal_dma.c:174:19:HAL_DMA_Init	16	static
/local/home/achraftm/STM32CubeMP13/Drivers/STM32MP13xx_HAL_Driver/Src/stm32mp13xx_hal_dma.c:374:19:HAL_DMA_DeInit	8	static
/local/home/achraftm/STM32CubeMP13/Drivers/STM32MP13xx_HAL_Driver/Src/stm32mp13xx_hal_dma.c:493:19:HAL_DMA_Start	24	static
/local/home/achraftm/STM32CubeMP13/Drivers/STM32MP13xx_HAL_Driver/Src/stm32mp13xx_hal_dma.c:549:19:HAL_DMA_Start_IT	24	static
/local/home/achraftm/STM32CubeMP13/Drivers/STM32MP13xx_HAL_Driver/Src/stm32mp13xx_hal_dma.c:634:19:HAL_DMA_Abort	16	static
/local/home/achraftm/STM32CubeMP13/Drivers/STM32MP13xx_HAL_Driver/Src/stm32mp13xx_hal_dma.c:720:19:HAL_DMA_Abort_IT	0	static
/local/home/achraftm/STM32CubeMP13/Drivers/STM32MP13xx_HAL_Driver/Src/stm32mp13xx_hal_dma.c:757:19:HAL_DMA_PollForTransfer	32	static
/local/home/achraftm/STM32CubeMP13/Drivers/STM32MP13xx_HAL_Driver/Src/stm32mp13xx_hal_dma.c:927:6:HAL_DMA_IRQHandler	32	static
/local/home/achraftm/STM32CubeMP13/Drivers/STM32MP13xx_HAL_Driver/Src/stm32mp13xx_hal_dma.c:1160:19:HAL_DMA_RegisterCallback	0	static
/local/home/achraftm/STM32CubeMP13/Drivers/STM32MP13xx_HAL_Driver/Src/stm32mp13xx_hal_dma.c:1229:19:HAL_DMA_UnRegisterCallback	0	static
/local/home/achraftm/STM32CubeMP13/Drivers/STM32MP13xx_HAL_Driver/Src/stm32mp13xx_hal_dma.c:1320:22:HAL_DMA_GetState	0	static
/local/home/achraftm/STM32CubeMP13/Drivers/STM32MP13xx_HAL_Driver/Src/stm32mp13xx_hal_dma.c:1331:10:HAL_DMA_GetError	0	static
