/local/home/achraftm/STM32CubeMP13/Drivers/STM32MP13xx_HAL_Driver/Src/stm32mp13xx_hal_rtc.c:912:13:HAL_RTC_MspInit	0	static
/local/home/achraftm/STM32CubeMP13/Drivers/STM32MP13xx_HAL_Driver/Src/stm32mp13xx_hal_rtc.c:927:13:HAL_RTC_MspDeInit	0	static
/local/home/achraftm/STM32CubeMP13/Drivers/STM32MP13xx_HAL_Driver/Src/stm32mp13xx_hal_rtc.c:1709:19:HAL_RTC_DeactivateAlarm	16	static
/local/home/achraftm/STM32CubeMP13/Drivers/STM32MP13xx_HAL_Driver/Src/stm32mp13xx_hal_rtc.c:1908:13:HAL_RTC_AlarmAEventCallback	0	static
/local/home/achraftm/STM32CubeMP13/Drivers/STM32MP13xx_HAL_Driver/Src/stm32mp13xx_hal_rtc.c:1869:6:HAL_RTC_AlarmIRQHandler	16	static
/local/home/achraftm/STM32CubeMP13/Drivers/STM32MP13xx_HAL_Driver/Src/stm32mp13xx_hal_rtc.c:1924:19:HAL_RTC_PollForAlarmAEvent	16	static
/local/home/achraftm/STM32CubeMP13/Drivers/STM32MP13xx_HAL_Driver/Src/stm32mp13xx_hal_rtc.c:1982:19:HAL_RTC_WaitForSynchro	8	static
/local/home/achraftm/STM32CubeMP13/Drivers/STM32MP13xx_HAL_Driver/Src/stm32mp13xx_hal_rtc.c:2027:21:HAL_RTC_GetState	0	static
/local/home/achraftm/STM32CubeMP13/Drivers/STM32MP13xx_HAL_Driver/Src/stm32mp13xx_hal_rtc.c:2050:19:RTC_EnterInitMode	16	static
/local/home/achraftm/STM32CubeMP13/Drivers/STM32MP13xx_HAL_Driver/Src/stm32mp13xx_hal_rtc.c:2082:19:RTC_ExitInitMode	8	static
/local/home/achraftm/STM32CubeMP13/Drivers/STM32MP13xx_HAL_Driver/Src/stm32mp13xx_hal_rtc.c:268:19:HAL_RTC_Init	16	static
/local/home/achraftm/STM32CubeMP13/Drivers/STM32MP13xx_HAL_Driver/Src/stm32mp13xx_hal_rtc.c:416:19:HAL_RTC_DeInit	16	static
/local/home/achraftm/STM32CubeMP13/Drivers/STM32MP13xx_HAL_Driver/Src/stm32mp13xx_hal_rtc.c:2120:9:RTC_ByteToBcd2	0	static
/local/home/achraftm/STM32CubeMP13/Drivers/STM32MP13xx_HAL_Driver/Src/stm32mp13xx_hal_rtc.c:2139:9:RTC_Bcd2ToByte	0	static
/local/home/achraftm/STM32CubeMP13/Drivers/STM32MP13xx_HAL_Driver/Src/stm32mp13xx_hal_rtc.c:968:19:HAL_RTC_SetTime	24	static
/local/home/achraftm/STM32CubeMP13/Drivers/STM32MP13xx_HAL_Driver/Src/stm32mp13xx_hal_rtc.c:1088:19:HAL_RTC_GetTime	24	static
/local/home/achraftm/STM32CubeMP13/Drivers/STM32MP13xx_HAL_Driver/Src/stm32mp13xx_hal_rtc.c:1138:19:HAL_RTC_SetDate	16	static
/local/home/achraftm/STM32CubeMP13/Drivers/STM32MP13xx_HAL_Driver/Src/stm32mp13xx_hal_rtc.c:1222:19:HAL_RTC_GetDate	24	static
/local/home/achraftm/STM32CubeMP13/Drivers/STM32MP13xx_HAL_Driver/Src/stm32mp13xx_hal_rtc.c:1282:19:HAL_RTC_SetAlarm	24	static
/local/home/achraftm/STM32CubeMP13/Drivers/STM32MP13xx_HAL_Driver/Src/stm32mp13xx_hal_rtc.c:1496:19:HAL_RTC_SetAlarm_IT	24	static
/local/home/achraftm/STM32CubeMP13/Drivers/STM32MP13xx_HAL_Driver/Src/stm32mp13xx_hal_rtc.c:1763:19:HAL_RTC_GetAlarm	16	static
