/local/home/achraftm/STM32CubeMP13/Drivers/STM32MP13xx_HAL_Driver/Src/stm32mp13xx_hal_pwr.c:99:6:HAL_PWR_EnableBkUpAccess	0	static
/local/home/achraftm/STM32CubeMP13/Drivers/STM32MP13xx_HAL_Driver/Src/stm32mp13xx_hal_pwr.c:112:6:HAL_PWR_DisableBkUpAccess	0	static
/local/home/achraftm/STM32CubeMP13/Drivers/STM32MP13xx_HAL_Driver/Src/stm32mp13xx_hal_pwr.c:260:6:HAL_PWR_ConfigPVD	8	static
/local/home/achraftm/STM32CubeMP13/Drivers/STM32MP13xx_HAL_Driver/Src/stm32mp13xx_hal_pwr.c:295:6:HAL_PWR_EnablePVD	0	static
/local/home/achraftm/STM32CubeMP13/Drivers/STM32MP13xx_HAL_Driver/Src/stm32mp13xx_hal_pwr.c:305:6:HAL_PWR_DisablePVD	0	static
/local/home/achraftm/STM32CubeMP13/Drivers/STM32MP13xx_HAL_Driver/Src/stm32mp13xx_hal_pwr.c:336:6:HAL_PWR_EnableWakeUpPin	8	static
/local/home/achraftm/STM32CubeMP13/Drivers/STM32MP13xx_HAL_Driver/Src/stm32mp13xx_hal_pwr.c:392:6:HAL_PWR_DisableWakeUpPin	8	static
/local/home/achraftm/STM32CubeMP13/Drivers/STM32MP13xx_HAL_Driver/Src/stm32mp13xx_hal_pwr.c:413:6:HAL_PWR_EnableWakeUpPinIT	8	static
/local/home/achraftm/STM32CubeMP13/Drivers/STM32MP13xx_HAL_Driver/Src/stm32mp13xx_hal_pwr.c:460:6:HAL_PWR_DisableWakeUpPinIT	8	static
/local/home/achraftm/STM32CubeMP13/Drivers/STM32MP13xx_HAL_Driver/Src/stm32mp13xx_hal_pwr.c:514:6:HAL_PWR_EnterSLEEPMode	8	static,ignoring_inline_asm
/local/home/achraftm/STM32CubeMP13/Drivers/STM32MP13xx_HAL_Driver/Src/stm32mp13xx_hal_pwr.c:565:6:HAL_PWR_EnterSTOPMode	16	static,ignoring_inline_asm
/local/home/achraftm/STM32CubeMP13/Drivers/STM32MP13xx_HAL_Driver/Src/stm32mp13xx_hal_pwr.c:643:6:HAL_PWR_EnterLPLVStop2Mode	8	static,ignoring_inline_asm
/local/home/achraftm/STM32CubeMP13/Drivers/STM32MP13xx_HAL_Driver/Src/stm32mp13xx_hal_pwr.c:699:6:HAL_PWR_EnterSTANDBYMode	0	static,ignoring_inline_asm
/local/home/achraftm/STM32CubeMP13/Drivers/STM32MP13xx_HAL_Driver/Src/stm32mp13xx_hal_pwr.c:745:6:HAL_PWR_EnableSleepOnExit	0	static
/local/home/achraftm/STM32CubeMP13/Drivers/STM32MP13xx_HAL_Driver/Src/stm32mp13xx_hal_pwr.c:756:6:HAL_PWR_DisableSleepOnExit	0	static
/local/home/achraftm/STM32CubeMP13/Drivers/STM32MP13xx_HAL_Driver/Src/stm32mp13xx_hal_pwr.c:766:6:HAL_PWR_EnableSEVOnPend	0	static
/local/home/achraftm/STM32CubeMP13/Drivers/STM32MP13xx_HAL_Driver/Src/stm32mp13xx_hal_pwr.c:776:6:HAL_PWR_DisableSEVOnPend	0	static
/local/home/achraftm/STM32CubeMP13/Drivers/STM32MP13xx_HAL_Driver/Src/stm32mp13xx_hal_pwr.c:784:13:HAL_PWR_PVDCallback	0	static
